03-02 02:37:00.022   788  2926 D IMSCLIENT: TransactionObject.c:825:      0x1 TRANSACTION : INFO  - TransactionCreate - Transaction 0x0x4f4c2aa8: Was successfully created
03-02 02:37:00.022   788  2926 D IMSCLIENT: AdsRlist.c:397:      0x1 TRANSACTION : INFO  - RLIST_RPoolListConstruct - (hPool=0x0x4f23b054,hPage=0x0x4f23cda0,elementSize=4)
03-02 02:37:00.022   788  2926 D IMSCLIENT: TransactionCallBacks.c:443:      0x1 TRANSACTION : INFO  - TransactionCallbackCallTranscCreatedEv - Transaction 0x0x4f4c2aa8 
03-02 02:37:00.022   788  2926 W IMSCLIENT: IMS_OSservice.cpp:373: Critical Region ID (0) has not created.
03-02 02:37:00.022   788  2926 V IMSCLIENT: IMS_ENG_transactionMgr.cpp:2072: IMS_ENG_transactionMgr: Token address:511f79ec  Token Owner:0
03-02 02:37:00.022   788  2926 W IMSCLIENT: IMS_OSservice.cpp:418: Critical Region ID (0) has not created.
03-02 02:37:00.022   788  2926 I IMSCLIENT: IMS_ENG_transactionMgr.cpp:1800: PopulateTokenAttributes: New incoming transaction with method: MESSAGE
03-02 02:37:00.022   788  2926 V IMSCLIENT: IMS_ENG_transactionToken.cpp:1486: SetMethodType: Method enum type: 0
03-02 02:37:00.022   788  2926 I IMSCLIENT: IMS_ENG_transactionMgr.cpp:1827: PopulateTokenAttributes: Warning: Unable to get Event: header value
03-02 02:37:00.022   788  2926 V IMSCLIENT: IMS_ENG_transactionToken.cpp:1367: SetMediaType: Setting contentType to: 0
03-02 02:37:00.022   788  2926 V IMSCLIENT: IMS_ENG_transactionToken.cpp:1097: SetContentSubTypeStr: Passed-in type is vnd.3gpp2.sms
03-02 02:37:00.022   788  2926 I IMSCLIENT: IMS_ENG_transactionToken.cpp:502: GetSessionParamsFromTransc: Retrieved session params from transaction with IP: 2600:100f:810e:4dea::101
03-02 02:37:00.022   788  2926 V IMSCLIENT: IMS_ENG_transactionToken.cpp:1267: SetFromAddress: Setting From address: tel:+19712351995
03-02 02:37:00.022   788  2926 V IMSCLIENT: IMS_ENG_config.cpp:555: FreePage attempting to free page 4f232220 from pool 4f227054
03-02 02:37:00.022   788  2926 V IMSCLIENT: IMS_ENG_config.cpp:570: After FreePage: 64 allocated pages, 5 pages used, 6 max usage
03-02 02:37:00.030   788  2926 I IMSCLIENT: IMS_ENG_transactionToken.cpp:502: GetSessionParamsFromTransc: Retrieved session params from transaction with IP: 2600:100f:810e:4dea::101
03-02 02:37:00.030   788  2926 V IMSCLIENT: IMS_ENG_config.cpp:555: FreePage attempting to free page 4f22aea0 from pool 4f227054
03-02 02:37:00.030   788  2926 V IMSCLIENT: IMS_ENG_config.cpp:570: After FreePage: 64 allocated pages, 5 pages used, 6 max usage
03-02 02:37:00.030   788  2926 I IMSCLIENT: IMS_ENG_transactionMgr.cpp:1312: Successfully populated token 0x511f79ec attributes from incoming message
03-02 02:37:00.030   788  2926 I IMSCLIENT: IMS_ENG_transactionMgr.cpp:951: IMS_ENG_transactionMgr: HandleMsgReceivedEv called.
03-02 02:37:00.030   788  2926 D IMSCLIENT: TransactionObject.c:5244:      0x1 TRANSACTION : INFO  - TransactionChangeState - Transaction 0x0x4f4c2aa8: state changed to Server General Request Rcvd
03-02 02:37:00.030   788  2926 I IMSCLIENT: IMS_ENG_transactionMgr.cpp:1182: HandleStateChangeEv: HandleStateChangestate state 1, reason 5
03-02 02:37:00.030   788  2926 I IMSCLIENT: IMS_ENG_transactionToken.cpp:726: ReadMessageBody: Read message body. len:73, mediaType:4, mediaSubType=9
03-02 02:37:00.030   788  2926 I IMSCLIENT: IMS_ENG_transactionMgr.cpp:1454: IMS_ENG_transactionMgr: Notify subscribers of incoming (MT) message
03-02 02:37:00.030   788  2926 V IMSCLIENT: IMS_ENG_transactionMgr.cpp:1484: IMS_ENG_transactionMgr: Notify subscriber of methodType: 0, eventType: -1, index: 0
03-02 02:37:00.030   788  2926 V IMSCLIENT: IMS_SMS_EventSubscriber.cpp:137: NotifyIncomingTransaction: Incoming SMS subscriber called.
03-02 02:37:00.030   788  2926 D IMSCLIENT: IMS_SMS_EventSubscriber.cpp:187: NotifyIncomingTransaction : ##### pUri sip:+19712351995@vzims.com smsToHeader tel:+19712351995
03-02 02:37:00.030   788  2926 D IMSCLIENT: IMS_SMS_EventSubscriber.cpp:216: NotifyIncomingTransaction: UE MDN matches SMS To Header (1995) => passing up SMS
03-02 02:37:00.030   788  2926 D IMSCLIENT: IMS_SMS_EventSubscriber.cpp:258: NotifyIncomingTransaction: MsgId:0x511f79ec, Length:72
03-02 02:37:00.030   788  2926 I IMSC-JNI: imsc_sms_callback: RegID=0, EventType = 1
03-02 02:37:00.030   788  2926 I IMSC-JNI: SmsReceived.pContentSubTypeStr: vnd.3gpp2.sms.
03-02 02:37:00.030   788   994 I IMSCNative: onSmsMtCallback: IMS-SMS-MT event:
03-02 02:37:00.030   788   994 I IMSCNative: mRegId: 0
03-02 02:37:00.030   788   994 I IMSCNative: mMsgId: 0x511f79ec
03-02 02:37:00.030   788   994 I IMSCNative: mResponse: -2 -- not initialized
03-02 02:37:00.030   788   994 I IMSCNative: mFromAddr: tel:+19712351995
03-02 02:37:00.030   788   994 I IMSCNative: mMsgFormat: 0 -- 3gpp2
03-02 02:37:00.030   788   994 I IMSCNative: mSmsBody: 
03-02 02:37:00.030   788   994 I IMSCNative: 00 00 02 10 02 02 07 02 A5 C4 8D _F _e 40 08 _8 00 03 14 A1 
03-02 02:37:00.030   788   994 I IMSCNative: _p 01 29 11 _f CE 7B D0 _r CB B7 2E DC _Y _y 20 C3 B3 _b 0C 
03-02 02:37:00.030   788   994 I IMSCNative: 7B F6 ED C3 BB 27 _4 1C FA _a E5 D1 07 7D 3D _4 20 C2 81 12 
03-02 02:37:00.030   788   994 I IMSCNative: _7 E8 85 00 03 06 14 03 02 02 _6 _B 
03-02 02:37:00.030   788   994 I IMSCSmsService: onSmsMtCallback: IMS-SMS-MT event:
03-02 02:37:00.030   788   994 I IMSCSmsService: mRegId: 1
03-02 02:37:00.030   788   994 I IMSCSmsService: mMsgId: 0x511f79ec
03-02 02:37:00.030   788   994 I IMSCSmsService: mResponse: -2 -- not initialized
03-02 02:37:00.030   788   994 I IMSCSmsService: mFromAddr: tel:+19712351995
03-02 02:37:00.030   788   994 I IMSCSmsService: mMsgFormat: 0 -- 3gpp2
03-02 02:37:00.030   788   994 I IMSCSmsService: mSmsBody: 
03-02 02:37:00.030   788   994 I IMSCSmsService: 00 00 02 10 02 02 07 02 A5 C4 8D _F _e 40 08 _8 00 03 14 A1 
03-02 02:37:00.030   788   994 I IMSCSmsService: _p 01 29 11 _f CE 7B D0 _r CB B7 2E DC _Y _y 20 C3 B3 _b 0C 
03-02 02:37:00.030   788   994 I IMSCSmsService: 7B F6 ED C3 BB 27 _4 1C FA _a E5 D1 07 7D 3D _4 20 C2 81 12 
03-02 02:37:00.030   788   994 I IMSCSmsService: _7 E8 85 00 03 06 14 03 02 02 _6 _B 
03-02 02:37:00.030   704  3763 I SmsOnImsService: onMessageReceived regId:1 msgId:1361017324 fromAddress:tel:+19712351995 format:0 body:[B@424275b0
03-02 02:37:00.030   704  3763 D ImsSMSDispatcher: processMessageReceived
03-02 02:37:00.030   788   994 I IMSC-JNI: imsc_native_sms_sendResponse
03-02 02:37:00.030   788   994 V IMSCLIENT: IMS_Client_SMS_API.cpp:339: IMSC_SMS_SendResponse: called (regId=1 respCode=13 msgId=1361017324 ...
03-02 02:37:00.030   788   994 V IMSCLIENT: IMS_Client_SMS_API.cpp:340: IMSC_SMS_SendResponse: ... msg=0x0 msgLen=0)
03-02 02:37:00.030   788   994 I IMSCLIENT: IMS_SMS_Manager.cpp:997: SendSmsResponse: Response MsgBody len: 0
03-02 02:37:00.030   788   994 V IMSCLIENT: IMS_SMS_Manager.cpp:1017: SendSmsResponse: Posted msg_SendSmsResponse() on queue.
03-02 02:37:00.030   788   994 V IMSCLIENT: IMS_Client_SMS_API.cpp:360: IMSC_SMS_SendResponse: return status=1
03-02 02:37:00.030   788   994 I IMSCSmsService: The MT message response sent, regId: 1 msgId:1361017324 response:13 result:true
03-02 02:37:00.030   704  3763 D ImsSMSDispatcher: ACK ims sms(ok)
03-02 02:37:00.038   704  3763 D ImsSMSDispatcher: MT SIP PDU: 0000021002020702A5C48D4665400838000314A17001291166CE7BD072CBB72EDC597920C3B3620C7BF6EDC3BB27341CFA61E5D1077D3D3420C2811237E885000306140302023642
03-02 02:37:00.038   704  3763 D ImsSMSDispatcher: process 3gpp2 sms
03-02 02:37:00.038   704   704 D SMSDispatcher: mtSmsTracker.mtDeliveredBy= 3
03-02 02:37:00.038   704   704 D CdmaSMSDispatcher: rawPdu.length= 94, rawPdu= 00 00 00 00 00 00 10 02 00 00 00 00 00 00 00 00 0a 39 37 31 32 33 35 31 39 39 35 00 00 00 00 00 00 00 00 00 00 38 00 03 14 a1 70 01 29 11 66 ce 7b d0 72 cb b7 2e dc 59 79 20 c3 b3 62 0c 7b f6 ed c3 bb 27 34 1c fa 61 e5 d1 07 7d 3d 34 20 c2 81 12 37 e8 85 00 03 06 14 03 02 02 36 42 
03-02 02:37:00.038   704   704 D CdmaSMSDispatcher: inside the dispatch, Condition is failed for cmas message
03-02 02:37:00.038   704  3763 D ImsSMSDispatcher: Prepare beep for sms!
03-02 02:37:00.053   704   704 D SMSDispatcher: deliveredBy=3
03-02 02:37:00.085   788  2926 V IMSCLIENT: IMS_ENG_transactionMgr.cpp:1626: ParseMessageBody: The message body has been read and notified.
03-02 02:37:00.085   788  2926 D IMSCLIENT: TransportMgrObject.c:694:      0x1 TRANSPORT   : INFO  - TransportMgrFreeRcvBuffer - about to free buffer 0x0x4f27e8a8
03-02 02:37:00.085   788  2926 V IMSCLIENT: IMS_ENG_transactionMgr.cpp:2176: IMS_ENG_transactionMgr: Sending final response: 200 to token: 1361017324
03-02 02:37:00.085   788  2926 D IMSCLIENT: RvSipTransaction.c:1292:      0x1 TRANSACTION : INFO  - RvSipTransactionRespond - Transaction 0x0x4f4c2aa8: going to send response 200
03-02 02:37:00.085   788  2926 D IMSCLIENT: TransactionControl.c:206:      0x1 TRANSACTION : INFO  - TransactionControlSendResponse - Transaction 0x0x4f4c2aa8: about to send 200 response
03-02 02:37:00.085   788  2926 I IMSCLIENT: IMS_ENG_transactionMgr.cpp:1003: IMS_ENG_transactionMgr: HandleMsgToSendEv called.
03-02 02:37:00.085   788  2926 D IMSCLIENT: TransactionControl.c:1294:      0x1 TRANSACTION : INFO  - TransactionGetNextSrvState - Transaction 0x0x4f4c2aa8: method= 8 response= 200 IsReliable= 0 next state= Server General Final Response Sent
03-02 02:37:00.092   788  2926 I IMSCLIENT: IMS_ENG_transactionMgr.cpp:1357: IMS_ENG_transactionMgr: HandleTranscFinalDestResolvedEv called.
03-02 02:37:00.092   788  2926 D IMSCLIENT: _SipTransport.c:1846:      0x1 TRANSPORT   : INFO  - SipTransportUdpSendMessage - Sending message. local-address=[2600:100f:810e:4dea::101]%0:5060. remote-address=2001:4888:7:ff00:fa:104:0:53:5060
03-02 02:37:00.092   788  2926 D IMSCLIENT: TransportMsgBuilder.c:534:      0x1 TRANSPORT   : INFO  - --> SIP/2.0 200 OK
03-02 02:37:00.092   788  2926 D IMSCLIENT: TransportMsgBuilder.c:564:      0x1 TRANSPORT   : INFO  -     From: <tel:+19712351995>;tag=531309bc-254336
03-02 02:37:00.092   788  2926 D IMSCLIENT: TransportMsgBuilder.c:564:      0x1 TRANSPORT   : INFO  -     To: <tel:+19712351995>;tag=4f4c2aa8-20d-13c4-45026-531309cc-37fd6177-531309cc
03-02 02:37:00.092   788  2926 D IMSCLIENT: TransportMsgBuilder.c:564:      0x1 TRANSPORT   : INFO  -     Call-ID: ALU-MAS!000/1019+1-254336@WARE40MAS01
03-02 02:37:00.092   788  2926 D IMSCLIENT: TransportMsgBuilder.c:564:      0x1 TRANSPORT   : INFO  -     CSeq: 1 MESSAGE
03-02 02:37:00.092   788  2926 D IMSCLIENT: TransportMsgBuilder.c:564:      0x1 TRANSPORT   : INFO  -     Via: SIP/2.0/UDP [2001:4888:7:ff00:fa:104:0:53]:5060;branch=z9hG4bK4c583a0c2dcc95b4919d9e7c4fb9a18b;lskpmc=P1B
03-02 02:37:00.092   788  2926 D IMSCLIENT: TransportMsgBuilder.c:564:      0x1 TRANSPORT   : INFO  -     Content-Length: 0
03-02 02:37:00.092   788  2926 D IMSCLIENT: TransportMsgBuilder.c:590:      0x1 TRANSPORT   : INFO  - 
03-02 02:37:00.092   788  2926 D IMSCLIENT: TransactionControl.c:1014:      0x1 TRANSACTION : INFO  - TransactionControlGenerateAndSendResponse - Transaction 0x0x4f4c2aa8: Final Response was sent (rv=0)
03-02 02:37:00.092   788  2926 D IMSCLIENT: TransactionObject.c:5244:      0x1 TRANSACTION : INFO  - TransactionChangeState - Transaction 0x0x4f4c2aa8: state changed to Server General Final Response Sent
03-02 02:37:00.092   788  2926 I IMSCLIENT: IMS_ENG_transactionMgr.cpp:1182: HandleStateChangeEv: HandleStateChangestate state 2, reason 0
03-02 02:37:00.092   788  2926 V IMSCLIENT: IMS_SMS_Manager.cpp:1242: IMS_SMS_Manager: Sent final response message to engine.
03-02 02:37:00.155   577   577 D SizeAdaptiveLayout: com.android.internal.widget.SizeAdaptiveLayout@41e55cd8child view android.widget.FrameLayout@41f08e98 measured out of bounds at 95px clamped to 96px
03-02 02:37:00.186   788   788 I IMSCServer: Receive intent: Intent { act=com.motorola.ims.action.nativetimer flg=0x14 (has extras) } Action: com.motorola.ims.action.nativetimer
03-02 02:37:00.186   788   788 I IMSCNetwork: onNativeTimer
03-02 02:37:00.186   788   788 I IMSC-JNI: imsc_native_mgr_alarmTimeout
03-02 02:37:00.186   788   788 V IMSCLIENT: IMS_Client_API.cpp:837: IMSC_MGR_AlarmTimeout: Called 
03-02 02:37:00.186   788   788 V IMSCLIENT: IMS_ClientMgr.cpp:2726: AlarmTimeout: called
03-02 02:37:00.186   788  2926 V IMSCLIENT: IMS_ClientMgr.cpp:2763: InternalAlarmTimeout: called
03-02 02:37:00.327 21698 21698 V VVMReceiver: onReceive
03-02 02:37:00.327 21698 21698 D VVMReceiver: Subscription state : 3
03-02 02:37:00.327 21698 21698 V VVMReceiver: checkIfVoiceMessage
03-02 02:37:00.358 18873 18873 D SncReceiver: Received Intentandroid.provider.Telephony.SMS_RECEIVED
03-02 02:37:00.358 18873 18873 D SncReceiver: CheckForSNCMessage
03-02 02:37:00.382 18873 18873 D SncReceiver: sms.getDisplayOriginatingAddress(): 9712351995
03-02 02:37:00.382 18873 18873 D SncReceiver: matchShortCode : false
03-02 02:37:00.405 21171 21171 I System.out: -----------SMS msg does not have parameters
03-02 02:37:00.405 21171 21171 V sms     : received SMS is not '//F1' sms!
03-02 02:37:00.413 21413 21413 D something happened: great!
03-02 02:37:00.467 12361 12361 I QACallSmsReceiver: In onReceive to handle #Intent;action=android.provider.Telephony.SMS_RECEIVED;launchFlags=0x10;component=com.motorola.contextual.smartrules/com.motorola.contextual.actions.CallSmsReceiver;i.deliveredBy=3;S.format=3gpp2;end
03-02 02:37:00.538 21713 21713 D SmartCarDockMusicUtils: Cmp2 available
03-02 02:37:00.538 21713 21713 D SmartCarDockMusicUtils: Music Source is :4
03-02 02:37:00.538 21713 21713 D SmartCarDockMusicUtils: bindToMusicService
03-02 02:37:00.538 21713 21713 D SettingUtil: >>>getPreferenceSunRiseAndSunSetTime>>>>
03-02 02:37:00.538 21713 21713 D SettingUtil: >>>getPreferenceSunRiseAndSunSetTime>return value = 6.0
03-02 02:37:00.538 21713 21713 D SettingUtil: >>>getPreferenceSunRiseAndSunSetTime>>>>
03-02 02:37:00.538 21713 21713 D SettingUtil: >>>getPreferenceSunRiseAndSunSetTime>return value = 0.0
03-02 02:37:00.538 21713 21713 D SettingUtil: >>>getPreferenceSunRiseAndSunSetTime>>>>
03-02 02:37:00.538 21713 21713 D SettingUtil: >>>getPreferenceSunRiseAndSunSetTime>return value = 18.0
03-02 02:37:00.538 21713 21713 D SettingUtil: >>>getPreferenceSunRiseAndSunSetTime>>>>
03-02 02:37:00.538 21713 21713 D SettingUtil: >>>getPreferenceSunRiseAndSunSetTime>return value = 0.0
03-02 02:37:00.538 21713 21713 D SettingUtil: SmartCarDockSettingUtil constructor sunrise 6:0 sunset 18:0
03-02 02:37:00.538 21713 21713 D SettingUtil: mDayColor=-1, mNightColor=-5460820
03-02 02:37:00.546 21713 21713 V SmartCarDockCallUtil: isCallActive = false. State = IDLE
03-02 02:37:00.577 21713 21713 D SettingUtil: whetherDisableTTS(), mExternalDisableTTS=false, disable=false
03-02 02:37:00.577 21713 21713 D SettingUtil: componentInfo is ComponentInfo{com.motorola.messaging/com.motorola.messaging.activity.ComposeMessageActivity}
03-02 02:37:00.585 21713 21713 D SmartCarDockSmsReceiver: receive SMS but not in CarDock mode or we are in Active call or we are in Navigation
03-02 02:37:00.624   704   704 D SMSDispatcher: deliveredBy = 3
03-02 02:37:00.632   704   704 D ImsSMSDispatcher: success=true; result=-1; delivered by:3
03-02 02:37:00.632   704   704 E ImsSMSDispatcher: Don't need to ack on SMS layer for SMS over IMS.
03-02 02:37:00.639 12361 21739 I QADatabaseUtilityService: onHandleIntent called. Action is android.provider.Telephony.SMS_RECEIVED
03-02 02:37:00.655 21445 21445 I SmsReceiverService: SMS-STATUS - start sms receiver service, app version=.line=MSG-STAB-02-JB.customer=verizon.device=cdma_spyder.model=DROID RAZR.modelno=.blur version=Blur_Version.98.72.165.XT912.Verizon.en.US.type=user.build=9.8.2O-72_VZW-16-5.release=4.1.2.time=11/21/13 (versionName=4.1.2-5) (versionCode=16) (log=false) (ut=false) (config=false)
03-02 02:37:00.694 12361 12361 I QADatabaseUtilityService: IntentService onDestroy
03-02 02:37:00.764 18873 18874 D dalvikvm: GC_CONCURRENT freed 989K, 11% free 8890K/9955K, paused 40ms+4ms, total 391ms
03-02 02:37:01.710   465   523 V AlarmManager: sending alarm Alarm{42bf3978 type 1 com.metago.astro}
03-02 02:37:02.163   704  3446 D dalvikvm: WAIT_FOR_CONCURRENT_GC blocked 0ms
03-02 02:37:02.186 21445 21614 D Checkin : publish the event [tag = MOT_MSG_STATS_L3 event name = MSG_DELETED]
03-02 02:37:02.194   465   667 D CheckinProvider: isInsertAllowed - The Event with tag=MOT_MSG_STATS_L3 event=MSG_DELETED returnstrue
03-02 02:37:02.264   704  3446 D dalvikvm: GC_EXPLICIT freed 681K, 14% free 12978K/15075K, paused 9ms+20ms, total 101ms
03-02 02:37:02.272   465  4199 V ApplicationInfoUtils: Calling Package Name com.motorola.messaging
03-02 02:37:02.272   465  4199 W ApplicationInfoUtils: CompareAnySignature, Signature Mismatch
03-02 02:37:02.272   465  4199 V ApplicationInfoUtils: Is Preloaded App? true
03-02 02:37:02.272   465  4199 V ApplicationInfoUtils: Metadata for Package com.motorola.messaging matches
03-02 02:37:02.272   465  4199 V ConnectivityService: enforceCheckPermissionforHiPri:Pid=21445ret=true
03-02 02:37:02.342   788  2926 I IMSC-JNI: imsc_mgr_wakeup_alarm_callback: 0, 5930309
03-02 02:37:02.350   788  2926 D IMSCLIENT: TransactionObject.c:901:      0x1 TRANSACTION : INFO  - TransactionTerminate - Transaction 0x0x4f4c2328: Inserting Transaction to the event queue
03-02 02:37:02.350   788   994 I IMSCNative: onMgrWakeupAlarmCallback: 0, timer:5930309
03-02 02:37:02.350   788   994 I IMSCNetwork: onStartAlarmTimer, timeOut: 5930309
03-02 02:37:02.350   788  2926 I IMSC-JNI: imsc_mgr_wakeup_alarm_callback: 0, 7109
03-02 02:37:02.350   788  2926 D IMSCLIENT: TransactionObject.c:5244:      0x1 TRANSACTION : INFO  - TransactionChangeState - Transaction 0x0x4f4c2328: state changed to Terminated
03-02 02:37:02.350   788   994 I IMSCNative: onMgrWakeupAlarmCallback: 0, timer:7109
03-02 02:37:02.350   788   994 I IMSCNetwork: onStartAlarmTimer, timeOut: 7109
03-02 02:37:02.350   788   788 I IMSCServer: Receive intent: Intent { act=com.motorola.ims.action.nativetimer flg=0x14 (has extras) } Action: com.motorola.ims.action.nativetimer
03-02 02:37:02.350   788   788 I IMSCNetwork: onNativeTimer
03-02 02:37:02.350   788  2926 I IMSCLIENT: IMS_ENG_transactionMgr.cpp:1182: HandleStateChangeEv: HandleStateChangestate state 11, reason 3
03-02 02:37:02.350   788  2926 I IMSCLIENT: IMS_ENG_transactionMgr.cpp:1261: HandleStateChangeEv: StatedChanged to TERMINATED.  Removing token 0x515cd6f4
03-02 02:37:02.350   788  2926 I IMSCLIENT: IMS_ENG_transactionMgr.cpp:1993: IMS_ENG_transactionMgr: Removing token at address: 515cd6f4
03-02 02:37:02.350   788  2926 W IMSCLIENT: IMS_OSservice.cpp:373: Critical Region ID (0) has not created.
03-02 02:37:02.350   788  2926 D IMSCLIENT: RvSipTransaction.c:1503:      0x1 TRANSACTION : INFO  - RvSipTransactionTerminate - Transaction 0x0x4f4c2328: terminating transaction
03-02 02:37:02.350   788  2926 W IMSCLIENT: IMS_OSservice.cpp:418: Critical Region ID (0) has not created.
03-02 02:37:02.350   788  2926 D IMSCLIENT: TransactionObject.c:1013:      0x1 TRANSACTION : INFO  - TransactionDestruct - Transaction 0x0x4f4c2328: was destructed
03-02 02:37:02.350   788   788 I IMSC-JNI: imsc_native_mgr_alarmTimeout
03-02 02:37:02.350   788   788 V IMSCLIENT: IMS_Client_API.cpp:837: IMSC_MGR_AlarmTimeout: Called 
03-02 02:37:02.350   788   788 V IMSCLIENT: IMS_ClientMgr.cpp:2726: AlarmTimeout: called
03-02 02:37:02.350   788  2926 V IMSCLIENT: IMS_ClientMgr.cpp:2763: InternalAlarmTimeout: called
03-02 02:37:02.350   465   523 V AlarmManager: sending alarm Alarm{42ae1938 type 0 com.motorola.android.server.ims}
03-02 02:37:02.405 21445 21614 W SmsReceiver: finishStartingService - stop self failed
03-02 02:37:02.405 21713 21713 D SmartCarDockMusicUtils: Cmp2 available
03-02 02:37:02.405 21713 21713 D SmartCarDockMusicUtils: Music Source is :4
03-02 02:37:02.405 21713 21713 D SmartCarDockMusicUtils: bindToMusicService
03-02 02:37:02.405 21713 21713 D SettingUtil: >>>getPreferenceSunRiseAndSunSetTime>>>>
03-02 02:37:02.405 21713 21713 D SettingUtil: >>>getPreferenceSunRiseAndSunSetTime>return value = 6.0
03-02 02:37:02.405 21713 21713 D SettingUtil: >>>getPreferenceSunRiseAndSunSetTime>>>>
03-02 02:37:02.405 21713 21713 D SettingUtil: >>>getPreferenceSunRiseAndSunSetTime>return value = 0.0
03-02 02:37:02.405 21713 21713 D SettingUtil: >>>getPreferenceSunRiseAndSunSetTime>>>>
03-02 02:37:02.405 21713 21713 D SettingUtil: >>>getPreferenceSunRiseAndSunSetTime>return value = 18.0
03-02 02:37:02.405 21713 21713 D SettingUtil: >>>getPreferenceSunRiseAndSunSetTime>>>>
03-02 02:37:02.405 21713 21713 D SettingUtil: >>>getPreferenceSunRiseAndSunSetTime>return value = 0.0
03-02 02:37:02.405 21713 21713 D SettingUtil: SmartCarDockSettingUtil constructor sunrise 6:0 sunset 18:0
03-02 02:37:02.405 21713 21713 D SettingUtil: mDayColor=-1, mNightColor=-5460820
03-02 02:37:02.405 21713 21713 V SmartCarDockCallUtil: isCallActive = false. State = IDLE
03-02 02:37:02.421 21713 21713 D SettingUtil: whetherDisableTTS(), mExternalDisableTTS=false, disable=false
03-02 02:37:02.421 21713 21713 D SettingUtil: componentInfo is ComponentInfo{com.motorola.messaging/com.motorola.messaging.activity.ComposeMessageActivity}
03-02 02:37:02.421 21713 21713 D SmartCarDockSmsReceiver: receive SMS but not in CarDock mode or we are in Active call or we are in Navigation
03-02 02:37:02.491   577   577 D PhoneStatusBar: addNotification score=0
03-02 02:37:02.569   577   577 D SizeAdaptiveLayout: com.android.internal.widget.SizeAdaptiveLayout@423757e0child view android.widget.FrameLayout@423bde58 measured out of bounds at 95px clamped to 96px
03-02 02:37:02.616   704  9488 D MmsSmsProvider: getThreadId: after query count=1
03-02 02:37:02.616   704  9488 D MmsSmsProvider: getThreadId: before return count=1
03-02 02:37:03.077 21445 21614 D Checkin : publish the event [tag = MOT_MSG_STATS_L4 event name = SMS_RECEIVED]
03-02 02:37:03.077   465   465 D CheckinProvider: isInsertAllowed - The Event with tag=MOT_MSG_STATS_L4 event=SMS_RECEIVED returnstrue
03-02 02:37:03.092   704  7511 D MmsSmsProvider: getThreadId: after query count=1
03-02 02:37:03.092   704  7511 D MmsSmsProvider: getThreadId: before return count=1
03-02 02:37:03.092   465  2467 D dalvikvm: WAIT_FOR_CONCURRENT_GC blocked 0ms
03-02 02:37:03.303   465  2467 D dalvikvm: GC_EXPLICIT freed 2668K, 21% free 21699K/27427K, paused 7ms+16ms, total 213ms
03-02 02:37:04.725   465   525 D SensorManager: caller of registerListener:465,sensor type:5
03-02 02:37:04.725   465   523 V AlarmManager: sending alarm Alarm{42596d38 type 1 com.metago.astro}
03-02 02:37:04.803   465   525 I WindowManager: Lock screen displayed!
03-02 02:37:04.811 20304 20304 D ModemStatsService: receive intent android.intent.action.SCREEN_ON
03-02 02:37:04.811 20304 20304 D ModemStatsService: handleDisplayOn, display on = true
03-02 02:37:04.842   577   577 D SizeAdaptiveLayout: com.android.internal.widget.SizeAdaptiveLayout@42299898child view android.widget.FrameLayout@42461cc8 measured out of bounds at 95px clamped to 96px
03-02 02:37:04.858   224   224 E AudioHardwareMot: Error:Unsupported key = screen_state=on
03-02 02:37:04.858   756   756 D PortalService: Portal onReceive: 
03-02 02:37:04.858   756   854 I PortalService: onHandleIntent() action android.intent.action.SCREEN_ON
03-02 02:37:04.858   756   854 D PortalService: Android Display On
03-02 02:37:04.874   704   704 D SensorManager: caller of unregisterListener:704,sensor type: ALL
03-02 02:37:04.889   577   577 D MotoSystemUIUtils: Not on network extender
03-02 02:37:04.889 20304 20304 D ModemStatsService: onDataActivity
03-02 02:37:04.889 20304 20304 D ModemStatsService: direction is 3
03-02 02:37:04.889   577   577 I SBar.NetworkController: onDataActivity: direction=3
03-02 02:37:04.905   577   577 I SBar.NetworkController: refreshSignalCluster: mobile: mHasMobileDataFeature=true DataTypeShown=zz_moto_stat_sys_data_fully_connected_4g_lte Activity=zz_moto_stat_sys_data_fully_connected_signal_inout Accessibility="4 G L T E"
03-02 02:37:04.913 20304 20304 D ModemStatsService: Idle_Duration=778
03-02 02:37:04.960   221   446 D SurfaceFlinger: Screen about to return, flinger = 0x40c3eaf8
03-02 02:37:04.960   221   443 D HWC_HDMI_MOT: Display Active
03-02 02:37:04.960   221   443 D HWC_HDMI_MOT: handle_hdmi_pwrctrl (0/0/1/0)
03-02 02:37:04.960   221   443 D HDMI    : HDMI_SetDisplay (0)
03-02 02:37:04.960   221   443 D HDMI    : HDMI_SetDisplay: Already Off
03-02 02:37:04.960   221   443 D HDMI    : HDMI_SetDetection (1)
03-02 02:37:04.960   221   443 D HDMI_OMAP: hdmiOmap_SetPwrState: Off -> On
03-02 02:37:04.960   221   443 D HDMI_OMAP: hdmiOmap_enableEvents
03-02 02:37:04.960   221   443 D HDMI_HW : hdmiHw_setHpdEnable (1)
03-02 02:37:04.960   221   443 D HDMI_HW : Setting HDMI PwrCtrl State (2)
03-02 02:37:04.960   221 21747 D HDMI_OMAP: hdmiOmap_eventLoop: Entering
03-02 02:37:04.960   465   521 E PowerManagerService: Excessive delay setting brightness: 120ms, mask=2
03-02 02:37:04.991   577   577 D MotoSystemUIUtils: Not on network extender
03-02 02:37:04.991   577   577 I SBar.NetworkController: onSignalStrengthsChanged SignalStrength: 99 -1 -60 -70 -56 -1 7 16 -86 -6 174 9 cdma 0 -108 -1 false 0 0 5 5 4 16 16 99 5 5 5 5 5 5 5 99 level=4
03-02 02:37:04.999   577   577 I SBar.NetworkController: refreshSignalCluster: mobile: Signal=zz_moto_stat_sys_signal_5bar_4_fully Roaming=(none) mSimIconId=(none) Accessibility="Phone signal full.","Not roaming.",""
03-02 02:37:05.014 20304 20304 D ModemStatsService: onSignalStrengthsChanged
03-02 02:37:05.014 20304 20304 D ModemStatsService: CDMA, mRssi=-60, mEcio=-70
03-02 02:37:05.038   577   577 D MotoSystemUIUtils: Not on network extender
03-02 02:37:05.038 20304 20304 D ModemStatsService: onSignalStrengthsChanged
03-02 02:37:05.038 20304 20304 D ModemStatsService: CDMA, mRssi=-60, mEcio=-70
03-02 02:37:05.460   465   525 I RunwayLauncher: dispatchGrabbedEvent whichHandle2
03-02 02:37:05.483   465   525 I RunwayLauncher: dispatchGrabbedEvent whichHandle2
03-02 02:37:05.507   465   525 I RunwayLauncher: dispatchTriggerEvent whichHandle2
03-02 02:37:05.546   577   577 D PhoneStatusBar: disable: < expand icons alerts ticker system_info BACK HOME recent* CLOCK >
03-02 02:37:05.569  8569  8569 I Verizon Location Agent: Setup SCG service
03-02 02:37:05.600  8569  8569 W dalvikvm: dvmFindClassByName rejecting ''
03-02 02:37:05.600  8569  8569 E SCGAndroidPlatformInitializer: Error initializing platform: com.tcs.la.platform.a.a: Error getting : 
03-02 02:37:05.600  8569  8569 E Verizon Location Agent: Error setting up platform
03-02 02:37:05.600  8569  8569 I Verizon Location Agent: Received start id 51: Intent { cmp=com.telecomsys.android.SCG/.SCGService }
03-02 02:37:05.624   577   577 D PhoneStatusBar: disable: < expand icons alerts ticker system_info back* home* recent clock* >
03-02 02:37:05.710   670   670 W SettingsValues: Cannot load auto correction threshold setting. currentAutoCorrectionSetting: 0, autoCorrectionThresholdValues: [, 0.185, 0.067, 0]
03-02 02:37:05.710   670   670 W SubtypeLocale: KeyboardLayoutSet not found, use QWERTY: locale=en_US extraValue=AsciiCapable,SupportTouchPositionCorrection
03-02 02:37:05.741 21445 21445 W MessageListItem: StatusIndicator: Bind failed
03-02 02:37:05.757 21445 21445 W MessageListItem: StatusIndicator: Bind failed
03-02 02:37:05.819 21445 21445 W IInputConnectionWrapper: clearMetaKeyStates on inactive InputConnection
03-02 02:37:05.819   465  4199 W InputMethodManagerService: Window already focused, ignoring focus gain of: com.android.internal.view.IInputMethodClient$Stub$Proxy@421430e8 attribute=android.view.inputmethod.EditorInfo@4259e998
03-02 02:37:05.827   577   577 D SizeAdaptiveLayout: com.android.internal.widget.SizeAdaptiveLayout@42299898child view android.widget.FrameLayout@42461cc8 measured out of bounds at 95px clamped to 96px
03-02 02:37:05.850 21445 21614 D Checkin : publish the event [tag = MOT_MSG_STATS_L3 event name = MSG_DELETED]
03-02 02:37:05.858   670   670 W SettingsValues: Cannot load auto correction threshold setting. currentAutoCorrectionSetting: 0, autoCorrectionThresholdValues: [, 0.185, 0.067, 0]
03-02 02:37:05.858   670   670 W SubtypeLocale: KeyboardLayoutSet not found, use QWERTY: locale=en_US extraValue=AsciiCapable,SupportTouchPositionCorrection
03-02 02:37:05.866   465  3447 D CheckinProvider: isInsertAllowed - The Event with tag=MOT_MSG_STATS_L3 event=MSG_DELETED returnstrue
03-02 02:37:05.897 20304 20304 D ModemStatsService: onDataActivity
03-02 02:37:05.897 20304 20304 D ModemStatsService: direction is 0
03-02 02:37:05.897 20304 20304 D ModemStatsService: Active_Duration=19
03-02 02:37:05.921   577   577 I SBar.NetworkController: onDataActivity: direction=0
03-02 02:37:05.928   577   577 D MotoSystemUIUtils: Not on network extender
03-02 02:37:05.928   577   577 I SBar.NetworkController: refreshSignalCluster: mobile: mHasMobileDataFeature=true DataTypeShown=zz_moto_stat_sys_data_fully_connected_4g_lte Activity=zz_moto_stat_sys_data_fully_connected_signal_none Accessibility="4 G L T E"
03-02 02:37:05.936   577   577 D SizeAdaptiveLayout: com.android.internal.widget.SizeAdaptiveLayout@42299898child view android.widget.FrameLayout@42461cc8 measured out of bounds at 95px clamped to 96px
03-02 02:37:05.967   670   672 D dalvikvm: GC_CONCURRENT freed 1772K, 17% free 10238K/12259K, paused 12ms+21ms, total 104ms
03-02 02:37:06.038   465  2467 V ApplicationInfoUtils: Calling Package Name com.motorola.messaging
03-02 02:37:06.038   465  2467 W ApplicationInfoUtils: CompareAnySignature, Signature Mismatch
03-02 02:37:06.038   465  2467 V ApplicationInfoUtils: Is Preloaded App? true
03-02 02:37:06.038   465  2467 V ApplicationInfoUtils: Metadata for Package com.motorola.messaging matches
03-02 02:37:06.038   465  2467 V ConnectivityService: enforceCheckPermissionforHiPri:Pid=21445ret=true
03-02 02:37:06.241 21713 21713 D SmartCarDockMusicUtils: Cmp2 available
03-02 02:37:06.241 21713 21713 D SmartCarDockMusicUtils: Music Source is :4
03-02 02:37:06.241 21713 21713 D SmartCarDockMusicUtils: bindToMusicService
03-02 02:37:06.241 21713 21713 D SettingUtil: >>>getPreferenceSunRiseAndSunSetTime>>>>
03-02 02:37:06.241 21713 21713 D SettingUtil: >>>getPreferenceSunRiseAndSunSetTime>return value = 6.0
03-02 02:37:06.241 21713 21713 D SettingUtil: >>>getPreferenceSunRiseAndSunSetTime>>>>
03-02 02:37:06.241 21713 21713 D SettingUtil: >>>getPreferenceSunRiseAndSunSetTime>return value = 0.0
03-02 02:37:06.241 21713 21713 D SettingUtil: >>>getPreferenceSunRiseAndSunSetTime>>>>
03-02 02:37:06.241 21713 21713 D SettingUtil: >>>getPreferenceSunRiseAndSunSetTime>return value = 18.0
03-02 02:37:06.241 21713 21713 D SettingUtil: >>>getPreferenceSunRiseAndSunSetTime>>>>
03-02 02:37:06.241 21713 21713 D SettingUtil: >>>getPreferenceSunRiseAndSunSetTime>return value = 0.0
03-02 02:37:06.249 21713 21713 D SettingUtil: SmartCarDockSettingUtil constructor sunrise 6:0 sunset 18:0
03-02 02:37:06.249 21713 21713 D SettingUtil: mDayColor=-1, mNightColor=-5460820
03-02 02:37:06.249 21713 21713 V SmartCarDockCallUtil: isCallActive = false. State = IDLE
03-02 02:37:06.249 21445 21614 W SmsReceiver: finishStartingService - stop self failed
03-02 02:37:06.257 21713 21713 D SettingUtil: whetherDisableTTS(), mExternalDisableTTS=false, disable=false
03-02 02:37:06.257 21713 21713 D SettingUtil: componentInfo is ComponentInfo{com.motorola.messaging/com.motorola.messaging.activity.ComposeMessageActivity}
03-02 02:37:06.257 21713 21713 D SmartCarDockSmsReceiver: receive SMS but not in CarDock mode or we are in Active call or we are in Navigation
03-02 02:37:06.436   577   577 D PhoneStatusBar: addNotification score=0
03-02 02:37:06.507   577   581 D dalvikvm: GC_CONCURRENT freed 1778K, 34% free 10010K/15139K, paused 12ms+20ms, total 88ms
03-02 02:37:06.530   577   577 D SizeAdaptiveLayout: com.android.internal.widget.SizeAdaptiveLayout@422e8258child view android.widget.FrameLayout@42336258 measured out of bounds at 95px clamped to 96px
03-02 02:37:06.647   704   704 D MdmMoveNotice: onStartMovement! - LTE
03-02 02:37:06.647   704   704 I MdmMoveNotice: sending data to oem ril
03-02 02:37:06.757   704   704 I MdmMoveNotice: handling message...
03-02 02:37:06.858 21445 21445 I Choreographer: Skipped 30 frames!  The application may be doing too much work on its main thread.
03-02 02:37:06.991   704   742 D MmsSmsProvider: getThreadId: after query count=1
03-02 02:37:06.991   704   742 D MmsSmsProvider: getThreadId: before return count=1
03-02 02:37:07.038   465  4199 V ApplicationInfoUtils: Calling Package Name com.motorola.messaging
03-02 02:37:07.038   465  4199 W ApplicationInfoUtils: CompareAnySignature, Signature Mismatch
03-02 02:37:07.038   465  4199 V ApplicationInfoUtils: Is Preloaded App? true
03-02 02:37:07.038   465  4199 V ApplicationInfoUtils: Metadata for Package com.motorola.messaging matches
03-02 02:37:07.038   465  4199 V ConnectivityService: enforceCheckPermissionforHiPri:Pid=21445ret=true
03-02 02:37:07.311 21445 21614 D Checkin : publish the event [tag = MOT_MSG_STATS_L4 event name = SMS_RECEIVED]
03-02 02:37:07.311   465   806 D CheckinProvider: isInsertAllowed - The Event with tag=MOT_MSG_STATS_L4 event=SMS_RECEIVED returnstrue
03-02 02:37:07.436   704 11502 D MmsSmsProvider: getThreadId: after query count=1
03-02 02:37:07.436   704 11502 D MmsSmsProvider: getThreadId: before return count=1
03-02 02:37:07.514 21445 21445 W MessageListItem: StatusIndicator: Bind failed
03-02 02:37:07.522 21445 21445 W MessageListItem: StatusIndicator: Bind failed
03-02 02:37:07.757   465   523 V AlarmManager: sending alarm Alarm{42a213e8 type 1 com.metago.astro}
03-02 02:37:07.819   756   756 D PortalService: Portal onReceive: 
03-02 02:37:07.819   756   854 I PortalService: onHandleIntent() action android.intent.action.CLOSE_SYSTEM_DIALOGS
03-02 02:37:07.819   465   528 I ActivityManager: START {act=android.intent.action.MAIN cat=[android.intent.category.HOME] flg=0x10200000 cmp=com.motorola.blur.home/.Launcher u=0} from pid 465
03-02 02:37:07.983   465   528 D dalvikvm: GC_FOR_ALLOC freed 1613K, 23% free 21212K/27427K, paused 122ms, total 124ms
03-02 02:37:08.007   809   809 W ResourceType: No package identifier when getting value for resource number 0x00000000
03-02 02:37:08.053 21445 21445 W IInputConnectionWrapper: showStatusIcon on inactive InputConnection
03-02 02:37:08.335   465   808 I ActivityManager: No longer want com.google.android.apps.maps:LocationFriendService (pid 20091): hidden #21
03-02 02:37:09.163 21445 21614 D Checkin : publish the event [tag = MOT_MSG_STATS_L3 event name = MSG_DELETED]
03-02 02:37:09.163   465   667 D CheckinProvider: isInsertAllowed - The Event with tag=MOT_MSG_STATS_L3 event=MSG_DELETED returnstrue
03-02 02:37:09.194   465  2672 V ApplicationInfoUtils: Calling Package Name com.motorola.messaging
03-02 02:37:09.194   465  2672 W ApplicationInfoUtils: CompareAnySignature, Signature Mismatch
03-02 02:37:09.194   465  2672 V ApplicationInfoUtils: Is Preloaded App? true
03-02 02:37:09.194   465  2672 V ApplicationInfoUtils: Metadata for Package com.motorola.messaging matches
03-02 02:37:09.194   465  2672 V ConnectivityService: enforceCheckPermissionforHiPri:Pid=21445ret=true
03-02 02:37:09.249   704 11502 D dalvikvm: WAIT_FOR_CONCURRENT_GC blocked 0ms
03-02 02:37:09.311 21713 21713 D SmartCarDockMusicUtils: Cmp2 available
03-02 02:37:09.311 21713 21713 D SmartCarDockMusicUtils: Music Source is :4
03-02 02:37:09.311 21713 21713 D SmartCarDockMusicUtils: bindToMusicService
03-02 02:37:09.311 21713 21713 D SettingUtil: >>>getPreferenceSunRiseAndSunSetTime>>>>
03-02 02:37:09.311 21713 21713 D SettingUtil: >>>getPreferenceSunRiseAndSunSetTime>return value = 6.0
03-02 02:37:09.311 21713 21713 D SettingUtil: >>>getPreferenceSunRiseAndSunSetTime>>>>
03-02 02:37:09.311 21713 21713 D SettingUtil: >>>getPreferenceSunRiseAndSunSetTime>return value = 0.0
03-02 02:37:09.311 21713 21713 D SettingUtil: >>>getPreferenceSunRiseAndSunSetTime>>>>
03-02 02:37:09.311 21713 21713 D SettingUtil: >>>getPreferenceSunRiseAndSunSetTime>return value = 18.0
03-02 02:37:09.311 21713 21713 D SettingUtil: >>>getPreferenceSunRiseAndSunSetTime>>>>
03-02 02:37:09.311 21713 21713 D SettingUtil: >>>getPreferenceSunRiseAndSunSetTime>return value = 0.0
03-02 02:37:09.311 21713 21713 D SettingUtil: SmartCarDockSettingUtil constructor sunrise 6:0 sunset 18:0
03-02 02:37:09.311 21713 21713 D SettingUtil: mDayColor=-1, mNightColor=-5460820
03-02 02:37:09.311 21713 21713 V SmartCarDockCallUtil: isCallActive = false. State = IDLE
03-02 02:37:09.319 21713 21713 D SettingUtil: whetherDisableTTS(), mExternalDisableTTS=false, disable=false
03-02 02:37:09.319 21713 21713 D SettingUtil: componentInfo is ComponentInfo{com.motorola.blur.home/com.motorola.blur.home.Launcher}
03-02 02:37:09.327 21713 21713 D SmartCarDockSmsReceiver: receive SMS but not in CarDock mode or we are in Active call or we are in Navigation
03-02 02:37:09.342   704 11502 D dalvikvm: GC_EXPLICIT freed 526K, 14% free 12965K/15075K, paused 14ms+5ms, total 89ms
03-02 02:37:09.389   577   577 D PhoneStatusBar: addNotification score=0
03-02 02:37:09.460   788   788 I IMSCServer: Receive intent: Intent { act=com.motorola.ims.action.nativetimer flg=0x14 (has extras) } Action: com.motorola.ims.action.nativetimer
03-02 02:37:09.460   788   788 I IMSCNetwork: onNativeTimer
03-02 02:37:09.460   788  2926 I IMSC-JNI: imsc_mgr_wakeup_alarm_callback: 0, 5923193
03-02 02:37:09.460   788   994 I IMSCNative: onMgrWakeupAlarmCallback: 0, timer:5923193
03-02 02:37:09.460   788   994 I IMSCNetwork: onStartAlarmTimer, timeOut: 5923193
03-02 02:37:09.460   788  2926 D IMSCLIENT: TransactionObject.c:901:      0x1 TRANSACTION : INFO  - TransactionTerminate - Transaction 0x0x4f4c2da8: Inserting Transaction to the event queue
03-02 02:37:09.460   788  2926 I IMSC-JNI: imsc_mgr_wakeup_alarm_callback: 0, 2631
03-02 02:37:09.460   465   523 V AlarmManager: sending alarm Alarm{41ff1830 type 0 com.motorola.android.server.ims}
03-02 02:37:09.467   788   788 I IMSC-JNI: imsc_native_mgr_alarmTimeout
03-02 02:37:09.467   788   788 V IMSCLIENT: IMS_Client_API.cpp:837: IMSC_MGR_AlarmTimeout: Called 
03-02 02:37:09.467   788   788 V IMSCLIENT: IMS_ClientMgr.cpp:2726: AlarmTimeout: called
03-02 02:37:09.467   788   994 I IMSCNative: onMgrWakeupAlarmCallback: 0, timer:2631
03-02 02:37:09.467   788   994 I IMSCNetwork: onStartAlarmTimer, timeOut: 2631
03-02 02:37:09.467   788  2926 D IMSCLIENT: TransactionObject.c:5244:      0x1 TRANSACTION : INFO  - TransactionChangeState - Transaction 0x0x4f4c2da8: state changed to Terminated
03-02 02:37:09.467   788  2926 I IMSCLIENT: IMS_ENG_transactionMgr.cpp:1182: HandleStateChangeEv: HandleStateChangestate state 11, reason 3
03-02 02:37:09.467   788  2926 I IMSCLIENT: IMS_ENG_transactionMgr.cpp:1261: HandleStateChangeEv: StatedChanged to TERMINATED.  Removing token 0x411084c4
03-02 02:37:09.467   788  2926 I IMSCLIENT: IMS_ENG_transactionMgr.cpp:1993: IMS_ENG_transactionMgr: Removing token at address: 411084c4
03-02 02:37:09.467   788  2926 W IMSCLIENT: IMS_OSservice.cpp:373: Critical Region ID (0) has not created.
03-02 02:37:09.467   788  2926 D IMSCLIENT: RvSipTransaction.c:1503:      0x1 TRANSACTION : INFO  - RvSipTransactionTerminate - Transaction 0x0x4f4c2da8: terminating transaction
03-02 02:37:09.467   788  2926 W IMSCLIENT: IMS_OSservice.cpp:418: Critical Region ID (0) has not created.
03-02 02:37:09.467   788  2926 D IMSCLIENT: TransactionObject.c:1013:      0x1 TRANSACTION : INFO  - TransactionDestruct - Transaction 0x0x4f4c2da8: was destructed
03-02 02:37:09.467   788  2926 V IMSCLIENT: IMS_ClientMgr.cpp:2763: InternalAlarmTimeout: called
03-02 02:37:10.764   465   523 V AlarmManager: sending alarm Alarm{42b14398 type 1 com.metago.astro}
03-02 02:37:12.100   788  2926 D IMSCLIENT: TransactionObject.c:901:      0x1 TRANSACTION : INFO  - TransactionTerminate - Transaction 0x0x4f4c2aa8: Inserting Transaction to the event queue
03-02 02:37:12.100   788   994 I IMSCNative: onMgrWakeupAlarmCallback: 0, timer:5920559
03-02 02:37:12.100   788   994 I IMSCNetwork: onStartAlarmTimer, timeOut: 5920559
03-02 02:37:12.100   788  2926 D IMSCLIENT: TransactionObject.c:5244:      0x1 TRANSACTION : INFO  - TransactionChangeState - Transaction 0x0x4f4c2aa8: state changed to Terminated
03-02 02:37:12.100   788  2926 I IMSCLIENT: IMS_ENG_transactionMgr.cpp:1182: HandleStateChangeEv: HandleStateChangestate state 11, reason 3
03-02 02:37:12.100   788  2926 I IMSCLIENT: IMS_ENG_transactionMgr.cpp:1261: HandleStateChangeEv: StatedChanged to TERMINATED.  Removing token 0x511f79ec
03-02 02:37:12.100   788  2926 I IMSCLIENT: IMS_ENG_transactionMgr.cpp:1993: IMS_ENG_transactionMgr: Removing token at address: 511f79ec
03-02 02:37:12.100   788  2926 W IMSCLIENT: IMS_OSservice.cpp:373: Critical Region ID (0) has not created.
03-02 02:37:12.100   788  2926 D IMSCLIENT: RvSipTransaction.c:1503:      0x1 TRANSACTION : INFO  - RvSipTransactionTerminate - Transaction 0x0x4f4c2aa8: terminating transaction
03-02 02:37:12.100   788  2926 W IMSCLIENT: IMS_OSservice.cpp:418: Critical Region ID (0) has not created.
03-02 02:37:12.100   788  2926 D IMSCLIENT: TransactionObject.c:1013:      0x1 TRANSACTION : INFO  - TransactionDestruct - Transaction 0x0x4f4c2aa8: was destructed
03-02 02:37:12.100   788  2926 I IMSC-JNI: imsc_mgr_wakeup_alarm_callback: 0, 5920559
03-02 02:37:12.100   465   523 V AlarmManager: sending alarm Alarm{42a74768 type 0 com.motorola.android.server.ims}
03-02 02:37:12.108   788   788 I IMSCServer: Receive intent: Intent { act=com.motorola.ims.action.nativetimer flg=0x14 (has extras) } Action: com.motorola.ims.action.nativetimer
03-02 02:37:12.108   788   788 I IMSCNetwork: onNativeTimer
03-02 02:37:12.116   788   788 I IMSC-JNI: imsc_native_mgr_alarmTimeout
03-02 02:37:12.116   788   788 V IMSCLIENT: IMS_Client_API.cpp:837: IMSC_MGR_AlarmTimeout: Called 
03-02 02:37:12.116   788   788 V IMSCLIENT: IMS_ClientMgr.cpp:2726: AlarmTimeout: called
03-02 02:37:12.116   788  2926 V IMSCLIENT: IMS_ClientMgr.cpp:2763: InternalAlarmTimeout: called
03-02 02:37:12.233   577   577 I SBar.NetworkController: onSignalStrengthsChanged SignalStrength: 99 -1 -60 -70 -56 -1 7 18 -85 -8 194 2147483647 cdma 0 -108 -1 false 0 0 5 5 5 16 16 99 5 5 5 5 5 5 5 99 level=5
03-02 02:37:12.249   577   577 D MotoSystemUIUtils: Not on network extender
03-02 02:37:12.249 20304 20304 D ModemStatsService: onSignalStrengthsChanged
03-02 02:37:12.249 20304 20304 D ModemStatsService: CDMA, mRssi=-60, mEcio=-70
03-02 02:37:12.257   577   577 I SBar.NetworkController: refreshSignalCluster: mobile: Signal=zz_moto_stat_sys_signal_5bar_5_fully Roaming=(none) mSimIconId=(none) Accessibility="Phone signal full.","Not roaming.",""
03-02 02:37:12.616   465   808 I ActivityManager: START {act=android.intent.action.MAIN cat=[android.intent.category.LAUNCHER] flg=0x10200000 cmp=com.motorola.messaging/.activity.ConversationListActivity bnds=[324,822][432,954] u=0} from pid 809
03-02 02:37:12.624   809   809 W ResourceType: No package identifier when getting value for resource number 0x00000000
03-02 02:37:12.702 21445 21472 D dalvikvm: WAIT_FOR_CONCURRENT_GC blocked 0ms
03-02 02:37:12.796 21445 21472 D dalvikvm: GC_EXPLICIT freed 611K, 11% free 9729K/10915K, paused 6ms+10ms, total 94ms
03-02 02:37:13.264   577   577 D MotoSystemUIUtils: Not on network extender
03-02 02:37:13.264 20304 20304 D ModemStatsService: onSignalStrengthsChanged
03-02 02:37:13.264 20304 20304 D ModemStatsService: CDMA, mRssi=-60, mEcio=-70
03-02 02:37:13.264   577   577 I SBar.NetworkController: onSignalStrengthsChanged SignalStrength: 99 -1 -60 -70 -56 -1 7 17 -86 -8 200 2147483647 cdma 0 -108 -1 false 0 0 5 5 4 16 16 99 5 5 5 5 5 5 5 99 level=4
03-02 02:37:13.272   577   577 I SBar.NetworkController: refreshSignalCluster: mobile: Signal=zz_moto_stat_sys_signal_5bar_4_fully Roaming=(none) mSimIconId=(none) Accessibility="Phone signal full.","Not roaming.",""
03-02 02:37:13.483   465  2672 V ApplicationInfoUtils: Calling Package Name com.motorola.messaging
03-02 02:37:13.483   465  2672 W ApplicationInfoUtils: CompareAnySignature, Signature Mismatch
03-02 02:37:13.483   465  2672 V ApplicationInfoUtils: Is Preloaded App? true
03-02 02:37:13.483   465  2672 V ApplicationInfoUtils: Metadata for Package com.motorola.messaging matches
03-02 02:37:13.483   465  2672 V ConnectivityService: enforceCheckPermissionforHiPri:Pid=21445ret=true
03-02 02:37:13.780   465   523 V AlarmManager: sending alarm Alarm{425d6cb0 type 1 com.metago.astro}
03-02 02:37:13.835   465   476 I ActivityManager: START {cmp=com.motorola.messaging/.activity.ComposeMessageActivity (has extras) u=0} from pid 21445
03-02 02:37:14.038   465   476 D dalvikvm: GC_FOR_ALLOC freed 843K, 24% free 21081K/27427K, paused 164ms, total 164ms
03-02 02:37:14.116   465   753 D dalvikvm: WAIT_FOR_CONCURRENT_GC blocked 0ms
03-02 02:37:14.249   465   753 D dalvikvm: GC_EXPLICIT freed 287K, 24% free 21040K/27427K, paused 5ms+9ms, total 136ms
03-02 02:37:14.335 21445 21445 W MessageListItem: StatusIndicator: Bind failed
03-02 02:37:14.350 21445 21445 W MessageListItem: StatusIndicator: Bind failed
03-02 02:37:14.374 21445 21445 W MessageListItem: StatusIndicator: Bind failed
03-02 02:37:14.413 21445 21445 W MessageListItem: StatusIndicator: Bind failed
03-02 02:37:14.460   465   524 I ActivityManager: Displayed com.motorola.messaging/.activity.ComposeMessageActivity: +406ms
03-02 02:37:14.725   465   775 V ApplicationInfoUtils: Calling Package Name com.motorola.messaging
03-02 02:37:14.725   465   775 W ApplicationInfoUtils: CompareAnySignature, Signature Mismatch
03-02 02:37:14.725   465   775 V ApplicationInfoUtils: Is Preloaded App? true
03-02 02:37:14.725   465   775 V ApplicationInfoUtils: Metadata for Package com.motorola.messaging matches
03-02 02:37:14.725   465   775 V ConnectivityService: enforceCheckPermissionforHiPri:Pid=21445ret=true
03-02 02:37:15.053 21445 21445 W MessageListItem: StatusIndicator: Bind failed
03-02 02:37:15.522   465   806 V ApplicationInfoUtils: Calling Package Name com.motorola.messaging
03-02 02:37:15.522   465   806 W ApplicationInfoUtils: CompareAnySignature, Signature Mismatch
03-02 02:37:15.522   465   806 V ApplicationInfoUtils: Is Preloaded App? true
03-02 02:37:15.522   465   806 V ApplicationInfoUtils: Metadata for Package com.motorola.messaging matches
03-02 02:37:15.522   465   806 V ConnectivityService: enforceCheckPermissionforHiPri:Pid=21445ret=true
03-02 02:37:16.796   465   523 V AlarmManager: sending alarm Alarm{429f1df8 type 1 com.metago.astro}
03-02 02:37:19.827   465   523 V AlarmManager: sending alarm Alarm{423e59f0 type 1 com.metago.astro}
03-02 02:37:22.507   577   577 D MotoSystemUIUtils: Not on network extender
03-02 02:37:22.507   577   577 I SBar.NetworkController: onSignalStrengthsChanged SignalStrength: 99 -1 -60 -70 -56 -1 7 16 -85 -5 200 2147483647 cdma 0 -108 -1 false 0 0 5 5 5 16 16 99 5 5 5 5 5 5 5 99 level=5
03-02 02:37:22.514 20304 20304 D ModemStatsService: onSignalStrengthsChanged
03-02 02:37:22.522 20304 20304 D ModemStatsService: CDMA, mRssi=-60, mEcio=-70
03-02 02:37:22.530   577   577 I SBar.NetworkController: refreshSignalCluster: mobile: Signal=zz_moto_stat_sys_signal_5bar_5_fully Roaming=(none) mSimIconId=(none) Accessibility="Phone signal full.","Not roaming.",""
03-02 02:37:22.842   465   523 V AlarmManager: sending alarm Alarm{421f3618 type 1 com.metago.astro}
03-02 02:37:25.866   465   523 V AlarmManager: sending alarm Alarm{41e86a38 type 1 com.metago.astro}
03-02 02:37:28.897   465   523 V AlarmManager: sending alarm Alarm{426450c8 type 1 com.metago.astro}
03-02 02:37:31.921   465   523 V AlarmManager: sending alarm Alarm{426f8b60 type 1 com.metago.astro}
03-02 02:37:34.944   465   523 V AlarmManager: sending alarm Alarm{421846b0 type 1 com.metago.astro}
03-02 02:37:37.967   465   523 V AlarmManager: sending alarm Alarm{422e7f20 type 1 com.metago.astro}
03-02 02:37:39.975 20304 20304 D ModemStatsService: onSignalStrengthsChanged
03-02 02:37:39.975   577   577 I SBar.NetworkController: onSignalStrengthsChanged SignalStrength: 99 -1 -60 -70 -56 -1 7 16 -86 -5 196 2147483647 cdma 0 -108 -1 false 0 0 5 5 4 16 16 99 5 5 5 5 5 5 5 99 level=4
03-02 02:37:39.983   577   577 D MotoSystemUIUtils: Not on network extender
03-02 02:37:39.991 20304 20304 D ModemStatsService: CDMA, mRssi=-60, mEcio=-70
03-02 02:37:39.991   577   577 I SBar.NetworkController: refreshSignalCluster: mobile: Signal=zz_moto_stat_sys_signal_5bar_4_fully Roaming=(none) mSimIconId=(none) Accessibility="Phone signal full.","Not roaming.",""
03-02 02:37:40.999   465   523 V AlarmManager: sending alarm Alarm{42a86640 type 1 com.metago.astro}
03-02 02:37:44.022   465   523 V AlarmManager: sending alarm Alarm{41edc210 type 1 com.metago.astro}
03-02 02:37:45.421   465   521 D SensorManager: caller of unregisterListener:465,sensor type: ALL
03-02 02:37:45.444   221   443 D HWC_HDMI_MOT: Display Inactive
03-02 02:37:45.444   221   443 D HWC_HDMI_MOT: handle_hdmi_pwrctrl (0/0/0/0)
03-02 02:37:45.444   221   443 D HDMI    : HDMI_SetDisplay (0)
03-02 02:37:45.444   221   443 D HDMI    : HDMI_SetDisplay: Already Off
03-02 02:37:45.444   221   443 D HDMI    : HDMI_SetDetection (0)
