--------- beginning of /dev/log/system
03-02 02:10:50.255   577   577 I SBar.NetworkController: onDataActivity: direction=0
03-02 02:10:50.263   577   577 I SBar.NetworkController: refreshSignalCluster: mobile: mHasMobileDataFeature=true DataTypeShown=zz_moto_stat_sys_data_fully_connected_4g_lte Activity=zz_moto_stat_sys_data_fully_connected_signal_none Accessibility="4 G L T E"
03-02 02:10:50.536   465   465 I ActivityManager: No longer want com.android.deskclock (pid 16951): hidden #21
03-02 02:10:50.614   465   476 I ActivityManager: Start proc com.motorola.dockservice for broadcast com.motorola.dockservice/.TargetsValidator$SelfUpgradeHandler: pid=18930 uid=10081 gids={3002, 3001, 1028}
03-02 02:10:51.005   465   808 I ActivityManager: Start proc com.shazam.android for broadcast com.shazam.android/com.shazam.upgrade.AppUpgradeReceiver: pid=18947 uid=10171 gids={3003, 1015, 1028}
03-02 02:10:51.021   465   754 I ActivityManager: No longer want com.motorola.vvm (pid 12479): hidden #21
03-02 02:10:51.388   465   528 I ActivityManager: START {act=android.intent.action.MAIN cat=[android.intent.category.HOME] flg=0x10200000 cmp=com.motorola.blur.home/.Launcher u=0} from pid 465
03-02 02:10:51.747   577   577 I SBar.BatteryController: Show 'discharging': status=3, level=90
03-02 02:10:51.833   577   577 I SBar.BatteryController: Show 'discharging': status=3, level=90
03-02 02:10:51.857   577   577 I SBar.BatteryController: Show 'discharging': status=3, level=90
03-02 02:10:52.021   577   577 I SBar.BatteryController: Show 'discharging': status=3, level=90
03-02 02:10:52.083   465   808 I ActivityManager: No longer want com.motorola.calendar (pid 12428): hidden #21
03-02 02:10:52.333   577   577 I SBar.NetworkController: onDataActivity: direction=3
03-02 02:10:52.341   577   577 I SBar.NetworkController: refreshSignalCluster: mobile: mHasMobileDataFeature=true DataTypeShown=zz_moto_stat_sys_data_fully_connected_4g_lte Activity=zz_moto_stat_sys_data_fully_connected_signal_inout Accessibility="4 G L T E"
03-02 02:10:52.458   465   777 W ActivityManager: Permission Denial: Accessing service ComponentInfo{com.android.vending/com.google.android.finsky.services.LicensingService} from pid=18947, uid=10171 requires com.android.vending.CHECK_LICENSE
03-02 02:10:52.489   577   577 I SBar.BatteryController: Show 'charging': status=2, level=90
03-02 02:10:52.497   465   476 I ActivityManager: No longer want com.android.providers.calendar (pid 12390): hidden #21
03-02 02:10:52.630   465  2668 I ActivityManager: No longer want com.motorola.Dlna (pid 18532): hidden #21
03-02 02:10:52.841   465   753 I ActivityManager: Start proc com.motorola.atcmdlauncher for broadcast com.motorola.atcmdlauncher/.AtUsbReceiver: pid=18985 uid=1000 gids={3003, 1015, 3002, 3001, 1028, 9009, 1004, 2002, 9000, 9002, 9004, 3007, 3005}
03-02 02:10:52.903   465   475 I ActivityManager: No longer want com.motorola.motocast.app (pid 16926): hidden #21
03-02 02:10:52.989   465  2668 I ActivityManager: Start proc com.google.android.apps.maps:LocationFriendService for broadcast com.google.android.apps.maps/com.google.googlenav.friend.reporting.LocationReportingIntentReceiver: pid=18997 uid=10010 gids={3003, 1015, 1028}
03-02 02:10:53.443   465  2671 I ActivityManager: No longer want com.google.android.music:main (pid 18505): hidden #21
03-02 02:10:53.489   465  2669 I ActivityManager: START {act=android.intent.action.MAIN cat=[android.intent.category.LAUNCHER] flg=0x10200000 cmp=com.motorola.messaging/.activity.ConversationListActivity bnds=[324,822][432,954] u=0} from pid 809
03-02 02:10:53.505   577   577 I SBar.NetworkController: onSignalStrengthsChanged SignalStrength: 99 -1 -74 -70 -68 -1 5 12 -97 -9 176 10 cdma 0 -108 -1 false 0 0 5 4 3 16 4 99 5 5 5 5 5 5 5 99 level=3
03-02 02:10:53.513   577   577 I SBar.NetworkController: refreshSignalCluster: mobile: Signal=zz_moto_stat_sys_signal_5bar_3_fully Roaming=(none) mSimIconId=(none) Accessibility="Phone three bars.","Not roaming.",""
03-02 02:10:53.833   577   577 I SBar.BatteryController: Show 'charging': status=2, level=90
03-02 02:10:54.888   465  4199 V ConnectivityService: enforceCheckPermissionforHiPri:Pid=12735ret=true
03-02 02:10:55.114   465   806 V ConnectivityService: enforceCheckPermissionforHiPri:Pid=12735ret=true
03-02 02:10:55.341   577   577 I SBar.NetworkController: onDataActivity: direction=0
03-02 02:10:55.349   577   577 I SBar.NetworkController: refreshSignalCluster: mobile: mHasMobileDataFeature=true DataTypeShown=zz_moto_stat_sys_data_fully_connected_4g_lte Activity=zz_moto_stat_sys_data_fully_connected_signal_none Accessibility="4 G L T E"
03-02 02:10:55.536   465   523 V AlarmManager: sending alarm Alarm{4215b438 type 1 com.metago.astro}
03-02 02:10:55.560   465   775 I ActivityManager: START {cmp=com.motorola.messaging/.activity.ComposeMessageActivity (has extras) u=0} from pid 12735
03-02 02:10:56.021   465   476 V ConnectivityService: enforceCheckPermissionforHiPri:Pid=12735ret=true
03-02 02:10:56.489   465   808 V ConnectivityService: enforceCheckPermissionforHiPri:Pid=12735ret=true
03-02 02:10:56.528   465  4199 V ConnectivityService: enforceCheckPermissionforHiPri:Pid=12735ret=true
03-02 02:10:56.575   465  2668 I ActivityManager: Start proc com.motorola.atcmd.plugin for content provider com.motorola.atcmd.plugin/.AtCmdSettingsProvider: pid=19030 uid=10098 gids={1028}
03-02 02:10:58.599   465   523 V AlarmManager: sending alarm Alarm{42a8f480 type 1 com.metago.astro}
03-02 02:10:58.794   465  2672 I ActivityManager: START {cmp=com.motorola.messaging/.activity.ComposeMessageActivity (has extras) u=0} from pid 12735
03-02 02:10:59.185   465  2467 V ConnectivityService: enforceCheckPermissionforHiPri:Pid=12735ret=true
03-02 02:10:59.372   577   577 I SBar.NetworkController: onDataActivity: direction=3
03-02 02:10:59.372   577   577 I SBar.NetworkController: refreshSignalCluster: mobile: mHasMobileDataFeature=true DataTypeShown=zz_moto_stat_sys_data_fully_connected_4g_lte Activity=zz_moto_stat_sys_data_fully_connected_signal_inout Accessibility="4 G L T E"
03-02 02:10:59.755   577   577 D PhoneStatusBar: addNotification score=0
03-02 02:10:59.833   465  3447 V ConnectivityService: enforceCheckPermissionforHiPri:Pid=12735ret=true
03-02 02:10:59.997   465   523 V AlarmManager: sending alarm Alarm{42134428 type 3 android}
03-02 02:11:00.380   577   577 I SBar.NetworkController: onDataActivity: direction=0
03-02 02:11:00.380   577   577 I SBar.NetworkController: refreshSignalCluster: mobile: mHasMobileDataFeature=true DataTypeShown=zz_moto_stat_sys_data_fully_connected_4g_lte Activity=zz_moto_stat_sys_data_fully_connected_signal_none Accessibility="4 G L T E"
03-02 02:11:01.622   465   523 V AlarmManager: sending alarm Alarm{422923a0 type 1 com.metago.astro}
03-02 02:11:02.271   465   480 I ActivityManager: Start proc com.Aetherpal.Device for broadcast com.Aetherpal.Device/.Receivers.ApReceiver: pid=19049 uid=10268 gids={3002, 3003, 1015, 1028}
03-02 02:11:02.388   577   577 I SBar.NetworkController: onDataActivity: direction=3
03-02 02:11:02.396   577   577 I SBar.NetworkController: refreshSignalCluster: mobile: mHasMobileDataFeature=true DataTypeShown=zz_moto_stat_sys_data_fully_connected_4g_lte Activity=zz_moto_stat_sys_data_fully_connected_signal_inout Accessibility="4 G L T E"
03-02 02:11:02.396   465   806 I ActivityManager: Start proc com.vznavigator.DROIDRAZR:remote for broadcast com.vznavigator.DROIDRAZR/com.navbuilder.app.atlasbook.core.receiver.SmsReceiver: pid=19060 uid=10121 gids={3003, 1015, 3002, 1028}
03-02 02:11:02.403   465  2467 I ActivityManager: No longer want com.google.android.gsf.login (pid 8927): hidden #21
03-02 02:11:02.911   465   806 I ActivityManager: Start proc com.motricity.verizon.ssodownloadable for broadcast com.motricity.verizon.ssodownloadable/com.motricity.verizon.ssoengine.library.MsgReceiver: pid=19119 uid=10327 gids={3003, 1028}
03-02 02:11:02.911   465   806 I ActivityManager: No longer want com.android.keychain (pid 18737): hidden #21
03-02 02:11:02.989   465   806 I ActivityManager: Start proc com.motorola.vvm for broadcast com.motorola.vvm/.transaction.VvmReceiver: pid=19131 uid=10109 gids={3003, 1015, 3002, 1028}
03-02 02:11:02.989   465   806 I ActivityManager: No longer want com.metago.astro:remote (pid 18833): hidden #21
03-02 02:11:03.091   465   465 I ActivityManager: No longer want com.motorola.MotGallery2 (pid 18716): hidden #21
03-02 02:11:03.177   465  2672 I ActivityManager: Start proc com.motorola.smartcardock for broadcast com.motorola.smartcardock/.receiver.SmartCarDockSmsReceiver: pid=19147 uid=10038 gids={3002, 3001, 3003, 1028}
03-02 02:11:03.435   465   775 I ActivityManager: No longer want com.google.android.apps.plus (pid 18379): hidden #21
03-02 02:11:03.747   465   523 V AlarmManager: sending alarm Alarm{42a7c810 type 0 com.android.vending}
03-02 02:11:04.403   577   577 I SBar.NetworkController: onDataActivity: direction=0
03-02 02:11:04.403   577   577 I SBar.NetworkController: refreshSignalCluster: mobile: mHasMobileDataFeature=true DataTypeShown=zz_moto_stat_sys_data_fully_connected_4g_lte Activity=zz_moto_stat_sys_data_fully_connected_signal_none Accessibility="4 G L T E"
03-02 02:11:04.638   465   523 V AlarmManager: sending alarm Alarm{42538598 type 1 com.metago.astro}
03-02 02:11:04.700   465   523 V AlarmManager: sending alarm Alarm{42391ec8 type 0 com.motorola.android.server.ims}
03-02 02:11:06.396   465  2467 V ConnectivityService: enforceCheckPermissionforHiPri:Pid=12735ret=true
03-02 02:11:06.747   577   577 D PhoneStatusBar: addNotification score=0
03-02 02:11:07.653   465   523 V AlarmManager: sending alarm Alarm{41e606a0 type 1 com.metago.astro}
03-02 02:11:09.028   577   577 I SBar.NetworkController: onSignalStrengthsChanged SignalStrength: 99 -1 -74 -70 -68 -1 5 12 -94 -6 159 8 cdma 0 -108 -1 false 0 0 5 4 4 16 4 99 5 5 5 5 5 5 5 99 level=4
03-02 02:11:09.036   577   577 I SBar.NetworkController: refreshSignalCluster: mobile: Signal=zz_moto_stat_sys_signal_5bar_4_fully Roaming=(none) mSimIconId=(none) Accessibility="Phone signal full.","Not roaming.",""
03-02 02:11:10.669   465   523 V AlarmManager: sending alarm Alarm{428d05f8 type 1 com.metago.astro}
03-02 02:11:12.786   465   528 I ActivityManager: START {act=android.intent.action.MAIN cat=[android.intent.category.HOME] flg=0x10200000 cmp=com.motorola.blur.home/.Launcher u=0} from pid 465
03-02 02:11:13.200   465  2669 I ActivityManager: No longer want com.tbd.NetHack (pid 17286): hidden #21
03-02 02:11:13.232   465   753 I WindowState: WIN DEATH: Window{4216b750 PopupWindow:41ec1290 paused=false}
03-02 02:11:13.232   465   475 I WindowState: WIN DEATH: Window{42107060 com.tbd.NetHack/com.tbd.NetHack.NetHack paused=false}
03-02 02:11:13.239   465   528 I WindowManager: WINDOW DIED Window{42107060 com.tbd.NetHack/com.tbd.NetHack.NetHack paused=false}
03-02 02:11:13.693   465   523 V AlarmManager: sending alarm Alarm{42cc9250 type 1 com.metago.astro}
03-02 02:11:13.724   465  2467 I ActivityManager: START {act=android.intent.action.MAIN cat=[android.intent.category.LAUNCHER] flg=0x10200000 cmp=com.me.smsrpg/.SMSRPG bnds=[140,425][269,605] u=0} from pid 809
03-02 02:11:13.747   465   775 I ActivityManager: Start proc com.me.smsrpg for activity com.me.smsrpg/.SMSRPG: pid=19172 uid=10240 gids={1015, 1028}
03-02 02:11:13.911 19172 19172 E AndroidRuntime: FATAL EXCEPTION: main
03-02 02:11:13.911 19172 19172 E AndroidRuntime: java.lang.RuntimeException: Unable to start activity ComponentInfo{com.me.smsrpg/com.me.smsrpg.SMSRPG}: java.lang.NullPointerException
03-02 02:11:13.911 19172 19172 E AndroidRuntime: 	at android.app.ActivityThread.performLaunchActivity(ActivityThread.java:2136)
03-02 02:11:13.911 19172 19172 E AndroidRuntime: 	at android.app.ActivityThread.handleLaunchActivity(ActivityThread.java:2174)
03-02 02:11:13.911 19172 19172 E AndroidRuntime: 	at android.app.ActivityThread.access$700(ActivityThread.java:141)
03-02 02:11:13.911 19172 19172 E AndroidRuntime: 	at android.app.ActivityThread$H.handleMessage(ActivityThread.java:1267)
03-02 02:11:13.911 19172 19172 E AndroidRuntime: 	at android.os.Handler.dispatchMessage(Handler.java:99)
03-02 02:11:13.911 19172 19172 E AndroidRuntime: 	at android.os.Looper.loop(Looper.java:137)
03-02 02:11:13.911 19172 19172 E AndroidRuntime: 	at android.app.ActivityThread.main(ActivityThread.java:5059)
03-02 02:11:13.911 19172 19172 E AndroidRuntime: 	at java.lang.reflect.Method.invokeNative(Native Method)
03-02 02:11:13.911 19172 19172 E AndroidRuntime: 	at java.lang.reflect.Method.invoke(Method.java:511)
03-02 02:11:13.911 19172 19172 E AndroidRuntime: 	at com.android.internal.os.ZygoteInit$MethodAndArgsCaller.run(ZygoteInit.java:792)
03-02 02:11:13.911 19172 19172 E AndroidRuntime: 	at com.android.internal.os.ZygoteInit.main(ZygoteInit.java:555)
03-02 02:11:13.911 19172 19172 E AndroidRuntime: 	at dalvik.system.NativeStart.main(Native Method)
03-02 02:11:13.911 19172 19172 E AndroidRuntime: Caused by: java.lang.NullPointerException
03-02 02:11:13.911 19172 19172 E AndroidRuntime: 	at android.content.ContextWrapper.getPackageName(ContextWrapper.java:127)
03-02 02:11:13.911 19172 19172 E AndroidRuntime: 	at android.content.ComponentName.<init>(ComponentName.java:75)
03-02 02:11:13.911 19172 19172 E AndroidRuntime: 	at android.content.Intent.<init>(Intent.java:3301)
03-02 02:11:13.911 19172 19172 E AndroidRuntime: 	at com.me.smsrpg.SMSRPG.onCreate(SMSRPG.java:35)
03-02 02:11:13.911 19172 19172 E AndroidRuntime: 	at android.app.Activity.performCreate(Activity.java:5058)
03-02 02:11:13.911 19172 19172 E AndroidRuntime: 	at android.app.Instrumentation.callActivityOnCreate(Instrumentation.java:1079)
03-02 02:11:13.911 19172 19172 E AndroidRuntime: 	at android.app.ActivityThread.performLaunchActivity(ActivityThread.java:2100)
03-02 02:11:13.911 19172 19172 E AndroidRuntime: 	... 11 more
03-02 02:11:13.911   465  2669 W ActivityManager:   Force finishing activity com.me.smsrpg/.SMSRPG
03-02 02:11:14.255   465   523 V AlarmManager: sending alarm Alarm{428d84a8 type 0 com.motorola.android.server.ims}
03-02 02:11:14.466   465   478 W ActivityManager: Activity pause timeout for ActivityRecord{4207ea48 com.me.smsrpg/.SMSRPG}
03-02 02:11:14.591   465  2467 I ActivityManager: No longer want com.google.android.partnersetup (pid 18477): hidden #21
03-02 02:11:15.318   465   754 I ActivityManager: Process com.me.smsrpg (pid 19172) has died.
03-02 02:11:15.325   465   478 D PowerManagerService: ALT Intent Received altled = false
03-02 02:11:15.325   465   478 D PowerManagerService: SHIFT Intent Received shiftled = false
03-02 02:11:15.333   465   465 W InputMethodManagerService: Window already focused, ignoring focus gain of: com.android.internal.view.IInputMethodClient$Stub$Proxy@42a54558 attribute=null
03-02 02:11:16.708   465   523 V AlarmManager: sending alarm Alarm{426e9e98 type 1 com.metago.astro}
03-02 02:11:19.732   465   523 V AlarmManager: sending alarm Alarm{42105048 type 1 com.metago.astro}
03-02 02:11:22.755   465   523 V AlarmManager: sending alarm Alarm{427fae70 type 1 com.metago.astro}
03-02 02:11:24.591   465   478 W ActivityManager: Activity destroy timeout for ActivityRecord{4207ea48 com.me.smsrpg/.SMSRPG}
03-02 02:11:25.778   465   523 V AlarmManager: sending alarm Alarm{429458e8 type 1 com.metago.astro}
03-02 02:11:28.802   465   523 V AlarmManager: sending alarm Alarm{42a4fbe8 type 1 com.metago.astro}
03-02 02:11:31.825   465   523 V AlarmManager: sending alarm Alarm{41e51fc0 type 1 com.metago.astro}
03-02 02:11:34.841   465   523 V AlarmManager: sending alarm Alarm{42577078 type 1 com.metago.astro}
03-02 02:11:37.864   465   523 V AlarmManager: sending alarm Alarm{4264e620 type 1 com.metago.astro}
03-02 02:11:39.169   465   808 I ActivityManager: START {act=android.intent.action.MAIN cat=[android.intent.category.LAUNCHER] flg=0x10200000 cmp=com.me.smsrpg/.SMSRPG bnds=[140,425][269,605] u=0} from pid 809
03-02 02:11:39.208   465  2669 I ActivityManager: Start proc com.me.smsrpg for activity com.me.smsrpg/.SMSRPG: pid=19196 uid=10240 gids={1015, 1028}
03-02 02:11:39.310 19196 19196 E AndroidRuntime: FATAL EXCEPTION: main
03-02 02:11:39.310 19196 19196 E AndroidRuntime: java.lang.RuntimeException: Unable to start activity ComponentInfo{com.me.smsrpg/com.me.smsrpg.SMSRPG}: java.lang.NullPointerException
03-02 02:11:39.310 19196 19196 E AndroidRuntime: 	at android.app.ActivityThread.performLaunchActivity(ActivityThread.java:2136)
03-02 02:11:39.310 19196 19196 E AndroidRuntime: 	at android.app.ActivityThread.handleLaunchActivity(ActivityThread.java:2174)
03-02 02:11:39.310 19196 19196 E AndroidRuntime: 	at android.app.ActivityThread.access$700(ActivityThread.java:141)
03-02 02:11:39.310 19196 19196 E AndroidRuntime: 	at android.app.ActivityThread$H.handleMessage(ActivityThread.java:1267)
03-02 02:11:39.310 19196 19196 E AndroidRuntime: 	at android.os.Handler.dispatchMessage(Handler.java:99)
03-02 02:11:39.310 19196 19196 E AndroidRuntime: 	at android.os.Looper.loop(Looper.java:137)
03-02 02:11:39.310 19196 19196 E AndroidRuntime: 	at android.app.ActivityThread.main(ActivityThread.java:5059)
03-02 02:11:39.310 19196 19196 E AndroidRuntime: 	at java.lang.reflect.Method.invokeNative(Native Method)
03-02 02:11:39.310 19196 19196 E AndroidRuntime: 	at java.lang.reflect.Method.invoke(Method.java:511)
03-02 02:11:39.310 19196 19196 E AndroidRuntime: 	at com.android.internal.os.ZygoteInit$MethodAndArgsCaller.run(ZygoteInit.java:792)
03-02 02:11:39.310 19196 19196 E AndroidRuntime: 	at com.android.internal.os.ZygoteInit.main(ZygoteInit.java:555)
03-02 02:11:39.310 19196 19196 E AndroidRuntime: 	at dalvik.system.NativeStart.main(Native Method)
03-02 02:11:39.310 19196 19196 E AndroidRuntime: Caused by: java.lang.NullPointerException
03-02 02:11:39.310 19196 19196 E AndroidRuntime: 	at android.content.ContextWrapper.getPackageName(ContextWrapper.java:127)
03-02 02:11:39.310 19196 19196 E AndroidRuntime: 	at android.content.ComponentName.<init>(ComponentName.java:75)
03-02 02:11:39.310 19196 19196 E AndroidRuntime: 	at android.content.Intent.<init>(Intent.java:3301)
03-02 02:11:39.310 19196 19196 E AndroidRuntime: 	at com.me.smsrpg.SMSRPG.onCreate(SMSRPG.java:35)
03-02 02:11:39.310 19196 19196 E AndroidRuntime: 	at android.app.Activity.performCreate(Activity.java:5058)
03-02 02:11:39.310 19196 19196 E AndroidRuntime: 	at android.app.Instrumentation.callActivityOnCreate(Instrumentation.java:1079)
03-02 02:11:39.310 19196 19196 E AndroidRuntime: 	at android.app.ActivityThread.performLaunchActivity(ActivityThread.java:2100)
03-02 02:11:39.310 19196 19196 E AndroidRuntime: 	... 11 more
03-02 02:11:39.318   465   808 W ActivityManager:   Force finishing activity com.me.smsrpg/.SMSRPG
03-02 02:11:39.864   465   478 W ActivityManager: Activity pause timeout for ActivityRecord{421d1250 com.me.smsrpg/.SMSRPG}
03-02 02:11:40.880   465   523 V AlarmManager: sending alarm Alarm{42acf248 type 1 com.metago.astro}
03-02 02:11:43.896   465   523 V AlarmManager: sending alarm Alarm{4220faf0 type 1 com.metago.astro}
03-02 02:11:46.919   465   523 V AlarmManager: sending alarm Alarm{427a1c80 type 1 com.metago.astro}
03-02 02:11:47.247   465   523 V AlarmManager: sending alarm Alarm{41ecc6d8 type 3 com.android.phone}
03-02 02:11:49.943   465   523 V AlarmManager: sending alarm Alarm{42916218 type 1 com.metago.astro}
03-02 02:11:49.982   465   478 W ActivityManager: Activity destroy timeout for ActivityRecord{421d1250 com.me.smsrpg/.SMSRPG}
03-02 02:11:52.966   465   523 V AlarmManager: sending alarm Alarm{423df258 type 1 com.metago.astro}
03-02 02:11:53.872   577   577 I SBar.NetworkController: onSignalStrengthsChanged SignalStrength: 99 -1 -74 -70 -68 -1 5 16 -85 -4 172 2147483647 cdma 0 -108 -1 false 0 0 5 4 5 16 4 99 5 5 5 5 5 5 5 99 level=5
03-02 02:11:53.888   577   577 I SBar.NetworkController: refreshSignalCluster: mobile: Signal=zz_moto_stat_sys_signal_5bar_5_fully Roaming=(none) mSimIconId=(none) Accessibility="Phone signal full.","Not roaming.",""
03-02 02:11:55.989   465   523 V AlarmManager: sending alarm Alarm{42711ec8 type 1 com.metago.astro}
03-02 02:11:59.013   465   523 V AlarmManager: sending alarm Alarm{42d0f7d0 type 1 com.metago.astro}
03-02 02:11:59.997   465   523 V AlarmManager: sending alarm Alarm{42a403e8 type 3 android}
03-02 02:12:02.036   465   523 V AlarmManager: sending alarm Alarm{4250efa8 type 1 com.metago.astro}
03-02 02:12:05.060   465   523 V AlarmManager: sending alarm Alarm{421e3f98 type 1 com.metago.astro}
03-02 02:12:06.200   577   577 I SBar.NetworkController: onSignalStrengthsChanged SignalStrength: 99 -1 -74 -70 -68 -1 5 16 -86 -6 168 2147483647 cdma 0 -108 -1 false 0 0 5 4 4 16 4 99 5 5 5 5 5 5 5 99 level=4
03-02 02:12:06.208   577   577 I SBar.NetworkController: refreshSignalCluster: mobile: Signal=zz_moto_stat_sys_signal_5bar_4_fully Roaming=(none) mSimIconId=(none) Accessibility="Phone signal full.","Not roaming.",""
03-02 02:12:08.083   465   523 V AlarmManager: sending alarm Alarm{4218c7f0 type 1 com.metago.astro}
03-02 02:12:11.107   465   523 V AlarmManager: sending alarm Alarm{42a12b20 type 1 com.metago.astro}
03-02 02:12:14.130   465   523 V AlarmManager: sending alarm Alarm{41ead6a8 type 1 com.metago.astro}
03-02 02:12:14.575   465   523 V AlarmManager: sending alarm Alarm{42577528 type 2 android}
03-02 02:12:14.685   465   525 I ActivityManager: Start proc com.google.android.gsf.login for service com.google.android.gsf.login/com.google.android.gsf.loginservice.GoogleLoginService: pid=19223 uid=10019 gids={3003, 1015, 1028, 2001, 1007, 3006, 3002, 3001, 1006}
03-02 02:12:14.708   577   577 D PhoneStatusBar: disable: < expand icons alerts ticker system_info back home RECENT* clock >
03-02 02:12:14.794   577   577 D PhoneStatusBar: disable: < expand icons alerts ticker system_info BACK* HOME* RECENT CLOCK* >
03-02 02:12:14.864   465  2467 I ActivityManager: No longer want com.motorola.smartmode (pid 18776): hidden #21
03-02 02:12:17.153   465   523 V AlarmManager: sending alarm Alarm{4280f288 type 1 com.metago.astro}
03-02 02:12:20.177   465   523 V AlarmManager: sending alarm Alarm{42203788 type 1 com.metago.astro}
03-02 02:12:23.200   465   523 V AlarmManager: sending alarm Alarm{426a5b68 type 1 com.metago.astro}
03-02 02:12:26.224   465   523 V AlarmManager: sending alarm Alarm{41eb6fa8 type 1 com.metago.astro}
03-02 02:12:29.247   465   523 V AlarmManager: sending alarm Alarm{423ad6e8 type 1 com.metago.astro}
03-02 02:12:32.271   465   523 V AlarmManager: sending alarm Alarm{42266e20 type 1 com.metago.astro}
03-02 02:12:35.286   465   523 V AlarmManager: sending alarm Alarm{426b67f0 type 1 com.metago.astro}
03-02 02:12:38.310   465   523 V AlarmManager: sending alarm Alarm{42a817b0 type 1 com.metago.astro}
03-02 02:12:39.575   465   523 V AlarmManager: sending alarm Alarm{42577738 type 2 android}
03-02 02:12:39.693   465   523 V AlarmManager: sending alarm Alarm{427752c0 type 2 com.google.android.gsf}
03-02 02:12:39.693   465   523 V AlarmManager: sending alarm Alarm{424e7dc8 type 2 com.google.android.gms}
03-02 02:12:41.325   465   523 V AlarmManager: sending alarm Alarm{425fe298 type 1 com.metago.astro}
03-02 02:12:44.349   465   523 V AlarmManager: sending alarm Alarm{42428630 type 1 com.metago.astro}
03-02 02:12:47.364   465   523 V AlarmManager: sending alarm Alarm{425e0338 type 1 com.metago.astro}
03-02 02:12:50.388   465   523 V AlarmManager: sending alarm Alarm{4210cee8 type 1 com.metago.astro}
03-02 02:12:53.396   465   523 V AlarmManager: sending alarm Alarm{4285b030 type 1 com.metago.astro}
03-02 02:12:56.419   465   523 V AlarmManager: sending alarm Alarm{4295ad20 type 1 com.metago.astro}
03-02 02:12:59.435   465   523 V AlarmManager: sending alarm Alarm{4254bc08 type 1 com.metago.astro}
03-02 02:12:59.997   465   523 V AlarmManager: sending alarm Alarm{42868ee8 type 3 android}
03-02 02:13:02.458   465   523 V AlarmManager: sending alarm Alarm{4287cdc8 type 1 com.metago.astro}
03-02 02:13:05.474   465   523 V AlarmManager: sending alarm Alarm{423b1db8 type 1 com.metago.astro}
03-02 02:13:08.489   465   523 V AlarmManager: sending alarm Alarm{429124f0 type 1 com.metago.astro}
03-02 02:13:11.505   465   523 V AlarmManager: sending alarm Alarm{42c271c0 type 1 com.metago.astro}
03-02 02:13:14.528   465   523 V AlarmManager: sending alarm Alarm{426bbb58 type 1 com.metago.astro}
03-02 02:13:17.552   465   523 V AlarmManager: sending alarm Alarm{42cb3568 type 1 com.metago.astro}
03-02 02:13:20.575   465   523 V AlarmManager: sending alarm Alarm{42cc1a80 type 1 com.metago.astro}
03-02 02:13:23.599   465   523 V AlarmManager: sending alarm Alarm{42ae1128 type 1 com.metago.astro}
03-02 02:13:26.622   465   523 V AlarmManager: sending alarm Alarm{42d1c098 type 1 com.metago.astro}
03-02 02:13:28.536   577   577 I SBar.BatteryController: Show 'charging': status=2, level=90
03-02 02:13:29.646   465   523 V AlarmManager: sending alarm Alarm{42c342f8 type 1 com.metago.astro}
03-02 02:13:32.669   465   523 V AlarmManager: sending alarm Alarm{42d4f410 type 1 com.metago.astro}
03-02 02:13:35.693   465   523 V AlarmManager: sending alarm Alarm{4286b9a8 type 1 com.metago.astro}
03-02 02:13:38.716   465   523 V AlarmManager: sending alarm Alarm{42d32798 type 1 com.metago.astro}
03-02 02:13:41.739   465   523 V AlarmManager: sending alarm Alarm{42338b80 type 1 com.metago.astro}
03-02 02:13:44.763   465   523 V AlarmManager: sending alarm Alarm{42e00780 type 1 com.metago.astro}
03-02 02:13:47.786   465   523 V AlarmManager: sending alarm Alarm{42a9ca58 type 1 com.metago.astro}
03-02 02:13:48.521   465   523 V AlarmManager: sending alarm Alarm{429f8608 type 3 com.facebook.katana}
03-02 02:13:48.521   465   523 W ActivityManager: Unable to start service Intent { flg=0x4 cmp=com.facebook.katana/com.facebook.orca.sms.MmsSmsLogExternalMessagesLogic$MmsSmsLogExternalMessagesService (has extras) }: not found
03-02 02:13:50.810   465   523 V AlarmManager: sending alarm Alarm{421ff848 type 1 com.metago.astro}
03-02 02:13:53.833   465   523 V AlarmManager: sending alarm Alarm{427840d8 type 1 com.metago.astro}
03-02 02:13:56.857   465   523 V AlarmManager: sending alarm Alarm{42b29ea8 type 1 com.metago.astro}
03-02 02:13:59.997   465   523 V AlarmManager: sending alarm Alarm{423d7fe8 type 3 android}
03-02 02:14:01.075   465   523 V AlarmManager: sending alarm Alarm{42aab598 type 1 com.metago.astro}
03-02 02:14:04.099   465   523 V AlarmManager: sending alarm Alarm{42cb8a70 type 1 com.metago.astro}
03-02 02:14:07.122   465   523 V AlarmManager: sending alarm Alarm{421f8038 type 1 com.metago.astro}
03-02 02:14:10.146   465   523 V AlarmManager: sending alarm Alarm{42702e60 type 1 com.metago.astro}
03-02 02:14:13.169   465   523 V AlarmManager: sending alarm Alarm{42d3b938 type 1 com.metago.astro}
03-02 02:14:16.192   465   523 V AlarmManager: sending alarm Alarm{4213aed8 type 1 com.metago.astro}
03-02 02:14:19.216   465   523 V AlarmManager: sending alarm Alarm{42c3b530 type 1 com.metago.astro}
03-02 02:14:22.239   465   523 V AlarmManager: sending alarm Alarm{41feabc8 type 1 com.metago.astro}
03-02 02:14:25.263   465   523 V AlarmManager: sending alarm Alarm{42022cd0 type 1 com.metago.astro}
03-02 02:14:27.388   465   484 W ActivityManager: No content provider found for permission revoke: file:///data/local/tmp/SMSRPG-debug.apk
03-02 02:14:27.396   465   484 W ActivityManager: No content provider found for permission revoke: file:///data/local/tmp/SMSRPG-debug.apk
03-02 02:14:27.396   465   484 W PackageParser: Unknown element under <manifest>: receiver at /data/app/vmdl546289112.tmp Binary XML file line #9
03-02 02:14:27.396   465   484 W PackageParser: Unknown element under <manifest>: service at /data/app/vmdl546289112.tmp Binary XML file line #14
03-02 02:14:27.396   465   484 I PackageParser: com.me.smsrpg: compat added android.permission.WRITE_EXTERNAL_STORAGE android.permission.READ_PHONE_STATE
03-02 02:14:27.427   465   480 I ActivityManager: Force stopping package com.me.smsrpg uid=10240
03-02 02:14:27.427   465   480 I ActivityManager: Killing proc 19196:com.me.smsrpg/u0a240: force stop
03-02 02:14:27.435   465   478 D PowerManagerService: ALT Intent Received altled = false
03-02 02:14:27.435   465   478 D PowerManagerService: SHIFT Intent Received shiftled = false
03-02 02:14:28.286   465   523 V AlarmManager: sending alarm Alarm{41ed6418 type 1 com.metago.astro}
03-02 02:14:30.802   465   484 I PackageManager: Package com.me.smsrpg codePath changed from /data/app/com.me.smsrpg-2.apk to /data/app/com.me.smsrpg-1.apk; Retaining data and using new
03-02 02:14:30.864   465   525 I WindowManager: Lock screen displayed!
03-02 02:14:30.958   577   577 I SBar.NetworkController: onDataActivity: direction=3
03-02 02:14:30.966   577   577 I SBar.NetworkController: refreshSignalCluster: wifi: mWifiConnected=false Wifi=(none) Activity=(none) Accessibility="No Wi-Fi."
03-02 02:14:30.966   577   577 I SBar.NetworkController: refreshSignalCluster: mobile: Signal=zz_moto_stat_sys_signal_5bar_4_fully Roaming=(none) mSimIconId=(none) Accessibility="Phone signal full.","Not roaming.",""
03-02 02:14:30.966   577   577 I SBar.NetworkController: refreshSignalCluster: mobile: mHasMobileDataFeature=true DataTypeShown=zz_moto_stat_sys_data_fully_connected_4g_lte Activity=zz_moto_stat_sys_data_fully_connected_signal_inout Accessibility="4 G L T E"
03-02 02:14:31.052   577   577 I SBar.NetworkController: onSignalStrengthsChanged SignalStrength: 99 -1 -74 -70 -68 -1 5 16 -85 -5 163 2147483647 cdma 0 -108 -1 false 0 0 5 4 5 16 4 99 5 5 5 5 5 5 5 99 level=5
03-02 02:14:31.060   577   577 I SBar.NetworkController: refreshSignalCluster: mobile: Signal=zz_moto_stat_sys_signal_5bar_5_fully Roaming=(none) mSimIconId=(none) Accessibility="Phone signal full.","Not roaming.",""
03-02 02:14:31.419   577   577 D PhoneStatusBar: disable: < expand icons alerts ticker system_info BACK HOME recent* CLOCK >
03-02 02:14:31.599   577   577 D PhoneStatusBar: disable: < expand icons alerts ticker system_info back* home* recent clock* >
03-02 02:14:31.607   465  3447 W InputMethodManagerService: Window already focused, ignoring focus gain of: com.android.internal.view.IInputMethodClient$Stub$Proxy@4259bb08 attribute=android.view.inputmethod.EditorInfo@42bd6718
03-02 02:14:31.771   577   577 I SBar.NetworkController: onSignalStrengthsChanged SignalStrength: 99 -1 -74 -70 -68 -1 5 16 -86 -6 166 11 cdma 0 -108 -1 false 0 0 5 4 4 16 4 99 5 5 5 5 5 5 5 99 level=4
03-02 02:14:31.778   577   577 I SBar.NetworkController: refreshSignalCluster: mobile: Signal=zz_moto_stat_sys_signal_5bar_4_fully Roaming=(none) mSimIconId=(none) Accessibility="Phone signal full.","Not roaming.",""
03-02 02:14:31.997   465   480 I ActivityManager: Force stopping package com.me.smsrpg uid=10240
03-02 02:14:31.997   465   484 W PackageManager: Code path for pkg : com.me.smsrpg changing from /data/app/com.me.smsrpg-2.apk to /data/app/com.me.smsrpg-1.apk
03-02 02:14:31.997   465   484 W PackageManager: Resource path for pkg : com.me.smsrpg changing from /data/app/com.me.smsrpg-2.apk to /data/app/com.me.smsrpg-1.apk
03-02 02:14:32.677   465   484 I ActivityManager: Force stopping package com.me.smsrpg uid=10240
03-02 02:14:32.997   577   577 I SBar.NetworkController: onDataActivity: direction=0
03-02 02:14:32.997   577   577 I SBar.NetworkController: refreshSignalCluster: mobile: mHasMobileDataFeature=true DataTypeShown=zz_moto_stat_sys_data_fully_connected_4g_lte Activity=zz_moto_stat_sys_data_fully_connected_signal_none Accessibility="4 G L T E"
03-02 02:14:33.013   465  2467 I ActivityManager: Start proc com.motorola.MotGallery2 for broadcast com.motorola.MotGallery2/com.android.gallery3d.app.PackagesMonitor: pid=19304 uid=10309 gids={1006, 3003, 1015, 9003, 9007, 9008, 3002, 3001, 1028}
03-02 02:14:33.146   465   478 D BackupManagerService: Received broadcast Intent { act=android.intent.action.PACKAGE_REMOVED dat=package:com.me.smsrpg flg=0x8000010 (has extras) }
03-02 02:14:33.224   465   478 D BackupManagerService: Received broadcast Intent { act=android.intent.action.PACKAGE_ADDED dat=package:com.me.smsrpg flg=0x8000010 (has extras) }
03-02 02:14:33.224   465   478 V BackupManagerService: removePackageParticipantsLocked: uid=10240 #1
03-02 02:14:33.318   465   518 W InputMethodManagerService: Skipping input method ComponentInfo{com.motorola.inputmethod.latin/com.motorola.inputmethod.latin.LatinIMEBell}: it does not require the permission android.permission.BIND_INPUT_METHOD
03-02 02:14:33.318   465   518 W InputMethodManagerService: Skipping input method ComponentInfo{com.motorola.inputmethod.latin/com.motorola.inputmethod.latin.LatinIMEQwerty}: it does not require the permission android.permission.BIND_INPUT_METHOD
03-02 02:14:33.318   465   518 W InputMethodManagerService: Skipping input method ComponentInfo{com.motorola.inputmethod.motosmarthandwriting/com.motorola.inputmethod.motosmarthandwriting.MotoSmartHandWritingService}: it does not require the permission android.permission.BIND_INPUT_METHOD
03-02 02:14:33.318   465   518 W InputMethodManagerService: Skipping input method ComponentInfo{com.motorola.inputmethod.gpinyin/com.motorola.inputmethod.gpinyin.PinyinIMEQwerty}: it does not require the permission android.permission.BIND_INPUT_METHOD
03-02 02:14:33.318   465   518 W InputMethodManagerService: Skipping input method ComponentInfo{com.motorola.inputmethod.gpinyin/com.motorola.inputmethod.gpinyin.PinyinIMEB}: it does not require the permission android.permission.BIND_INPUT_METHOD
03-02 02:14:33.318   465   518 W InputMethodManagerService: Skipping input method ComponentInfo{com.motorola.inputmethod.stroke/com.motorola.inputmethod.stroke.StrokeIME}: it does not require the permission android.permission.BIND_INPUT_METHOD
03-02 02:14:33.318   465   478 V BackupManagerService: addPackageParticipantsLocked: #1
03-02 02:14:33.318   465  2080 D MotDevicePolicyManagerService: Package com.me.smsrpg, package state=0, action=android.intent.action.PACKAGE_ADDED
03-02 02:14:33.318   465  2080 D MotDevicePolicyManagerService: getAllAppBlackLists - no app blacklist set for all administrators
03-02 02:14:33.318   465  2080 D MotDevicePolicyManagerService: App WhiteList is disabled by all admins.
03-02 02:14:33.318   465  2080 D MotDevicePolicyManagerService: isPolicyAllowed - policy=AllowBrowserStrategy allowed by all admin.
03-02 02:14:33.318   465  2080 D MotDevicePolicyManagerService: isPolicyAllowed - policy=AllowConsumerEmailStrategy allowed by all admin.
03-02 02:14:33.318   465  2080 D MotDevicePolicyManagerService: isPolicyAllowed - policy=AllowTextMessagingStrategy allowed by all admin.
03-02 02:14:33.318   465  2080 D MotDevicePolicyManagerService: Package com.me.smsrpg does NOT conflict with any policy.
03-02 02:14:33.325   465   518 W InputMethodManagerService: Found no subtypes in a system IME: com.motorola.inputmethod.entry
03-02 02:14:33.357   465  2924 D MotDevicePolicyManagerService: Package com.me.smsrpg, package state=0, action=android.intent.action.PACKAGE_REPLACED
03-02 02:14:33.357   465  2924 D MotDevicePolicyManagerService: getAllAppBlackLists - no app blacklist set for all administrators
03-02 02:14:33.357   465  2924 D MotDevicePolicyManagerService: App WhiteList is disabled by all admins.
03-02 02:14:33.357   465  2924 D MotDevicePolicyManagerService: isPolicyAllowed - policy=AllowBrowserStrategy allowed by all admin.
03-02 02:14:33.357   465  2924 D MotDevicePolicyManagerService: isPolicyAllowed - policy=AllowConsumerEmailStrategy allowed by all admin.
03-02 02:14:33.357   465  2924 D MotDevicePolicyManagerService: isPolicyAllowed - policy=AllowTextMessagingStrategy allowed by all admin.
03-02 02:14:33.357   465  2924 D MotDevicePolicyManagerService: Package com.me.smsrpg does NOT conflict with any policy.
03-02 02:14:33.364   465   754 I ActivityManager: Start proc com.android.keychain for broadcast com.android.keychain/.KeyChainBroadcastReceiver: pid=19325 uid=1000 gids={3003, 1015, 3002, 3001, 1028, 9009, 1004, 2002, 9000, 9002, 9004, 3007, 3005}
03-02 02:14:33.450   465   465 I ActivityManager: Start proc com.google.android.apps.plus for broadcast com.google.android.apps.plus/.service.PackagesMediaMonitor: pid=19338 uid=10265 gids={3003, 3002, 1015, 1006, 1028}
03-02 02:14:33.841   465   523 V AlarmManager: sending alarm Alarm{41e50268 type 1 com.metago.astro}
03-02 02:14:34.357   465   465 I ActivityManager: START {flg=0x10000000 cmp=com.me.smsrpg/.SMSRPG u=0} from pid 19356
03-02 02:14:34.396   465  2668 I ActivityManager: Start proc com.me.smsrpg for activity com.me.smsrpg/.SMSRPG: pid=19371 uid=10240 gids={1015, 1028}
03-02 02:14:34.489   465   476 W ActivityManager: Unable to start service Intent { cmp=com.me.smsrpg/.SMSService }: not found
03-02 02:14:35.005   465   754 I ActivityManager: Start proc com.motorola.smartmode for broadcast com.motorola.smartmode/.common.PackageChangeReceiver: pid=19389 uid=10274 gids={3003, 1028}
03-02 02:14:35.146   465  2668 I ActivityManager: No longer want com.google.android.apps.maps:FriendService (pid 18908): hidden #21
03-02 02:14:35.388   465   777 I ActivityManager: No longer want com.motorola.motoemail:moxierengine (pid 18891): hidden #21
03-02 02:14:35.411   465   777 I ActivityManager: Start proc com.metago.astro:remote for broadcast com.metago.astro/.receiver.PackageAddedReceiver: pid=19426 uid=10220 gids={3003, 1015, 1028}
03-02 02:14:35.528   465  2672 I ActivityManager: No longer want com.motorola.dockservice (pid 18930): hidden #21
03-02 02:14:35.833   465   465 I ActivityManager: Start proc com.google.android.partnersetup for broadcast com.google.android.partnersetup/.RlzPingBroadcastReceiver: pid=19441 uid=10052 gids={3003, 1028}
03-02 02:14:35.927   465  2668 I ActivityManager: No longer want com.shazam.android (pid 18947): hidden #21
03-02 02:14:36.021   465   775 I ActivityManager: Start proc com.google.android.apps.maps:FriendService for broadcast com.google.android.apps.maps/com.google.googlenav.friend.android.ServiceReceiver: pid=19462 uid=10010 gids={3003, 1015, 1028}
03-02 02:14:36.028   577   577 I SBar.NetworkController: onDataActivity: direction=2
03-02 02:14:36.028   577   577 I SBar.NetworkController: refreshSignalCluster: mobile: mHasMobileDataFeature=true DataTypeShown=zz_moto_stat_sys_data_fully_connected_4g_lte Activity=zz_moto_stat_sys_data_fully_connected_signal_out Accessibility="4 G L T E"
03-02 02:14:36.036   465  2668 I ActivityManager: Start proc com.motorola.motoemail:moxierengine for service com.motorola.motoemail/com.moxier.eas.engine.service.ExchangeBroadcastProcessorService: pid=19473 uid=10247 gids={3003, 1015, 1028}
03-02 02:14:36.146 19473 19473 I openssl : Crypto mode not selected, openssl will run on its regular mode.
03-02 02:14:36.169   465  4199 I ActivityManager: No longer want com.motorola.atcmdlauncher (pid 18985): hidden #21
03-02 02:14:36.216   465  2467 I ActivityManager: No longer want com.google.android.apps.maps:LocationFriendService (pid 18997): hidden #21
03-02 02:14:36.239   465  2671 I ActivityManager: Start proc com.motorola.dockservice for broadcast com.motorola.dockservice/.TargetsValidator$SelfUpgradeHandler: pid=19491 uid=10081 gids={3002, 3001, 1028}
03-02 02:14:36.333   465   806 I ActivityManager: No longer want com.Aetherpal.Device (pid 19049): hidden #21
03-02 02:14:36.380   465   806 I ActivityManager: Start proc com.shazam.android for broadcast com.shazam.android/com.shazam.upgrade.AppUpgradeReceiver: pid=19508 uid=10171 gids={3003, 1015, 1028}
03-02 02:14:36.857   465   754 W ActivityManager: Permission Denial: Accessing service ComponentInfo{com.android.vending/com.google.android.finsky.services.LicensingService} from pid=19508, uid=10171 requires com.android.vending.CHECK_LICENSE
03-02 02:14:36.880   465   753 I ActivityManager: Start proc com.google.android.apps.maps:LocationFriendService for broadcast com.google.android.apps.maps/com.google.googlenav.friend.reporting.LocationReportingIntentReceiver: pid=19531 uid=10010 gids={3003, 1015, 1028}
03-02 02:14:36.888   465   753 I ActivityManager: No longer want com.vznavigator.DROIDRAZR:remote (pid 19060): hidden #21
03-02 02:14:37.036   577   577 I SBar.NetworkController: onDataActivity: direction=3
03-02 02:14:37.036   577   577 I SBar.NetworkController: refreshSignalCluster: mobile: mHasMobileDataFeature=true DataTypeShown=zz_moto_stat_sys_data_fully_connected_4g_lte Activity=zz_moto_stat_sys_data_fully_connected_signal_inout Accessibility="4 G L T E"
03-02 02:14:37.177   465  2467 I ActivityManager: No longer want com.motricity.verizon.ssodownloadable (pid 19119): hidden #21
03-02 02:14:37.419   465   806 I ActivityManager: No longer want com.motorola.vvm (pid 19131): hidden #21
03-02 02:14:38.419   465   528 I ActivityManager: START {act=android.intent.action.MAIN cat=[android.intent.category.HOME] flg=0x10200000 cmp=com.motorola.blur.home/.Launcher u=0} from pid 465
03-02 02:14:38.833   465  2668 I ActivityManager: No longer want com.motorola.messaging (pid 12735): hidden #21
03-02 02:14:38.864   465   667 I WindowState: WIN DEATH: Window{4214f678 com.motorola.messaging/com.motorola.messaging.activity.ComposeMessageActivity paused=false}
03-02 02:14:38.872   465   476 I WindowState: WIN DEATH: Window{41ee00a8 com.motorola.messaging/com.motorola.messaging.activity.ConversationListActivity paused=false}
03-02 02:14:38.872   465   753 I WindowState: WIN DEATH: Window{41ed10e8 com.motorola.messaging/com.motorola.messaging.activity.ComposeMessageActivity paused=false}
03-02 02:14:39.896   465   523 V AlarmManager: sending alarm Alarm{42b270d0 type 1 com.metago.astro}
03-02 02:14:40.068   577   577 I SBar.NetworkController: onDataActivity: direction=0
03-02 02:14:40.075   577   577 I SBar.NetworkController: refreshSignalCluster: mobile: mHasMobileDataFeature=true DataTypeShown=zz_moto_stat_sys_data_fully_connected_4g_lte Activity=zz_moto_stat_sys_data_fully_connected_signal_none Accessibility="4 G L T E"
03-02 02:14:40.786   465   476 I ActivityManager: START {act=android.intent.action.MAIN cat=[android.intent.category.LAUNCHER] flg=0x10200000 cmp=com.motorola.messaging/.activity.ConversationListActivity bnds=[324,822][432,954] u=0} from pid 809
03-02 02:14:40.833   465   754 I ActivityManager: Start proc com.motorola.messaging for activity com.motorola.messaging/.activity.ConversationListActivity: pid=19557 uid=10277 gids={9003, 9007, 9008, 3003, 1015, 1028}
03-02 02:14:42.630   465   667 V ConnectivityService: enforceCheckPermissionforHiPri:Pid=19557ret=true
03-02 02:14:42.919   465   523 V AlarmManager: sending alarm Alarm{425fdf88 type 1 com.metago.astro}
03-02 02:14:43.193   465   754 V ConnectivityService: enforceCheckPermissionforHiPri:Pid=19557ret=true
03-02 02:14:43.388   465   475 I ActivityManager: START {cmp=com.motorola.messaging/.activity.ComposeMessageActivity (has extras) u=0} from pid 19557
03-02 02:14:44.036   465  2668 V ConnectivityService: enforceCheckPermissionforHiPri:Pid=19557ret=true
03-02 02:14:44.091   577   577 I SBar.NetworkController: onDataActivity: direction=3
03-02 02:14:44.091   577   577 I SBar.NetworkController: refreshSignalCluster: mobile: mHasMobileDataFeature=true DataTypeShown=zz_moto_stat_sys_data_fully_connected_4g_lte Activity=zz_moto_stat_sys_data_fully_connected_signal_inout Accessibility="4 G L T E"
03-02 02:14:44.403   577   577 D PhoneStatusBar: addNotification score=0
03-02 02:14:44.427   465   475 V ConnectivityService: enforceCheckPermissionforHiPri:Pid=19557ret=true
03-02 02:14:45.099   577   577 I SBar.NetworkController: onDataActivity: direction=0
03-02 02:14:45.099   577   577 I SBar.NetworkController: refreshSignalCluster: mobile: mHasMobileDataFeature=true DataTypeShown=zz_moto_stat_sys_data_fully_connected_4g_lte Activity=zz_moto_stat_sys_data_fully_connected_signal_none Accessibility="4 G L T E"
03-02 02:14:45.950   465   523 V AlarmManager: sending alarm Alarm{42ad1298 type 1 com.metago.astro}
03-02 02:14:47.107   577   577 I SBar.NetworkController: onDataActivity: direction=3
03-02 02:14:47.114   577   577 I SBar.NetworkController: refreshSignalCluster: mobile: mHasMobileDataFeature=true DataTypeShown=zz_moto_stat_sys_data_fully_connected_4g_lte Activity=zz_moto_stat_sys_data_fully_connected_signal_inout Accessibility="4 G L T E"
03-02 02:14:47.278   465   480 I ActivityManager: Start proc com.Aetherpal.Device for broadcast com.Aetherpal.Device/.Receivers.ApReceiver: pid=19600 uid=10268 gids={3002, 3003, 1015, 1028}
03-02 02:14:47.364   465   465 I ActivityManager: Start proc com.vznavigator.DROIDRAZR:remote for broadcast com.vznavigator.DROIDRAZR/com.navbuilder.app.atlasbook.core.receiver.SmsReceiver: pid=19611 uid=10121 gids={3003, 1015, 3002, 1028}
03-02 02:14:47.372   465  2669 I ActivityManager: No longer want com.motorola.smartcardock (pid 19147): hidden #21
03-02 02:14:47.552   465   523 V AlarmManager: sending alarm Alarm{42269748 type 0 com.google.android.apps.plus}
03-02 02:14:47.646   465  2669 I ActivityManager: Start proc com.motricity.verizon.ssodownloadable for broadcast com.motricity.verizon.ssodownloadable/com.motricity.verizon.ssoengine.library.MsgReceiver: pid=19670 uid=10327 gids={3003, 1028}
03-02 02:14:47.646   465  2669 I ActivityManager: No longer want com.google.android.gsf.login (pid 19223): hidden #21
03-02 02:14:47.685   465  2672 I ActivityManager: Start proc com.motorola.vvm for broadcast com.motorola.vvm/.transaction.VvmReceiver: pid=19682 uid=10109 gids={3003, 1015, 3002, 1028}
03-02 02:14:47.693   465  2672 I ActivityManager: No longer want com.android.keychain (pid 19325): hidden #21
03-02 02:14:47.763   465   475 I ActivityManager: No longer want com.metago.astro:remote (pid 19426): hidden #21
03-02 02:14:48.005   465   806 I ActivityManager: Start proc com.motorola.smartcardock for broadcast com.motorola.smartcardock/.receiver.SmartCarDockSmsReceiver: pid=19695 uid=10038 gids={3002, 3001, 3003, 1028}
03-02 02:14:48.068   465   476 I ActivityManager: No longer want com.motorola.MotGallery2 (pid 19304): hidden #21
03-02 02:14:48.974   465   523 V AlarmManager: sending alarm Alarm{427b4910 type 1 com.metago.astro}
03-02 02:14:49.114   577   577 I SBar.NetworkController: onDataActivity: direction=1
03-02 02:14:49.122   577   577 I SBar.NetworkController: refreshSignalCluster: mobile: mHasMobileDataFeature=true DataTypeShown=zz_moto_stat_sys_data_fully_connected_4g_lte Activity=zz_moto_stat_sys_data_fully_connected_signal_in Accessibility="4 G L T E"
03-02 02:14:49.739   465   523 V AlarmManager: sending alarm Alarm{425f8778 type 0 com.motorola.android.server.ims}
03-02 02:14:50.122   577   577 I SBar.NetworkController: onDataActivity: direction=3
03-02 02:14:50.122   577   577 I SBar.NetworkController: refreshSignalCluster: mobile: mHasMobileDataFeature=true DataTypeShown=zz_moto_stat_sys_data_fully_connected_4g_lte Activity=zz_moto_stat_sys_data_fully_connected_signal_inout Accessibility="4 G L T E"
03-02 02:14:50.919   465   523 V AlarmManager: sending alarm Alarm{4210fb58 type 0 com.android.vending}
03-02 02:14:51.130   577   577 I SBar.NetworkController: onDataActivity: direction=0
03-02 02:14:51.130   577   577 I SBar.NetworkController: refreshSignalCluster: mobile: mHasMobileDataFeature=true DataTypeShown=zz_moto_stat_sys_data_fully_connected_4g_lte Activity=zz_moto_stat_sys_data_fully_connected_signal_none Accessibility="4 G L T E"
03-02 02:14:51.724   465   775 V ConnectivityService: enforceCheckPermissionforHiPri:Pid=19557ret=true
03-02 02:14:51.849   577   577 D PhoneStatusBar: addNotification score=0
03-02 02:14:52.091   465   523 V AlarmManager: sending alarm Alarm{42adde38 type 1 com.metago.astro}
03-02 02:14:52.325   577   577 I SBar.NetworkController: onSignalStrengthsChanged SignalStrength: 99 -1 -74 -70 -68 -1 5 16 -85 -5 188 9 cdma 0 -108 -1 false 0 0 5 4 5 16 4 99 5 5 5 5 5 5 5 99 level=5
03-02 02:14:52.333   577   577 I SBar.NetworkController: refreshSignalCluster: mobile: Signal=zz_moto_stat_sys_signal_5bar_5_fully Roaming=(none) mSimIconId=(none) Accessibility="Phone signal full.","Not roaming.",""
03-02 02:14:53.138   577   577 I SBar.NetworkController: onDataActivity: direction=3
03-02 02:14:53.138   577   577 I SBar.NetworkController: refreshSignalCluster: mobile: mHasMobileDataFeature=true DataTypeShown=zz_moto_stat_sys_data_fully_connected_4g_lte Activity=zz_moto_stat_sys_data_fully_connected_signal_inout Accessibility="4 G L T E"
03-02 02:14:54.036   465  2669 V ConnectivityService: enforceCheckPermissionforHiPri:Pid=19557ret=true
03-02 02:14:54.138   577   577 I SBar.NetworkController: onDataActivity: direction=0
03-02 02:14:54.146   577   577 I SBar.NetworkController: refreshSignalCluster: mobile: mHasMobileDataFeature=true DataTypeShown=zz_moto_stat_sys_data_fully_connected_4g_lte Activity=zz_moto_stat_sys_data_fully_connected_signal_none Accessibility="4 G L T E"
03-02 02:14:54.185   577   577 D PhoneStatusBar: addNotification score=0
03-02 02:14:55.099   465   523 V AlarmManager: sending alarm Alarm{4288b200 type 1 com.metago.astro}
03-02 02:14:56.653   465  2467 V ConnectivityService: enforceCheckPermissionforHiPri:Pid=19557ret=true
03-02 02:14:56.935   577   577 D PhoneStatusBar: addNotification score=0
03-02 02:14:58.114   465   523 V AlarmManager: sending alarm Alarm{4277f948 type 1 com.metago.astro}
03-02 02:14:58.177   577   577 I SBar.NetworkController: onDataActivity: direction=3
