03-02 02:37:45.444   221   443 D HDMI_OMAP: hdmiOmap_SetPwrState: On -> Off
03-02 02:37:45.444   221   443 D HDMI_OMAP: hdmiOmap_disableEvents
03-02 02:37:45.444   221   446 D SurfaceFlinger: About to give-up screen, flinger = 0x40c3eaf8
03-02 02:37:45.444   221 21747 D HDMI_OMAP: hdmiOmap_eventLoop: Exiting
03-02 02:37:45.444   221   443 D HDMI_HW : hdmiHw_setHpdEnable (0)
03-02 02:37:45.444   221   443 D HDMI_HW : Setting HDMI PwrCtrl State (1)
03-02 02:37:45.491 20304 20304 D ModemStatsService: receive intent android.intent.action.SCREEN_OFF
03-02 02:37:45.491 20304 20304 D ModemStatsService: handleDisplayOn, display on = false
03-02 02:37:45.507   224   570 E AudioHardwareMot: Error:Unsupported key = screen_state=off
03-02 02:37:45.514   756   756 D PortalService: Portal onReceive: 
03-02 02:37:45.514   756   854 I PortalService: onHandleIntent() action android.intent.action.SCREEN_OFF
03-02 02:37:45.514   756   854 D PortalService: Android Display Off
03-02 02:37:45.530 21445 21445 W IInputConnectionWrapper: clearMetaKeyStates on inactive InputConnection
03-02 02:37:45.546   704   704 D SensorManager: caller of unregisterListener:704,sensor type: ALL
03-02 02:37:45.780   762   764 D dalvikvm: GC_CONCURRENT freed 1905K, 22% free 8524K/10851K, paused 12ms+4ms, total 44ms
03-02 02:37:45.780   762 21781 D dalvikvm: WAIT_FOR_CONCURRENT_GC blocked 21ms
03-02 02:37:45.944   861   862 D dalvikvm: GC_CONCURRENT freed 1808K, 23% free 8837K/11427K, paused 14ms+5ms, total 57ms
03-02 02:37:45.944   861   890 D dalvikvm: WAIT_FOR_CONCURRENT_GC blocked 14ms
03-02 02:37:47.046   465   523 V AlarmManager: sending alarm Alarm{428402f0 type 1 com.metago.astro}
03-02 02:37:50.069   465   523 V AlarmManager: sending alarm Alarm{42a892a0 type 1 com.metago.astro}
03-02 02:37:50.428   465   523 V AlarmManager: sending alarm Alarm{4264ce40 type 2 android}
03-02 02:37:50.444   465   525 V LockPatternKeyguardView: Set visibility on com.android.internal.policy.impl.LockPatternKeyguardView$5@423c71e0 to 8388608
03-02 02:37:50.467   465   525 V TransportControlView: Create TCV com.android.internal.widget.TransportControlView@420f13e0
03-02 02:37:50.530   465   525 V KeyguardViewManager: KGVM: Set visibility on com.android.internal.policy.impl.KeyguardViewManager$KeyguardViewHost@42e12708 to 6291456
03-02 02:37:50.538   756   756 D PortalService: Portal onReceive: 
03-02 02:37:50.538   756   854 I PortalService: onHandleIntent() action android.intent.action.CLOSE_SYSTEM_DIALOGS
03-02 02:37:50.538   577   577 D PhoneStatusBar: disable: < expand icons alerts ticker system_info back home RECENT* clock >
03-02 02:37:50.561   465   525 D android.widget.GridLayout: vertical constraints: y5-y0>=922, y5-y4<=0, y4-y3<=29, y3-y2<=2, y2-y1<=29, y1-y0<=134 are inconsistent; permanently removing: y5-y4<=0. 
03-02 02:37:50.608   465   525 V LockPatternKeyguardView: Set visibility on com.android.internal.policy.impl.LockPatternKeyguardView$5@423c71e0 to 8388608
03-02 02:37:50.616   577   577 D PhoneStatusBar: disable: < expand icons alerts ticker system_info BACK* HOME* RECENT CLOCK* >
03-02 02:37:50.671   465   525 V LockPatternKeyguardView: Set visibility on com.android.internal.policy.impl.LockPatternKeyguardView$5@423c71e0 to 8388608
03-02 02:37:53.100   465   523 V AlarmManager: sending alarm Alarm{4284a2a8 type 1 com.metago.astro}
03-02 02:37:53.217   465   523 V AlarmManager: sending alarm Alarm{423ce1d8 type 3 android}
03-02 02:37:53.225   465   702 W ThrottleService: unable to find stats for iface rmnet0
03-02 02:37:56.124   465   523 V AlarmManager: sending alarm Alarm{42acedf8 type 1 com.metago.astro}
03-02 02:37:56.733   704   704 D MdmMoveNotice: onEndMovement! - LTE
03-02 02:37:56.733   704   704 I MdmMoveNotice: sending data to oem ril
03-02 02:37:56.858   704   704 I MdmMoveNotice: handling message...
03-02 02:37:59.147   465   523 V AlarmManager: sending alarm Alarm{425fb950 type 1 com.metago.astro}
03-02 02:37:59.999   465   523 V AlarmManager: sending alarm Alarm{42562198 type 3 android}
03-02 02:38:00.077   577   577 D SizeAdaptiveLayout: com.android.internal.widget.SizeAdaptiveLayout@41e55cd8child view android.widget.FrameLayout@41f08e98 measured out of bounds at 95px clamped to 96px
03-02 02:38:02.171   465   523 V AlarmManager: sending alarm Alarm{42534a88 type 1 com.metago.astro}
03-02 02:38:05.194   465   523 V AlarmManager: sending alarm Alarm{428fd030 type 1 com.metago.astro}
03-02 02:38:08.217   465   523 V AlarmManager: sending alarm Alarm{4213c9d8 type 1 com.metago.astro}
03-02 02:38:10.249 21792 21792 D AndroidRuntime: 
03-02 02:38:10.249 21792 21792 D AndroidRuntime: >>>>>> AndroidRuntime START com.android.internal.os.RuntimeInit <<<<<<
03-02 02:38:10.249 21792 21792 D AndroidRuntime: CheckJNI is OFF
03-02 02:38:10.264 21792 21792 D dalvikvm: Trying to load lib libjavacore.so 0x0
03-02 02:38:10.272 21792 21792 D dalvikvm: Added shared lib libjavacore.so 0x0
03-02 02:38:10.280 21792 21792 D dalvikvm: Trying to load lib libnativehelper.so 0x0
03-02 02:38:10.280 21792 21792 D dalvikvm: Added shared lib libnativehelper.so 0x0
03-02 02:38:10.702 21792 21792 D AndroidRuntime: Calling main entry com.android.commands.am.Am
03-02 02:38:10.788   465  4199 I ActivityManager: START {flg=0x10000000 cmp=com.me.smsrpg/.SMSRPG u=0} from pid 21792
03-02 02:38:10.803 21792 21792 D AndroidRuntime: Shutting down VM
03-02 02:38:10.811 21792 21802 I AndroidRuntime: NOTE: attach of thread 'Binder_3' failed
03-02 02:38:10.811 21792 21796 D dalvikvm: GC_CONCURRENT freed 98K, 87% free 562K/4096K, paused 1ms+1ms, total 7ms
03-02 02:38:11.241   465   523 V AlarmManager: sending alarm Alarm{4258dc60 type 1 com.metago.astro}
03-02 02:38:11.358   217   436 D MDnsDS  : MDnsSdListener::Monitor poll timed out
03-02 02:38:11.358   217   436 D MDnsDS  : Going to poll with pollCount 1
03-02 02:38:12.671 21807 21807 D AndroidRuntime: 
03-02 02:38:12.671 21807 21807 D AndroidRuntime: >>>>>> AndroidRuntime START com.android.internal.os.RuntimeInit <<<<<<
03-02 02:38:12.671 21807 21807 D AndroidRuntime: CheckJNI is OFF
03-02 02:38:12.686 21807 21807 D dalvikvm: Trying to load lib libjavacore.so 0x0
03-02 02:38:12.686 21807 21807 D dalvikvm: Added shared lib libjavacore.so 0x0
03-02 02:38:12.702 21807 21807 D dalvikvm: Trying to load lib libnativehelper.so 0x0
03-02 02:38:12.702 21807 21807 D dalvikvm: Added shared lib libnativehelper.so 0x0
03-02 02:38:13.116 21807 21807 D AndroidRuntime: Calling main entry com.android.commands.pm.Pm
03-02 02:38:13.147   465   484 W ActivityManager: No content provider found for permission revoke: file:///data/local/tmp/SMSRPG-debug.apk
03-02 02:38:13.147   465   484 W ActivityManager: No content provider found for permission revoke: file:///data/local/tmp/SMSRPG-debug.apk
03-02 02:38:13.155   465   484 W PackageParser: Unknown element under <manifest>: receiver at /data/app/vmdl-1802371834.tmp Binary XML file line #9
03-02 02:38:13.155   465   484 I PackageParser: com.me.smsrpg: compat added android.permission.WRITE_EXTERNAL_STORAGE android.permission.READ_PHONE_STATE
03-02 02:38:13.225   465   484 I PackageManager: Removing non-system package:com.me.smsrpg
03-02 02:38:13.241   465   480 I ActivityManager: Force stopping package com.me.smsrpg uid=10240
03-02 02:38:13.241   465   480 I ActivityManager: Killing proc 21413:com.me.smsrpg/u0a240: force stop
03-02 02:38:13.241   465   480 I ActivityManager:   Force finishing activity ActivityRecord{41ec2bd0 com.me.smsrpg/.SMSRPG}
03-02 02:38:13.257   465  2467 I WindowState: WIN DEATH: Window{421a85a0 com.me.smsrpg/com.me.smsrpg.SMSRPG paused=true}
03-02 02:38:13.749   465   484 I PackageManager: Running dexopt on: com.me.smsrpg
03-02 02:38:13.749   465   484 I PackageManager: Package com.me.smsrpg codePath changed from /data/app/com.me.smsrpg-1.apk to /data/app/com.me.smsrpg-2.apk; Retaining data and using new
03-02 02:38:13.780   465   775 W InputMethodManagerService: Starting input on non-focused client com.android.internal.view.IInputMethodClient$Stub$Proxy@4260b618 (uid=10277 pid=21445)
03-02 02:38:13.850 21818 21818 D dalvikvm: DexOpt: load 14ms, verify+opt 48ms, 249996 bytes
03-02 02:38:13.874   465   480 I ActivityManager: Force stopping package com.me.smsrpg uid=10240
03-02 02:38:13.874   465   484 W PackageManager: Code path for pkg : com.me.smsrpg changing from /data/app/com.me.smsrpg-1.apk to /data/app/com.me.smsrpg-2.apk
03-02 02:38:13.882   465   484 W PackageManager: Resource path for pkg : com.me.smsrpg changing from /data/app/com.me.smsrpg-1.apk to /data/app/com.me.smsrpg-2.apk
03-02 02:38:14.085   465   467 D dalvikvm: GC_CONCURRENT freed 2898K, 23% free 21375K/27427K, paused 18ms+15ms, total 207ms
03-02 02:38:14.092   465   484 D dalvikvm: WAIT_FOR_CONCURRENT_GC blocked 69ms
03-02 02:38:14.249   465   523 V AlarmManager: sending alarm Alarm{421cb578 type 1 com.metago.astro}
03-02 02:38:14.444   465   484 D PackageManager: New package installed in /data/app/com.me.smsrpg-2.apk
03-02 02:38:14.780   465   524 I Choreographer: Skipped 49 frames!  The application may be doing too much work on its main thread.
03-02 02:38:14.796   465   484 I ActivityManager: Force stopping package com.me.smsrpg uid=10240
03-02 02:38:14.803 12406 12406 D dalvikvm: WAIT_FOR_CONCURRENT_GC blocked 0ms
03-02 02:38:14.803   861   861 D dalvikvm: WAIT_FOR_CONCURRENT_GC blocked 0ms
03-02 02:38:14.850   861   861 D dalvikvm: GC_EXPLICIT freed 832K, 25% free 8573K/11427K, paused 3ms+4ms, total 45ms
03-02 02:38:14.850   809   809 D dalvikvm: WAIT_FOR_CONCURRENT_GC blocked 0ms
03-02 02:38:14.866 12406 12406 D dalvikvm: GC_EXPLICIT freed 1343K, 14% free 9066K/10531K, paused 3ms+9ms, total 60ms
03-02 02:38:14.889   465   478 D dalvikvm: WAIT_FOR_CONCURRENT_GC blocked 0ms
03-02 02:38:14.921   465   529 I InputManager-JNI: Setting pointerVelocityControlParameters.acceleration 3.000000 2.
03-02 02:38:14.921   465   529 I InputReader: Reconfiguring input devices.  changes=0x00000010
03-02 02:38:14.928   778   981 D AccountTypeManager: Registering external account type=com.facebook.auth.login, packageName=com.facebook.katana
03-02 02:38:14.967   778   981 W ResourceType: getEntry failing because entryIndex 827 is beyond type entryCount 296
03-02 02:38:14.967   778   981 W ResourceType: Failure getting entry for 0x7f02033b (t=1 e=827) in package 0 (error -2147483647)
03-02 02:38:14.967   778   981 D AccountTypeManager: Registering external account type=com.motorola.android.buacontactadapter, packageName=com.motorola.android.buacontactadapter
03-02 02:38:14.967   465  2671 I ActivityManager: Start proc com.motorola.MotGallery2 for broadcast com.motorola.MotGallery2/com.android.gallery3d.app.PackagesMonitor: pid=21820 uid=10309 gids={1006, 3003, 1015, 9003, 9007, 9008, 3002, 3001, 1028}
03-02 02:38:15.030   809   809 D dalvikvm: GC_EXPLICIT freed 776K, 19% free 17977K/21923K, paused 4ms+7ms, total 176ms
03-02 02:38:15.030   809   809 D Launcher.Model: onReceive intent=Intent { act=android.intent.action.PACKAGE_REMOVED dat=package:com.me.smsrpg flg=0x8000010 (has extras) }
03-02 02:38:15.053   809   809 D Launcher.Model: onReceive intent=Intent { act=android.intent.action.PACKAGE_ADDED dat=package:com.me.smsrpg flg=0x8000010 (has extras) }
03-02 02:38:15.053   809   868 D Launcher.Model: mAllAppsList.updatePackage com.me.smsrpg
03-02 02:38:15.053   465   529 I InputManager-JNI: Setting pointerVelocityControlParameters.acceleration 3.000000 2.
03-02 02:38:15.053   465   529 I InputReader: Reconfiguring input devices.  changes=0x00000010
03-02 02:38:15.092   465   518 W InputMethodManagerService: Skipping input method ComponentInfo{com.motorola.inputmethod.latin/com.motorola.inputmethod.latin.LatinIMEBell}: it does not require the permission android.permission.BIND_INPUT_METHOD
03-02 02:38:15.092   465   518 W InputMethodManagerService: Skipping input method ComponentInfo{com.motorola.inputmethod.latin/com.motorola.inputmethod.latin.LatinIMEQwerty}: it does not require the permission android.permission.BIND_INPUT_METHOD
03-02 02:38:15.100   465   518 W InputMethodManagerService: Skipping input method ComponentInfo{com.motorola.inputmethod.motosmarthandwriting/com.motorola.inputmethod.motosmarthandwriting.MotoSmartHandWritingService}: it does not require the permission android.permission.BIND_INPUT_METHOD
03-02 02:38:15.100   465   518 W InputMethodManagerService: Skipping input method ComponentInfo{com.motorola.inputmethod.gpinyin/com.motorola.inputmethod.gpinyin.PinyinIMEQwerty}: it does not require the permission android.permission.BIND_INPUT_METHOD
03-02 02:38:15.100   465   518 W InputMethodManagerService: Skipping input method ComponentInfo{com.motorola.inputmethod.gpinyin/com.motorola.inputmethod.gpinyin.PinyinIMEB}: it does not require the permission android.permission.BIND_INPUT_METHOD
03-02 02:38:15.100   465   518 W InputMethodManagerService: Skipping input method ComponentInfo{com.motorola.inputmethod.stroke/com.motorola.inputmethod.stroke.StrokeIME}: it does not require the permission android.permission.BIND_INPUT_METHOD
03-02 02:38:15.100   465   518 W InputMethodManagerService: Found no subtypes in a system IME: com.motorola.inputmethod.entry
03-02 02:38:15.171   778   981 D AccountTypeManager: Registering external account type=com.motorola.contacts.preloaded, packageName=com.motorola.contacts.preloadcontacts
03-02 02:38:15.178 21820 21820 E Trace   : error opening trace file: No such file or directory (2)
03-02 02:38:15.210   778   981 D AccountTypeManager: find card account type,com.android.contacts
03-02 02:38:15.210   778   981 D AccountTypeManager: Registering 1 extension packages
03-02 02:38:15.217   778   981 E ExternalAccountType: Unsupported attribute readOnly
03-02 02:38:15.233   465   478 D dalvikvm: GC_EXPLICIT freed 1244K, 23% free 21311K/27427K, paused 17ms+32ms, total 347ms
03-02 02:38:15.241   465   484 D dalvikvm: WAIT_FOR_CONCURRENT_GC blocked 164ms
03-02 02:38:15.257   778   981 D AccountTypeManager: Registering extension package account type=com.google, dataSet=plus, packageName=com.google.android.apps.plus
03-02 02:38:15.272 21820 21820 I ActivityThread: Pub com.motorola.gallery3d.provider: com.android.gallery3d.provider.GalleryProvider
03-02 02:38:15.272   778   981 I AccountTypeManager: Loaded meta-data for 7 account types, 4 accounts in 351ms(wall) 32ms(cpu)
03-02 02:38:15.288   778   981 D AccountTypeManager: Registering external account type=com.facebook.auth.login, packageName=com.facebook.katana
03-02 02:38:15.303 21820 21820 D DLNAApplication: initDlna 
03-02 02:38:15.311   778   981 W ResourceType: getEntry failing because entryIndex 827 is beyond type entryCount 296
03-02 02:38:15.311   778   981 W ResourceType: Failure getting entry for 0x7f02033b (t=1 e=827) in package 0 (error -2147483647)
03-02 02:38:15.311   778   981 D AccountTypeManager: Registering external account type=com.motorola.android.buacontactadapter, packageName=com.motorola.android.buacontactadapter
03-02 02:38:15.319   224   459 D AudioHardwareMot: Output latency, using cached value = 99
03-02 02:38:15.319 21820 21832 E MediaPlayer: Uri is  content://settings/system/notification_sound
03-02 02:38:15.327   778   981 D AccountTypeManager: Registering external account type=com.motorola.contacts.preloaded, packageName=com.motorola.contacts.preloadcontacts
03-02 02:38:15.327   778   981 D AccountTypeManager: find card account type,com.android.contacts
03-02 02:38:15.327   778   981 D AccountTypeManager: Registering 1 extension packages
03-02 02:38:15.358   778   981 E ExternalAccountType: Unsupported attribute readOnly
03-02 02:38:15.397   778   981 D AccountTypeManager: Registering extension package account type=com.google, dataSet=plus, packageName=com.google.android.apps.plus
03-02 02:38:15.405 21186 21196 D MediaExtProvider: call openDbForExtensions internal=true
03-02 02:38:15.405   465  2672 I ActivityManager: Start proc com.android.keychain for broadcast com.android.keychain/.KeyChainBroadcastReceiver: pid=21835 uid=1000 gids={3003, 1015, 3002, 3001, 1028, 9009, 1004, 2002, 9000, 9002, 9004, 3007, 3005}
03-02 02:38:15.428   465   478 D PackageManager: generateServicesMap(android.accounts.AccountAuthenticator): 12 services unchanged
03-02 02:38:15.428   465   523 V AlarmManager: sending alarm Alarm{42626320 type 2 android}
03-02 02:38:15.436   778   981 I AccountTypeManager: Loaded meta-data for 7 account types, 4 accounts in 165ms(wall) 33ms(cpu)
03-02 02:38:15.436   223  2304 D MotDrmPlugIn: MotDrmPlugIn::onSetOnInfoListener : 7251
03-02 02:38:15.444   223   223 D MotDrmPlugIn: MotDrmPlugIn::onOpenDecryptSession by fd : 11
03-02 02:38:15.444   223   223 D         : filename = /system/media/audio/notifications/Droid.ogg
03-02 02:38:15.452   224   570 I AwesomePlayer: setDataSource_l, relinquish mLock to avoid blocking at http playback
03-02 02:38:15.460   224 21845 I OMXCodec: isAudio=1, mMIME=audio/vorbis
03-02 02:38:15.460   224 21845 D OMXCodec: Try to get codec specific data...
03-02 02:38:15.460   224 21845 I OMX     : node=32, cmd=0, param=2
03-02 02:38:15.467   224 21847 I OMX     : OnEvent(0, 0, 2)
03-02 02:38:15.467   224 21848 I OMX     : node=32, cmd=0, param=3
03-02 02:38:15.467   224 21847 I OMX     : OnEvent(0, 0, 3)
03-02 02:38:15.467 21820 21832 D Ringtone: Successfully created local player
03-02 02:38:15.467   224   460 I OMX     : node=32, cmd=0, param=2
03-02 02:38:15.467   224 21847 I OMX     : OnEvent(0, 0, 2)
03-02 02:38:15.467   224 21848 I OMX     : node=32, cmd=0, param=1
03-02 02:38:15.467   224 21847 I OMX     : OnEvent(0, 0, 1)
03-02 02:38:15.467   224 21848 W libutils.threads: Thread (this=0x413c0dd0): don't call join() from this Thread object's thread. It's a guaranteed deadlock!
03-02 02:38:15.467 21820 21832 E MediaPlayer: Uri is  content://settings/system/notification_sound
03-02 02:38:15.483   465   525 D SensorManager: caller of registerListener:465,sensor type:5
03-02 02:38:15.499   223   289 D MotDrmPlugIn: MotDrmPlugIn::onSetOnInfoListener : 7251
03-02 02:38:15.499   223  2305 D MotDrmPlugIn: MotDrmPlugIn::onOpenDecryptSession by fd : 11
03-02 02:38:15.499   223  2305 D         : filename = /system/media/audio/notifications/Droid.ogg
03-02 02:38:15.507   224  3548 I AwesomePlayer: setDataSource_l, relinquish mLock to avoid blocking at http playback
03-02 02:38:15.514   224 21850 I OMXCodec: isAudio=1, mMIME=audio/vorbis
03-02 02:38:15.514   224 21850 D OMXCodec: Try to get codec specific data...
03-02 02:38:15.514   224 21850 I OMX     : node=33, cmd=0, param=2
03-02 02:38:15.514 21835 21835 E Trace   : error opening trace file: No such file or directory (2)
03-02 02:38:15.514   224 21850 I OMX     : OnEvent(0, 0, 2)
03-02 02:38:15.514   224 21852 I OMX     : node=33, cmd=0, param=3
03-02 02:38:15.514   224 21851 I OMX     : OnEvent(0, 0, 3)
03-02 02:38:15.522 21820 21832 D Ringtone: Successfully created local player
03-02 02:38:15.561   465   523 V AlarmManager: sending alarm Alarm{41f53460 type 2 com.google.android.gsf}
03-02 02:38:15.585   465   523 V AlarmManager: sending alarm Alarm{42b19628 type 2 com.google.android.gms}
03-02 02:38:15.608   465   525 I WindowManager: Lock screen displayed!
03-02 02:38:15.632 20304 20304 D ModemStatsService: receive intent android.intent.action.SCREEN_ON
03-02 02:38:15.632 20304 20304 D ModemStatsService: handleDisplayOn, display on = true
03-02 02:38:15.639   465   478 D PackageManager: generateServicesMap(android.content.SyncAdapter): 32 services unchanged
03-02 02:38:15.639   465   478 D BackupManagerService: Received broadcast Intent { act=android.intent.action.PACKAGE_REMOVED dat=package:com.me.smsrpg flg=0x8000010 (has extras) }
03-02 02:38:15.671   465   478 D PackageManager: generateServicesMap(android.accounts.AccountAuthenticator): 12 services unchanged
03-02 02:38:15.671   465   667 I ActivityManager: Start proc eu.chainfire.supersu for broadcast eu.chainfire.supersu/.InstallReceiver: pid=21855 uid=10243 gids={1028}
03-02 02:38:15.710   221   443 D HWC_HDMI_MOT: Display Active
03-02 02:38:15.710   221   443 D HWC_HDMI_MOT: handle_hdmi_pwrctrl (0/0/1/0)
03-02 02:38:15.710   221   443 D HDMI    : HDMI_SetDisplay (0)
03-02 02:38:15.710   221   443 D HDMI    : HDMI_SetDisplay: Already Off
03-02 02:38:15.710   221   443 D HDMI    : HDMI_SetDetection (1)
03-02 02:38:15.710   221   446 D SurfaceFlinger: Screen about to return, flinger = 0x40c3eaf8
03-02 02:38:15.710   221   443 D HDMI_OMAP: hdmiOmap_SetPwrState: Off -> On
03-02 02:38:15.710   221   443 D HDMI_OMAP: hdmiOmap_enableEvents
03-02 02:38:15.710   221   443 D HDMI_HW : hdmiHw_setHpdEnable (1)
03-02 02:38:15.710   221   443 D HDMI_HW : Setting HDMI PwrCtrl State (2)
03-02 02:38:15.710   221 21867 D HDMI_OMAP: hdmiOmap_eventLoop: Entering
03-02 02:38:15.710 21855 21855 E Trace   : error opening trace file: No such file or directory (2)
03-02 02:38:15.725   465   478 D PackageManager: generateServicesMap(android.content.SyncAdapter): 32 services unchanged
03-02 02:38:15.725   465   478 D BackupManagerService: Received broadcast Intent { act=android.intent.action.PACKAGE_ADDED dat=package:com.me.smsrpg flg=0x8000010 (has extras) }
03-02 02:38:15.725   465   478 V BackupManagerService: removePackageParticipantsLocked: uid=10240 #1
03-02 02:38:15.835 21855 21855 E SuperSU : isLaunchedBySettings: No
03-02 02:38:15.842   809   809 D Launcher.Model: onReceive intent=Intent { act=android.search.action.SEARCHABLES_CHANGED flg=0x20000010 }
03-02 02:38:15.858   465   478 V BackupManagerService: addPackageParticipantsLocked: #1
03-02 02:38:15.866   465  1084 D MotDevicePolicyManagerService: Package com.me.smsrpg, package state=0, action=android.intent.action.PACKAGE_ADDED
03-02 02:38:15.889   465   754 I ActivityManager: Start proc com.motorola.smartmode for broadcast com.motorola.smartmode/.common.PackageChangeReceiver: pid=21870 uid=10274 gids={3003, 1028}
03-02 02:38:15.897 21870 21870 E Trace   : error opening trace file: No such file or directory (2)
03-02 02:38:15.928   809   809 D Launcher.Model: onReceive intent=Intent { act=android.search.action.SEARCHABLES_CHANGED flg=0x20000010 }
03-02 02:38:15.928   465  1084 D MotDevicePolicyManagerService: getAllAppBlackLists - no app blacklist set for all administrators
03-02 02:38:15.928   465  1084 D MotDevicePolicyManagerService: App WhiteList is disabled by all admins.
03-02 02:38:15.928   465  1084 D MotDevicePolicyManagerService: isPolicyAllowed - policy=AllowBrowserStrategy allowed by all admin.
03-02 02:38:15.928   465  1084 D MotDevicePolicyManagerService: isPolicyAllowed - policy=AllowConsumerEmailStrategy allowed by all admin.
03-02 02:38:15.936   465  1084 D MotDevicePolicyManagerService: isPolicyAllowed - policy=AllowTextMessagingStrategy allowed by all admin.
03-02 02:38:15.936   465  1084 D MotDevicePolicyManagerService: Package com.me.smsrpg does NOT conflict with any policy.
03-02 02:38:15.960   224   570 E AudioHardwareMot: Error:Unsupported key = screen_state=on
03-02 02:38:15.960   756   756 D PortalService: Portal onReceive: 
03-02 02:38:15.960   756   854 I PortalService: onHandleIntent() action android.intent.action.SCREEN_ON
03-02 02:38:15.960   756   854 D PortalService: Android Display On
03-02 02:38:15.967 21870 21870 I ActivityThread: Pub com.motorola.smartmode: com.motorola.smartmode.providers.SmartDockProvider
03-02 02:38:15.975 21870 21870 I ActivityThread: Pub com.motorola.smartmode.weather: com.motorola.smartmode.weather.provider.WeatherProvider
03-02 02:38:15.975   704   704 D SensorManager: caller of unregisterListener:704,sensor type: ALL
03-02 02:38:15.975   465  1062 D MotDevicePolicyManagerService: Package com.me.smsrpg, package state=0, action=android.intent.action.PACKAGE_REPLACED
03-02 02:38:15.975   465  1062 D MotDevicePolicyManagerService: getAllAppBlackLists - no app blacklist set for all administrators
03-02 02:38:15.975   465  1062 D MotDevicePolicyManagerService: App WhiteList is disabled by all admins.
03-02 02:38:15.975   465  1062 D MotDevicePolicyManagerService: isPolicyAllowed - policy=AllowBrowserStrategy allowed by all admin.
03-02 02:38:15.975   465  1062 D MotDevicePolicyManagerService: isPolicyAllowed - policy=AllowConsumerEmailStrategy allowed by all admin.
03-02 02:38:15.983 21870 21870 D PackageChangeReceiver: onReceive(), action=android.intent.action.PACKAGE_REMOVED
03-02 02:38:15.983 21870 21870 D PackageChangeReceiver: ACTION_PACKAGE_REMOVED: com.me.smsrpg
03-02 02:38:15.983 21870 21870 D PackageChangeReceiver: uninstallPackage
03-02 02:38:15.999 21870 21870 D PackageChangeReceiver: Sending out UPDATE_UI intent
03-02 02:38:16.030   465  1062 D MotDevicePolicyManagerService: isPolicyAllowed - policy=AllowTextMessagingStrategy allowed by all admin.
03-02 02:38:16.038   465  1062 D MotDevicePolicyManagerService: Package com.me.smsrpg does NOT conflict with any policy.
03-02 02:38:16.053 12361 21888 I PsfIntentHandler: android.intent.action.PACKAGE_REMOVED
03-02 02:38:16.147   577   577 D MotoSystemUIUtils: Not on network extender
03-02 02:38:16.163 20304 20304 D ModemStatsService: onSignalStrengthsChanged
03-02 02:38:16.163 20304 20304 D ModemStatsService: CDMA, mRssi=-60, mEcio=-70
03-02 02:38:16.171 20304 20304 D ModemStatsService: onSignalStrengthsChanged
03-02 02:38:16.171 20304 20304 D ModemStatsService: CDMA, mRssi=-60, mEcio=-70
03-02 02:38:16.171   577   577 D MotoSystemUIUtils: Not on network extender
03-02 02:38:16.194   465   525 I RunwayLauncher: dispatchGrabbedEvent whichHandle2
03-02 02:38:16.202   465  2671 I ActivityManager: No longer want com.motorola.motocast.app (pid 21521): hidden #21
03-02 02:38:16.210   465   525 I RunwayLauncher: dispatchGrabbedEvent whichHandle2
03-02 02:38:16.233   465   525 I RunwayLauncher: dispatchTriggerEvent whichHandle2
03-02 02:38:16.257  1908 21901 D PackageBroadcastService: Received broadcast action=android.intent.action.PACKAGE_REMOVED and uri=com.me.smsrpg
03-02 02:38:16.264   465   465 W InputMethodManagerService: Starting input on non-focused client com.android.internal.view.IInputMethodClient$Stub$Proxy@4260b618 (uid=10277 pid=21445)
03-02 02:38:16.288 21903 21903 I dalvikvm: Turning on JNI app bug workarounds for target SDK version 11...
03-02 02:38:16.296   577   577 D PhoneStatusBar: disable: < expand icons alerts ticker system_info BACK HOME recent* CLOCK >
03-02 02:38:16.296   465   754 I ActivityManager: Start proc com.metago.astro:remote for broadcast com.metago.astro/.receiver.PackageAddedReceiver: pid=21903 uid=10220 gids={3003, 1015, 1028}
03-02 02:38:16.327 21903 21903 E Trace   : error opening trace file: No such file or directory (2)
03-02 02:38:16.413   465   484 D dalvikvm: GC_EXPLICIT freed 1476K, 21% free 21701K/27427K, paused 32ms+66ms, total 1170ms
03-02 02:38:16.428 21807 21807 D AndroidRuntime: Shutting down VM
03-02 02:38:16.428 21807 21811 D dalvikvm: GC_CONCURRENT freed 98K, 88% free 532K/4096K, paused 0ms+0ms, total 4ms
03-02 02:38:16.436 21807 21922 I AndroidRuntime: NOTE: attach of thread 'Binder_3' failed
03-02 02:38:16.444 21855 21869 E dalvikvm: Could not find class 'android.os.UserManager', referenced from method eu.chainfire.supersu.User.
03-02 02:38:16.444 21855 21869 W dalvikvm: VFY: unable to resolve check-cast 95 (Landroid/os/UserManager;) in Leu/chainfire/supersu/User;
03-02 02:38:16.444 21855 21869 D dalvikvm: VFY: replacing opcode 0x1f at 0x0014
03-02 02:38:16.467   577   577 D PhoneStatusBar: disable: < expand icons alerts ticker system_info back* home* recent clock* >
03-02 02:38:16.475   465   476 W InputMethodManagerService: Window already focused, ignoring focus gain of: com.android.internal.view.IInputMethodClient$Stub$Proxy@429f3e28 attribute=android.view.inputmethod.EditorInfo@4288aaa8
03-02 02:38:16.530   465   754 I ActivityManager: No longer want com.google.android.youtube (pid 21535): hidden #21
03-02 02:38:16.819 21939 21939 D AndroidRuntime: 
03-02 02:38:16.819 21939 21939 D AndroidRuntime: >>>>>> AndroidRuntime START com.android.internal.os.RuntimeInit <<<<<<
03-02 02:38:16.819 21939 21939 D AndroidRuntime: CheckJNI is OFF
03-02 02:38:16.827 21939 21939 D dalvikvm: Trying to load lib libjavacore.so 0x0
03-02 02:38:16.835 21939 21939 D dalvikvm: Added shared lib libjavacore.so 0x0
03-02 02:38:16.835 21939 21939 D dalvikvm: Trying to load lib libnativehelper.so 0x0
03-02 02:38:16.835 21939 21939 D dalvikvm: Added shared lib libnativehelper.so 0x0
03-02 02:38:16.913   465  4199 I ActivityManager: Start proc com.google.android.partnersetup for broadcast com.google.android.partnersetup/.RlzPingBroadcastReceiver: pid=21948 uid=10052 gids={3003, 1028}
03-02 02:38:16.913   465  4199 I ActivityManager: No longer want com.google.android.apps.uploader (pid 21506): hidden #21
03-02 02:38:16.921 21948 21948 E Trace   : error opening trace file: No such file or directory (2)
03-02 02:38:16.928 21948 21948 I ActivityThread: Pub com.google.android.partnersetup.rlzprovider: com.google.android.partnersetup.RlzProvider
03-02 02:38:16.928 21948 21948 I ActivityThread: Pub com.google.android.partnersetup.rlzappprovider: com.google.android.partnersetup.RlzAppProvider
03-02 02:38:16.960 21870 21870 D PackageChangeReceiver: onReceive(), action=android.intent.action.PACKAGE_ADDED
03-02 02:38:17.022 12361 21963 I PsfIntentHandler: android.intent.action.PACKAGE_ADDED
03-02 02:38:17.038  1908 21964 D PackageBroadcastService: Received broadcast action=android.intent.action.PACKAGE_ADDED and uri=com.me.smsrpg
03-02 02:38:17.069  1908 21965 D dalvikvm: WAIT_FOR_CONCURRENT_GC blocked 0ms
03-02 02:38:17.116  1908 21966 I PeopleContactsSync: CP2 sync disabled
03-02 02:38:17.116   685   685 D PackageAddedReceiver: package added com.me.smsrpg
03-02 02:38:17.132 21939 21939 D AndroidRuntime: Calling main entry com.android.commands.am.Am
03-02 02:38:17.186   465   667 I ActivityManager: Start proc com.google.android.apps.maps:FriendService for broadcast com.google.android.apps.maps/com.google.googlenav.friend.android.ServiceReceiver: pid=21971 uid=10010 gids={3003, 1015, 1028}
03-02 02:38:17.202  1908 21965 D dalvikvm: GC_EXPLICIT freed 569K, 16% free 9520K/11235K, paused 2ms+6ms, total 129ms
03-02 02:38:17.217   465   754 I ActivityManager: Start proc com.motorola.motoemail:moxierengine for service com.motorola.motoemail/com.moxier.eas.engine.service.ExchangeBroadcastProcessorService: pid=21983 uid=10247 gids={3003, 1015, 1028}
03-02 02:38:17.217   465   465 I ActivityManager: START {flg=0x10000000 cmp=com.me.smsrpg/.SMSRPG u=0} from pid 21939
03-02 02:38:17.233 21971 21971 E Trace   : error opening trace file: No such file or directory (2)
03-02 02:38:17.272 21939 21939 D AndroidRuntime: Shutting down VM
03-02 02:38:17.280 21939 21944 D dalvikvm: GC_CONCURRENT freed 98K, 87% free 562K/4096K, paused 0ms+0ms, total 4ms
03-02 02:38:17.280 21983 21983 E Trace   : error opening trace file: No such file or directory (2)
03-02 02:38:17.288 21939 21995 I AndroidRuntime: NOTE: attach of thread 'Binder_3' failed
03-02 02:38:17.303 21996 21996 D dalvikvm: Late-enabling CheckJNI
03-02 02:38:17.311   465   476 I ActivityManager: Start proc com.me.smsrpg for activity com.me.smsrpg/.SMSRPG: pid=21996 uid=10240 gids={1015, 1028}
03-02 02:38:17.311   465  2668 I ActivityManager: No longer want com.motorola.atcmdlauncher (pid 21602): hidden #21
03-02 02:38:17.374 21996 21996 E Trace   : error opening trace file: No such file or directory (2)
03-02 02:38:17.405 21983 21983 I ActivityThread: Pub com.moxier.eas.providers.notes: com.moxier.eas.engine.provider.EasNotesProvider
03-02 02:38:17.421 21983 21983 I ActivityThread: Pub com.moxier.eas.providers.tasks: com.moxier.eas.engine.provider.EasTasksProvider
03-02 02:38:17.428 21983 21983 I ActivityThread: Pub com.moxier.eas.provider: com.moxier.eas.engine.provider.ExchangeProvider
03-02 02:38:17.436 21983 21983 D Email   : onCreateCommon
03-02 02:38:17.444 21983 21983 D dalvikvm: No JNI_OnLoad found in /system/lib/libcryptomodes-jni.so 0x41e57540, skipping init
03-02 02:38:17.444 21983 21983 I com.motorola.android.cryptograpy.CryptographicModes: Cryptographic modes supported!
03-02 02:38:17.444 21983 21983 I openssl : Crypto mode not selected, openssl will run on its regular mode.
03-02 02:38:17.467 21983 21983 D Email   : onCreateMoxier - com.motorola.motoemail:moxierengine
03-02 02:38:17.499 18873 22012 I EmailEngine: ASF [ 1 ] -  B: true A: true
03-02 02:38:17.507 18873 22012 I EmailEngine: ASF [ 2 ] -  B: true A: true
03-02 02:38:17.546   465  2668 I ActivityManager: No longer want com.facebook.katana (pid 21583): hidden #21
03-02 02:38:17.546   577   577 D PhoneStatusBar: addNotification score=0
03-02 02:38:17.553 21996 21996 I SMSService: Received start id 1: Intent { cmp=com.me.smsrpg/.SMSService }
03-02 02:38:17.592 21445 21445 W IInputConnectionWrapper: showStatusIcon on inactive InputConnection
03-02 02:38:17.632   222   222 D dalvikvm: WAIT_FOR_CONCURRENT_GC blocked 0ms
03-02 02:38:17.639   465  2467 I ActivityManager: Start proc com.motorola.dockservice for broadcast com.motorola.dockservice/.TargetsValidator$SelfUpgradeHandler: pid=22014 uid=10081 gids={3002, 3001, 1028}
03-02 02:38:17.647   465   524 I ActivityManager: Displayed com.me.smsrpg/.SMSRPG: +367ms
03-02 02:38:17.647   465  2467 I ActivityManager: No longer want com.Aetherpal.Device (pid 21616): hidden #21
03-02 02:38:17.655   222   222 D dalvikvm: GC_EXPLICIT freed 39K, 11% free 8133K/9119K, paused 2ms+3ms, total 27ms
03-02 02:38:17.663   222   222 D dalvikvm: WAIT_FOR_CONCURRENT_GC blocked 0ms
03-02 02:38:17.678   222   222 D dalvikvm: GC_EXPLICIT freed <1K, 11% free 8133K/9119K, paused 1ms+2ms, total 22ms
03-02 02:38:17.678   577   577 V PhoneStatusBar: setLightsOn(true)
03-02 02:38:17.686   222   222 D dalvikvm: WAIT_FOR_CONCURRENT_GC blocked 0ms
03-02 02:38:17.694 22014 22014 E Trace   : error opening trace file: No such file or directory (2)
03-02 02:38:17.710   577   577 D SizeAdaptiveLayout: com.android.internal.widget.SizeAdaptiveLayout@422dfcb8child view android.widget.FrameLayout@42310498 measured out of bounds at 95px clamped to 96px
03-02 02:38:17.710 22014 22014 I ActivityThread: Pub com.motorola.dockservice.model: com.motorola.dockservice.DockProvider
03-02 02:38:17.710   222   222 D dalvikvm: GC_EXPLICIT freed <1K, 11% free 8133K/9119K, paused 1ms+4ms, total 27ms
03-02 02:38:17.757 12361 22026 I PsfIntentHandler: android.intent.action.PACKAGE_REPLACED
03-02 02:38:17.811 12361 22027 E MediatorService: Cannot create command object
03-02 02:38:17.819   465   475 I ActivityManager: No longer want com.vznavigator.DROIDRAZR:remote (pid 21627): hidden #21
03-02 02:38:17.835   465   754 D GpsLocationProvider: GPS status listener died
03-02 02:38:17.866  1908 22028 D PackageBroadcastService: Received broadcast action=android.intent.action.PACKAGE_REPLACED and uri=com.me.smsrpg
03-02 02:38:17.882   465  2671 I ActivityManager: Start proc com.shazam.android for broadcast com.shazam.android/com.shazam.upgrade.AppUpgradeReceiver: pid=22030 uid=10171 gids={3003, 1015, 1028}
03-02 02:38:17.905  1908 22037 I PeopleContactsSync: CP2 sync disabled
03-02 02:38:17.905 22030 22030 I dalvikvm: Turning on JNI app bug workarounds for target SDK version 8...
03-02 02:38:17.928 22030 22030 E Trace   : error opening trace file: No such file or directory (2)
03-02 02:38:17.944   465   523 V AlarmManager: sending alarm Alarm{422f6120 type 1 com.metago.astro}
03-02 02:38:17.975 22030 22030 I ActivityThread: Pub freeRemoteImageProvider: com.shazam.remoteimage.RemoteImageProvider
03-02 02:38:17.975 22030 22030 I ActivityThread: Pub com.shazam.library.providers.freeimporttagscontentprovider: com.shazam.library.providers.ImportTagsFreeContentProvider
03-02 02:38:17.983 22030 22030 I ActivityThread: Pub com.shazam.android.AdMarvelLocalFileContentProvider: com.admarvel.android.ads.AdMarvelLocalFileContentProvider
03-02 02:38:17.983 22030 22030 I ActivityThread: Pub shazamLibraryFree: com.shazam.library.LibraryDAO
03-02 02:38:18.014 22030 22030 I ActivityThread: Pub freeGuaranteedHttpProvider: com.shazam.android.networking.GuaranteedHttpProvider
03-02 02:38:18.030 12406 12419 W asset   : Asset path /mnt/asec/com.zynga.words-2/pkg.apk is neither a directory nor file (type=1).
03-02 02:38:18.053   465   476 D dalvikvm: WAIT_FOR_CONCURRENT_GC blocked 0ms
03-02 02:38:18.163 22030 22030 I Crittercism: Crittercism Initialized.
03-02 02:38:18.186 22030 22047 D libc    : Forward DNS query to netd(h=api.crittercism.com s=^)
03-02 02:38:18.233   465   476 D dalvikvm: GC_EXPLICIT freed 1612K, 23% free 21337K/27427K, paused 7ms+11ms, total 178ms
03-02 02:38:18.296 22030 22032 D dalvikvm: GC_CONCURRENT freed 1357K, 15% free 8588K/10019K, paused 2ms+2ms, total 23ms
03-02 02:38:18.296 22030 22030 D dalvikvm: WAIT_FOR_CONCURRENT_GC blocked 16ms
03-02 02:38:18.382 22030 22030 I b       : Channel: 
03-02 02:38:18.389 22030 22030 I LicenseChecker: Binding to licensing service.
03-02 02:38:18.389 22030 22030 I AppUpgradeReceiver: Notified of app replace. package:com.me.smsrpg#Intent;action=android.intent.action.PACKAGE_REPLACED;launchFlags=0x8000010;component=com.shazam.android/com.shazam.upgrade.AppUpgradeReceiver;B.android.intent.extra.REPLACING=true;i.android.intent.extra.UID=10240;end
03-02 02:38:18.389   465   753 W ActivityManager: Permission Denial: Accessing service ComponentInfo{com.android.vending/com.google.android.finsky.services.LicensingService} from pid=22030, uid=10171 requires com.android.vending.CHECK_LICENSE
03-02 02:38:18.389   465   808 I ActivityManager: No longer want com.motricity.verizon.ssodownloadable (pid 21686): hidden #21
03-02 02:38:18.530  8569  8569 I Verizon Location Agent: Setup SCG service
03-02 02:38:18.538   465   754 I ActivityManager: Start proc com.google.android.apps.maps:LocationFriendService for broadcast com.google.android.apps.maps/com.google.googlenav.friend.reporting.LocationReportingIntentReceiver: pid=22054 uid=10010 gids={3003, 1015, 1028}
03-02 02:38:18.553 22054 22054 E Trace   : error opening trace file: No such file or directory (2)
03-02 02:38:18.592  8569  8569 W dalvikvm: dvmFindClassByName rejecting ''
03-02 02:38:18.592  8569  8569 E SCGAndroidPlatformInitializer: Error initializing platform: com.tcs.la.platform.a.a: Error getting : 
03-02 02:38:18.608  8569  8569 E Verizon Location Agent: Error setting up platform
03-02 02:38:18.608  8569  8569 I Verizon Location Agent: Received start id 52: Intent { cmp=com.telecomsys.android.SCG/.SCGService }
03-02 02:38:18.686  8569  8571 D dalvikvm: GC_CONCURRENT freed 1966K, 20% free 8732K/10787K, paused 11ms+6ms, total 150ms
03-02 02:38:18.788 22054 22056 D dalvikvm: GC_CONCURRENT freed 948K, 11% free 8983K/10019K, paused 12ms+2ms, total 37ms
03-02 02:38:18.788 22054 22054 D dalvikvm: WAIT_FOR_CONCURRENT_GC blocked 10ms
03-02 02:38:18.811 12361 22071 I PsfIntentHandler: com.motorola.contextual.smartrules.intent.action.PSR_INIT
03-02 02:38:18.819   465   806 I ActivityManager: No longer want com.motorola.vvm (pid 21698): hidden #21
03-02 02:38:19.069 20304 20304 D ModemStatsService: onDataActivity
03-02 02:38:19.069 20304 20304 D ModemStatsService: direction is 3
03-02 02:38:19.077 20304 20304 D ModemStatsService: Idle_Duration=851
03-02 02:38:19.077   577   577 D MotoSystemUIUtils: Not on network extender
03-02 02:38:19.077   577   577 I SBar.NetworkController: onDataActivity: direction=3
03-02 02:38:19.085   577   577 I SBar.NetworkController: refreshSignalCluster: mobile: mHasMobileDataFeature=true DataTypeShown=zz_moto_stat_sys_data_fully_connected_4g_lte Activity=zz_moto_stat_sys_data_fully_connected_signal_inout Accessibility="4 G L T E"
03-02 02:38:21.085 20304 20304 D ModemStatsService: onDataActivity
03-02 02:38:21.085 20304 20304 D ModemStatsService: direction is 0
03-02 02:38:21.092 20304 20304 D ModemStatsService: Active_Duration=21
03-02 02:38:21.116   577   577 D MotoSystemUIUtils: Not on network extender
03-02 02:38:21.116   577   577 I SBar.NetworkController: onDataActivity: direction=0
03-02 02:38:21.124   577   577 I SBar.NetworkController: refreshSignalCluster: mobile: mHasMobileDataFeature=true DataTypeShown=zz_moto_stat_sys_data_fully_connected_4g_lte Activity=zz_moto_stat_sys_data_fully_connected_signal_none Accessibility="4 G L T E"
03-02 02:38:21.827   465   523 V AlarmManager: sending alarm Alarm{420fb580 type 1 com.metago.astro}
03-02 02:38:23.186   465   476 I ActivityManager: No longer want com.motorola.smartcardock (pid 21713): hidden #21
03-02 02:38:24.850   465   523 V AlarmManager: sending alarm Alarm{424b89c0 type 1 com.metago.astro}
03-02 02:38:25.124 20304 20304 D ModemStatsService: onDataActivity
03-02 02:38:25.124   577   577 D MotoSystemUIUtils: Not on network extender
03-02 02:38:25.124 20304 20304 D ModemStatsService: direction is 3
03-02 02:38:25.124   577   577 I SBar.NetworkController: onDataActivity: direction=3
03-02 02:38:25.132 20304 20304 D ModemStatsService: Idle_Duration=855
03-02 02:38:25.132   577   577 I SBar.NetworkController: refreshSignalCluster: mobile: mHasMobileDataFeature=true DataTypeShown=zz_moto_stat_sys_data_fully_connected_4g_lte Activity=zz_moto_stat_sys_data_fully_connected_signal_inout Accessibility="4 G L T E"
03-02 02:38:26.139 20304 20304 D ModemStatsService: onDataActivity
03-02 02:38:26.139 20304 20304 D ModemStatsService: direction is 0
03-02 02:38:26.139   577   577 D MotoSystemUIUtils: Not on network extender
03-02 02:38:26.139 20304 20304 D ModemStatsService: Active_Duration=22
03-02 02:38:26.139   577   577 I SBar.NetworkController: onDataActivity: direction=0
03-02 02:38:26.147   577   577 I SBar.NetworkController: refreshSignalCluster: mobile: mHasMobileDataFeature=true DataTypeShown=zz_moto_stat_sys_data_fully_connected_4g_lte Activity=zz_moto_stat_sys_data_fully_connected_signal_none Accessibility="4 G L T E"
03-02 02:38:27.881   465   523 V AlarmManager: sending alarm Alarm{42b43b30 type 1 com.metago.astro}
03-02 02:38:30.905   465   523 V AlarmManager: sending alarm Alarm{42687448 type 1 com.metago.astro}
03-02 02:38:31.999   465   523 V AlarmManager: sending alarm Alarm{426d0b20 type 0 com.android.vending}
03-02 02:38:32.147 17310 17312 D dalvikvm: GC_CONCURRENT freed 1141K, 18% free 10045K/12131K, paused 4ms+5ms, total 46ms
03-02 02:38:32.147 17310 17340 D dalvikvm: WAIT_FOR_CONCURRENT_GC blocked 34ms
03-02 02:38:32.342 17310 17310 D Finsky  : [1] 5.onFinished: Installation state replication succeeded.
03-02 02:38:33.030   212   212 I BATTD   : BM_CHARGER: Undetect: Charger Volt = 4037, Batt volt+100mV = 4189, Charger Curr = 2
03-02 02:38:33.038   212   212 I BATTD   : set_charge_current=0
03-02 02:38:33.038   465   519 D BatteryTempPolicy: updateBatteryTemp temperature = 230, Threshhold = 3
03-02 02:38:33.046   577   577 I SBar.BatteryController: Show 'discharging': status=3, level=90
03-02 02:38:33.053   212   212 I BATTD   : Battd CHARGER/USB Removed = Success
03-02 02:38:33.053   465   684 D GpsLocationProvider: Gps MessageHandler. msg.what 11 msg.arg1:2 msg.arg2: 0
03-02 02:38:33.053   212   212 I BATTD   : BM_DISPLAY charge_cycle_count(262:11%) (90-90)% increased
03-02 02:38:33.053   465   684 D GpsLocationProvider: handleMvmtmonUpdateCharging: 2
03-02 02:38:33.069   212   212 I BATTD   : Battd USB INSERT = Success
03-02 02:38:33.092   212   212 I BATTD   : set_charge_current=100
03-02 02:38:33.132   465   519 D BatteryTempPolicy: updateBatteryTemp temperature = 230, Threshhold = 3
03-02 02:38:33.139   577   577 I SBar.BatteryController: Show 'discharging': status=3, level=90
03-02 02:38:33.147   465   684 D GpsLocationProvider: Gps MessageHandler. msg.what 11 msg.arg1:0 msg.arg2: 0
03-02 02:38:33.155   465   519 D BatteryTempPolicy: updateBatteryTemp temperature = 230, Threshhold = 3
03-02 02:38:33.155   465   684 D GpsLocationProvider: handleMvmtmonUpdateCharging: 0
03-02 02:38:33.171   465   684 D GpsLocationProvider: Gps MessageHandler. msg.what 11 msg.arg1:2 msg.arg2: 0
03-02 02:38:33.171   465   684 D GpsLocationProvider: handleMvmtmonUpdateCharging: 2
03-02 02:38:33.178   577   577 I SBar.BatteryController: Show 'discharging': status=3, level=90
03-02 02:38:33.186   577   577 W PowerUI : unknown intent: Intent { act=android.intent.action.ACTION_POWER_CONNECTED flg=0x8000010 }
03-02 02:38:33.194   465  2668 I ActivityManager: Start proc com.google.android.apps.uploader for broadcast com.google.android.apps.uploader/com.google.android.picasasync.BatteryReceiver: pid=22084 uid=10064 gids={3003, 1015, 1028}
03-02 02:38:33.217 22084 22084 E Trace   : error opening trace file: No such file or directory (2)
03-02 02:38:33.225 22084 22084 I ActivityThread: Pub com.google.android.apps.uploader.PicasaUploadProvider: com.google.android.picasasync.PicasaContentProvider
03-02 02:38:33.296   212   212 I BATTD   : set_charge_current=0
03-02 02:38:33.303   465   519 D BatteryTempPolicy: updateBatteryTemp temperature = 230, Threshhold = 3
03-02 02:38:33.303   465   476 I ActivityManager: Start proc com.motorola.motocast.app for broadcast com.motorola.motocast.app/com.zecter.droid.autoupload.TriggerReceivers: pid=22099 uid=10311 gids={3003, 1015, 3002, 1028}
03-02 02:38:33.303   465   476 I ActivityManager: No longer want com.google.android.gsf.login (pid 21555): hidden #21
03-02 02:38:33.319   465   684 D GpsLocationProvider: Gps MessageHandler. msg.what 11 msg.arg1:2 msg.arg2: 0
03-02 02:38:33.319   465   684 D GpsLocationProvider: handleMvmtmonUpdateCharging: 2
03-02 02:38:33.319   577   577 I SBar.BatteryController: Show 'discharging': status=3, level=90
03-02 02:38:33.327 22099 22099 E Trace   : error opening trace file: No such file or directory (2)
03-02 02:38:33.327 22084 22096 D PicasaUploader:    wifiOnlyPhoto changed to true
03-02 02:38:33.327 22084 22096 D PicasaUploader:    wifiOnlyVideo changed to true
03-02 02:38:33.327 22084 22096 D PicasaUploader:    syncOnBattery changed to true
03-02 02:38:33.335 22084 22096 D PicasaUploaderSync: sync account database
03-02 02:38:33.350 22084 22096 D PicasaUploaderSync: accounts in DB=1
03-02 02:38:33.366 22099 22099 W TriggerReceivers: Trigger Receiver got Action android.intent.action.ACTION_POWER_CONNECTED
03-02 02:38:33.374 22084 22096 D PicasaUploaderSyncManager: active network: NetworkInfo: type: mobile(0)[LTE], state: CONNECTED/CONNECTED, reason: IMSRegistered, extra: VZWINTERNET, roaming: false, failover: false, isAvailable: true
03-02 02:38:33.374 22084 22096 D PicasaUploaderSyncManager: background data: true
03-02 02:38:33.374   465   806 V ApplicationInfoUtils: Calling Package Name com.motorola.motocast.app
03-02 02:38:33.374   465   806 W ApplicationInfoUtils: CompareAnySignature, Signature Mismatch
03-02 02:38:33.374   465   806 V ApplicationInfoUtils: Is Preloaded App? true
03-02 02:38:33.374   465   806 V ApplicationInfoUtils: Metadata Mismatch
03-02 02:38:33.374   465   806 V ConnectivityService: enforceCheckPermissionforHiPri:Pid=22099ret=false
03-02 02:38:33.382 22084 22096 D PicasaUploaderSyncManager: battery info: true
03-02 02:38:33.382 22099 22099 W DownloadStateManager: Can't start because of wifi restriction
03-02 02:38:33.382 22099 22099 I DownloadStateReceiver: Currently not connected to WiFi, cannot start downloads
03-02 02:38:33.389   465   777 I ActivityManager: No longer want com.android.keychain (pid 21835): hidden #21
03-02 02:38:33.436   465   777 I ActivityManager: Start proc com.google.android.youtube for broadcast com.google.android.youtube/.app.prefetch.PrefetchService$DeviceStateReceiver: pid=22116 uid=10110 gids={3003, 1015, 1006, 1028}
03-02 02:38:33.444 22116 22116 E Trace   : error opening trace file: No such file or directory (2)
03-02 02:38:33.452 22116 22116 D dalvikvm: WAIT_FOR_CONCURRENT_GC blocked 0ms
03-02 02:38:33.514 22116 22116 I ActivityThread: Pub com.google.android.youtube.SuggestionProvider: com.google.android.youtube.core.suggest.SuggestionProvider
03-02 02:38:33.710   577   577 D PhoneStatusBar: disable: < expand icons alerts TICKER* system_info back home recent clock >
03-02 02:38:33.772   212   212 I BATTD   : set_charge_current=500
03-02 02:38:33.780   465   519 D BatteryTempPolicy: updateBatteryTemp temperature = 230, Threshhold = 3
03-02 02:38:33.788 22116 22118 D dalvikvm: GC_CONCURRENT freed 971K, 10% free 9030K/10019K, paused 13ms+12ms, total 72ms
03-02 02:38:33.788 22116 22116 D dalvikvm: WAIT_FOR_CONCURRENT_GC blocked 55ms
03-02 02:38:33.811   465   684 D GpsLocationProvider: Gps MessageHandler. msg.what 11 msg.arg1:2 msg.arg2: 0
03-02 02:38:33.811   465   684 D GpsLocationProvider: handleMvmtmonUpdateCharging: 2
03-02 02:38:33.819   577   577 I SBar.BatteryController: Show 'charging': status=2, level=90
03-02 02:38:33.921   465   523 V AlarmManager: sending alarm Alarm{42175bf8 type 1 com.metago.astro}
03-02 02:38:33.960 22084 22096 D PicasaUploaderSyncManager: battery info: true
03-02 02:38:33.999   465   476 I ActivityManager: Start proc com.facebook.katana for broadcast com.facebook.katana/.service.vault.VaultPowerConnectionReceiver: pid=22151 uid=10167 gids={3003, 1006, 1015, 1028}
03-02 02:38:33.999   465   476 I ActivityManager: No longer want com.metago.astro:remote (pid 21903): hidden #21
03-02 02:38:34.022 22151 22151 I dalvikvm: Turning on JNI app bug workarounds for target SDK version 10...
03-02 02:38:34.046   465   519 D BatteryTempPolicy: updateBatteryTemp temperature = 230, Threshhold = 3
03-02 02:38:34.061 22151 22151 E Trace   : error opening trace file: No such file or directory (2)
