--------- beginning of /dev/log/system
02-28 16:54:44.806   465   475 W ActivityManager: Unable to start service Intent { act=com.android.contacts.VIEW_NOTIFICATION dat=content://com.android.contacts/contacts/82 cmp=com.android.contacts/.ViewNotificationService }: not found
02-28 16:54:44.939   578   578 I SBar.NetworkController: onSignalStrengthsChanged SignalStrength: 99 -1 -60 -70 -65 -1 6 16 -87 -6 106 7 cdma 0 -108 -1 false 0 0 5 4 4 16 8 99 5 5 5 5 5 5 5 99 level=4
02-28 16:54:44.963   578   578 I SBar.NetworkController: refreshSignalCluster: mobile: Signal=zz_moto_stat_sys_signal_5bar_4_fully Roaming=(none) mSimIconId=(none) Accessibility="Phone signal full.","Not roaming.",""
02-28 16:54:44.994   578   578 I SBar.NetworkController: onDataActivity: direction=3
02-28 16:54:45.002   578   578 I SBar.NetworkController: refreshSignalCluster: mobile: mHasMobileDataFeature=true DataTypeShown=zz_moto_stat_sys_data_fully_connected_4g_lte Activity=zz_moto_stat_sys_data_fully_connected_signal_inout Accessibility="4 G L T E"
02-28 16:54:45.010   465   522 E PowerManagerService: Excessive delay setting brightness: 215ms, mask=2
02-28 16:54:45.166   578   578 D PhoneStatusBar: disable: < EXPAND* icons alerts ticker system_info back* home* RECENT clock* >
02-28 16:54:45.220   578   578 D PhoneStatusBar: disable: < EXPAND icons alerts ticker system_info BACK* HOME* RECENT clock >
02-28 16:54:45.244   465   522 E PowerManagerService: Excessive delay setting brightness: 131ms, mask=2
02-28 16:54:46.033   578   578 I SBar.NetworkController: onDataActivity: direction=0
02-28 16:54:46.033   578   578 I SBar.NetworkController: refreshSignalCluster: mobile: mHasMobileDataFeature=true DataTypeShown=zz_moto_stat_sys_data_fully_connected_4g_lte Activity=zz_moto_stat_sys_data_fully_connected_signal_none Accessibility="4 G L T E"
02-28 16:54:46.103   465   524 V AlarmManager: sending alarm Alarm{42083710 type 1 com.metago.astro}
02-28 16:54:48.564   465   525 D InputManager: phone state:2
02-28 16:54:48.564   578   578 I SBar.NetworkController: onCallStateChanged state=2 incomingNumber=""
02-28 16:54:48.791   578   578 D PhoneStatusBar: disable: < expand* icons alerts ticker system_info BACK HOME RECENT clock >
02-28 16:54:48.814   578   578 D PhoneStatusBar: disable: < expand icons alerts ticker system_info back* home* recent* clock >
02-28 16:54:49.119   465   524 V AlarmManager: sending alarm Alarm{4277bf68 type 1 com.metago.astro}
02-28 16:54:52.150   465   524 V AlarmManager: sending alarm Alarm{41a8a158 type 1 com.metago.astro}
02-28 16:54:53.799   465   526 I WindowManager: No lock screen!
02-28 16:54:54.017   578   578 I SBar.NetworkController: onDataActivity: direction=2
02-28 16:54:54.025   578   578 I SBar.NetworkController: refreshSignalCluster: mobile: mHasMobileDataFeature=true DataTypeShown=zz_moto_stat_sys_data_fully_connected_4g_lte Activity=zz_moto_stat_sys_data_fully_connected_signal_out Accessibility="4 G L T E"
02-28 16:54:54.095   578   578 I SBar.NetworkController: onSignalStrengthsChanged SignalStrength: 99 -1 -60 -70 -65 -1 6 12 -96 -7 91 6 cdma 0 -108 -1 false 0 0 5 4 3 16 8 99 5 5 5 5 5 5 5 99 level=3
02-28 16:54:54.103   578   578 I SBar.NetworkController: refreshSignalCluster: mobile: Signal=zz_moto_stat_sys_signal_5bar_3_fully Roaming=(none) mSimIconId=(none) Accessibility="Phone three bars.","Not roaming.",""
02-28 16:54:55.174   465   524 V AlarmManager: sending alarm Alarm{42069aa0 type 1 com.metago.astro}
02-28 16:54:58.283   465   524 V AlarmManager: sending alarm Alarm{4146bf48 type 1 com.metago.astro}
02-28 16:54:59.994   465   524 V AlarmManager: sending alarm Alarm{42325a30 type 3 android}
02-28 16:55:01.306   465   524 V AlarmManager: sending alarm Alarm{420306c8 type 1 com.metago.astro}
02-28 16:55:04.322   465   524 V AlarmManager: sending alarm Alarm{4204cf98 type 1 com.metago.astro}
02-28 16:55:07.338   465   524 V AlarmManager: sending alarm Alarm{41c810e8 type 1 com.metago.astro}
02-28 16:55:10.369   465   524 V AlarmManager: sending alarm Alarm{41dcdea8 type 1 com.metago.astro}
02-28 16:55:13.392   465   524 V AlarmManager: sending alarm Alarm{42073c78 type 1 com.metago.astro}
02-28 16:55:16.408   465   524 V AlarmManager: sending alarm Alarm{41cbdae0 type 1 com.metago.astro}
02-28 16:55:19.431   465   524 V AlarmManager: sending alarm Alarm{4208f668 type 1 com.metago.astro}
02-28 16:55:22.447   465   524 V AlarmManager: sending alarm Alarm{4202cc88 type 1 com.metago.astro}
02-28 16:55:24.955   465   524 V AlarmManager: sending alarm Alarm{4198f8f8 type 2 com.google.android.gsf}
02-28 16:55:24.955   465   524 V AlarmManager: sending alarm Alarm{4179bbe0 type 2 com.google.android.gms}
02-28 16:55:25.463   465   524 V AlarmManager: sending alarm Alarm{4204ad98 type 1 com.metago.astro}
02-28 16:55:28.478   465   524 V AlarmManager: sending alarm Alarm{41be25a0 type 1 com.metago.astro}
02-28 16:55:31.502   465   524 V AlarmManager: sending alarm Alarm{4207cdf8 type 1 com.metago.astro}
02-28 16:55:34.517   465   524 V AlarmManager: sending alarm Alarm{41ced4b8 type 1 com.metago.astro}
02-28 16:55:37.541   465   524 V AlarmManager: sending alarm Alarm{41e4cee8 type 1 com.metago.astro}
02-28 16:55:49.139   465   524 V AlarmManager: sending alarm Alarm{41998530 type 1 com.metago.astro}
02-28 16:55:49.170   465   480 I ActivityManager: Start proc com.motorola.Dlna for broadcast com.motorola.MotGallery2/com.motorola.Dlna.MediaScanIntentReceiver: pid=7956 uid=10309 gids={1006, 3003, 1015, 9003, 9007, 9008, 3002, 3001, 1028}
02-28 16:55:50.717   465 10172 I ActivityManager: Start proc com.Aetherpal.Device for broadcast com.Aetherpal.Device/.Receivers.ApReceiver: pid=7985 uid=10268 gids={3002, 3003, 1015, 1028}
02-28 16:55:51.678   465   752 I ActivityManager: Start proc com.vznavigator.DROIDRAZR:remote for broadcast com.vznavigator.DROIDRAZR/com.navbuilder.app.atlasbook.core.receiver.SmsReceiver: pid=7996 uid=10121 gids={3003, 1015, 3002, 1028}
02-28 16:55:52.834   465 22505 I ActivityManager: Start proc com.motricity.verizon.ssodownloadable for broadcast com.motricity.verizon.ssodownloadable/com.motricity.verizon.ssoengine.library.MsgReceiver: pid=8055 uid=10327 gids={3003, 1028}
02-28 16:55:52.842   465 22505 I ActivityManager: No longer want com.motorola.motoemail (pid 3623): hidden #21
02-28 16:55:52.896   465  9728 W ActivityManager: Scheduling restart of crashed service com.motorola.motoemail/com.motorola.email.service.ImapPushKeeperService in 5000ms
02-28 16:55:53.037   465  2983 I ActivityManager: Start proc com.motorola.motoemail for broadcast com.motorola.motoemail/com.motorola.hux.sncclient.services.SncReceiver: pid=8068 uid=10247 gids={3003, 1015, 1028}
02-28 16:55:53.037   465  2983 I ActivityManager: No longer want com.motorola.atcmd.plugin (pid 7246): hidden #21
02-28 16:55:53.631  8068  8068 I openssl : Crypto mode not selected, openssl will run on its regular mode.
02-28 16:55:53.654   465   524 V AlarmManager: sending alarm Alarm{418c2250 type 1 com.metago.astro}
02-28 16:55:53.732   465  9728 I ActivityManager: Start proc com.motorola.motoemail:moxierengine for service com.motorola.motoemail/com.moxier.eas.engine.ExchangeService: pid=8085 uid=10247 gids={3003, 1015, 1028}
02-28 16:55:54.139  8085  8085 I openssl : Crypto mode not selected, openssl will run on its regular mode.
02-28 16:55:56.006   465   805 I ActivityManager: No longer want com.vzw.hss.myverizon (pid 7490): hidden #21
02-28 16:55:57.740   465   524 V AlarmManager: sending alarm Alarm{417f3d48 type 1 com.metago.astro}
02-28 16:55:59.990   465   524 V AlarmManager: sending alarm Alarm{41e20d28 type 3 android}
02-28 16:56:00.756   465   524 V AlarmManager: sending alarm Alarm{41e20230 type 1 com.metago.astro}
02-28 16:56:01.201   465   524 V AlarmManager: sending alarm Alarm{41ec8250 type 0 com.google.android.apps.plus}
02-28 16:56:03.771   465   524 V AlarmManager: sending alarm Alarm{4145fa60 type 1 com.metago.astro}
02-28 16:56:05.256   465 10172 I ActivityManager: Start proc com.motorola.atcmd.plugin for content provider com.motorola.atcmd.plugin/.AtCmdSettingsProvider: pid=8144 uid=10098 gids={1028}
02-28 16:56:05.600   465 10172 I ActivityManager: No longer want com.google.android.apps.uploader (pid 7535): hidden #21
02-28 16:56:05.928   465   789 V ConnectivityService: enforceCheckPermissionforHiPri:Pid=16079ret=true
02-28 16:56:06.232   578   578 D PhoneStatusBar: addNotification score=0
02-28 16:56:06.795   465   524 V AlarmManager: sending alarm Alarm{414b7530 type 1 com.metago.astro}
02-28 16:56:09.818   465   524 V AlarmManager: sending alarm Alarm{4196a3f0 type 1 com.metago.astro}
02-28 16:56:11.373   465 22505 I ActivityManager: No longer want com.motorola.atcmdlauncher (pid 7570): hidden #21
02-28 16:56:12.834   465   524 V AlarmManager: sending alarm Alarm{41f88e18 type 1 com.metago.astro}
02-28 16:56:15.857   465   524 V AlarmManager: sending alarm Alarm{41c43770 type 1 com.metago.astro}
02-28 16:56:17.631   465   526 I WindowManager: No lock screen!
02-28 16:56:18.217   578   578 I SBar.NetworkController: onDataActivity: direction=3
02-28 16:56:18.217   578   578 I SBar.NetworkController: refreshSignalCluster: wifi: mWifiConnected=false Wifi=(none) Activity=(none) Accessibility="No Wi-Fi."
02-28 16:56:18.217   578   578 I SBar.NetworkController: refreshSignalCluster: mobile: mHasMobileDataFeature=true DataTypeShown=zz_moto_stat_sys_data_fully_connected_4g_lte Activity=zz_moto_stat_sys_data_fully_connected_signal_inout Accessibility="4 G L T E"
02-28 16:56:18.865   578   578 I SBar.NetworkController: onCallStateChanged state=0 incomingNumber=""
02-28 16:56:18.865   465   525 D InputManager: phone state:0
02-28 16:56:18.881   465   524 V AlarmManager: sending alarm Alarm{42140ae0 type 1 com.metago.astro}
02-28 16:56:18.959   465   791 I PowerManagerService: clearUserActivity for 10000ms from now
02-28 16:56:19.412   465   805 I ActivityManager: START {act=android.intent.action.VIEW typ=vnd.android.cursor.dir/calls cmp=com.android.contacts/.activities.DialtactsActivity u=0} from pid 704
02-28 16:56:19.428   465   475 I ActivityManager: moveTaskToBack: 4
02-28 16:56:20.412   578   578 I SBar.NetworkController: onDataActivity: direction=0
02-28 16:56:20.412   578   578 I SBar.NetworkController: refreshSignalCluster: mobile: mHasMobileDataFeature=true DataTypeShown=zz_moto_stat_sys_data_fully_connected_4g_lte Activity=zz_moto_stat_sys_data_fully_connected_signal_none Accessibility="4 G L T E"
02-28 16:56:20.654   465   805 I ActivityManager: moveTaskToBack: 4
02-28 16:56:20.678   465   750 I ActivityManager: No longer want com.google.android.youtube (pid 7626): hidden #21
02-28 16:56:20.936   578   578 D PhoneStatusBar: disable: < expand icons alerts TICKER* system_info back home recent clock >
02-28 16:56:21.857   465   748 I ActivityManager: START {dat=content://mms-sms/conversations/56 flg=0x3400c000 cmp=com.motorola.messaging/.activity.ComposeMessageActivity bnds=[0,77][540,197] (has extras) u=0} from pid -1
02-28 16:56:21.951   578   578 I SBar.NetworkController: onServiceStateChanged state=0 home domestic Verizon Wireless null 31000  LTE CSS supported 2 30 mDataState=0 RoamInd=64 DefRoamInd=64 EmergOnly=false VoiceState=0=STATE_IN_SERVICE DataState=0=STATE_IN_SERVICE
02-28 16:56:21.951   578   578 D VzwEri  : ERI alert sound is disabled.
02-28 16:56:21.959   578   578 D CarrierLabel: updateNetworkName: showSpn=true spn="Verizon Wireless" showPlmn=false plmn="Verizon Wireless" isONSSupported=false
02-28 16:56:22.451   465   524 V AlarmManager: sending alarm Alarm{42145038 type 1 com.metago.astro}
02-28 16:56:22.498   578   578 D PhoneStatusBar: disable: < expand icons alerts ticker* system_info back home recent clock >
02-28 16:56:23.443   578   578 I SBar.NetworkController: onDataActivity: direction=2
02-28 16:56:23.451   578   578 I SBar.NetworkController: refreshSignalCluster: mobile: mHasMobileDataFeature=true DataTypeShown=zz_moto_stat_sys_data_fully_connected_4g_lte Activity=zz_moto_stat_sys_data_fully_connected_signal_out Accessibility="4 G L T E"
02-28 16:56:23.982   578   578 I SBar.NetworkController: onSignalStrengthsChanged SignalStrength: 99 -1 -60 -70 -97 -1 8 13 -95 -8 84 6 cdma 0 -108 -1 false 0 0 5 2 4 16 1 99 5 5 5 5 5 5 5 99 level=4
02-28 16:56:24.045   578   578 I SBar.NetworkController: refreshSignalCluster: mobile: Signal=zz_moto_stat_sys_signal_5bar_4_fully Roaming=(none) mSimIconId=(none) Accessibility="Phone signal full.","Not roaming.",""
02-28 16:56:24.342   578   578 D PhoneStatusBar: addNotification score=0
02-28 16:56:24.467   578   578 I SBar.NetworkController: onDataActivity: direction=0
02-28 16:56:24.467   578   578 I SBar.NetworkController: refreshSignalCluster: mobile: mHasMobileDataFeature=true DataTypeShown=zz_moto_stat_sys_data_fully_connected_4g_lte Activity=zz_moto_stat_sys_data_fully_connected_signal_none Accessibility="4 G L T E"
02-28 16:56:24.678   465   465 V ConnectivityService: enforceCheckPermissionforHiPri:Pid=16079ret=true
02-28 16:56:25.201   465   465 V ConnectivityService: enforceCheckPermissionforHiPri:Pid=16079ret=true
02-28 16:56:25.600   465   524 V AlarmManager: sending alarm Alarm{41e88188 type 1 com.metago.astro}
02-28 16:56:26.686   465   524 V AlarmManager: sending alarm Alarm{41b93990 type 3 com.facebook.katana}
02-28 16:56:26.686   465   524 W ActivityManager: Unable to start service Intent { flg=0x4 cmp=com.facebook.katana/com.facebook.orca.sms.MmsSmsLogExternalMessagesLogic$MmsSmsLogExternalMessagesService (has extras) }: not found
02-28 16:56:27.475   578   578 I SBar.NetworkController: onDataActivity: direction=2
02-28 16:56:27.482   578   578 I SBar.NetworkController: refreshSignalCluster: mobile: mHasMobileDataFeature=true DataTypeShown=zz_moto_stat_sys_data_fully_connected_4g_lte Activity=zz_moto_stat_sys_data_fully_connected_signal_out Accessibility="4 G L T E"
02-28 16:56:27.998   578   578 D PhoneStatusBar: disable: < expand icons alerts ticker system_info back home RECENT* clock >
02-28 16:56:28.092   578   578 D PhoneStatusBar: addNotification score=0
02-28 16:56:28.186   578   578 D PhoneStatusBar: disable: < expand icons alerts ticker system_info BACK* HOME* RECENT CLOCK* >
02-28 16:56:28.631   465   524 V AlarmManager: sending alarm Alarm{41f2b640 type 1 com.metago.astro}
02-28 16:56:30.357   465   524 V AlarmManager: sending alarm Alarm{41f23110 type 0 com.motorola.android.server.ims}
02-28 16:56:31.779   465   524 V AlarmManager: sending alarm Alarm{4147cdd8 type 1 com.metago.astro}
02-28 16:56:34.795   465   524 V AlarmManager: sending alarm Alarm{41882368 type 1 com.metago.astro}
02-28 16:56:37.826   465   524 V AlarmManager: sending alarm Alarm{416ce960 type 1 com.metago.astro}
02-28 16:56:40.850   465   524 V AlarmManager: sending alarm Alarm{41ce0178 type 1 com.metago.astro}
02-28 16:56:41.256   465   524 V AlarmManager: sending alarm Alarm{4181f730 type 2 android}
02-28 16:56:42.850   465  2983 V ConnectivityService: enforceCheckPermissionforHiPri:Pid=16079ret=true
02-28 16:56:42.873   465 10172 V ConnectivityService: enforceCheckPermissionforHiPri:Pid=16079ret=true
02-28 16:56:42.873   465 10172 D ConnectivityService: stopUsingNetworkFeature - not a live request, ignoring
02-28 16:56:43.865   465   524 V AlarmManager: sending alarm Alarm{41a6bed0 type 1 com.metago.astro}
02-28 16:56:46.982   465   524 V AlarmManager: sending alarm Alarm{42071800 type 1 com.metago.astro}
02-28 16:56:50.006   465   524 V AlarmManager: sending alarm Alarm{41e2f078 type 1 com.metago.astro}
02-28 16:56:53.021   465   524 V AlarmManager: sending alarm Alarm{4203d940 type 1 com.metago.astro}
02-28 16:56:56.037   465   524 V AlarmManager: sending alarm Alarm{41e77598 type 1 com.metago.astro}
02-28 16:56:58.248   465   524 V AlarmManager: sending alarm Alarm{41d0b328 type 2 com.google.android.gsf}
02-28 16:56:58.256   465   524 V AlarmManager: sending alarm Alarm{4199ca00 type 2 com.google.android.gms}
02-28 16:56:59.061   465   524 V AlarmManager: sending alarm Alarm{41e92ac8 type 1 com.metago.astro}
02-28 16:56:59.990   465   524 V AlarmManager: sending alarm Alarm{41d8fb70 type 3 android}
02-28 16:57:02.084   465   524 V AlarmManager: sending alarm Alarm{41f7c828 type 1 com.metago.astro}
02-28 16:57:05.115   465   524 V AlarmManager: sending alarm Alarm{41e9a370 type 1 com.metago.astro}
02-28 16:57:07.951   465   524 V AlarmManager: sending alarm Alarm{41ba8bd8 type 1 com.motorola.messaging}
02-28 16:57:08.139   465   524 V AlarmManager: sending alarm Alarm{41f6df18 type 1 com.metago.astro}
02-28 16:57:11.154   465   524 V AlarmManager: sending alarm Alarm{41a74ea8 type 1 com.metago.astro}
02-28 16:57:12.545   465   524 V AlarmManager: sending alarm Alarm{42285aa8 type 2 android}
02-28 16:57:14.186   465   524 V AlarmManager: sending alarm Alarm{41f74d18 type 1 com.metago.astro}
02-28 16:57:17.209   465   524 V AlarmManager: sending alarm Alarm{41f5a698 type 1 com.metago.astro}
02-28 16:57:20.232   465   524 V AlarmManager: sending alarm Alarm{41919c40 type 1 com.metago.astro}
02-28 16:57:23.256   465   524 V AlarmManager: sending alarm Alarm{41a3a088 type 1 com.metago.astro}
02-28 16:57:26.271   465   524 V AlarmManager: sending alarm Alarm{41f6d3f8 type 1 com.metago.astro}
02-28 16:57:29.295   465   524 V AlarmManager: sending alarm Alarm{41eb3d48 type 1 com.metago.astro}
02-28 16:57:32.318   465   524 V AlarmManager: sending alarm Alarm{41dc8a68 type 1 com.metago.astro}
02-28 16:57:35.326   465   524 V AlarmManager: sending alarm Alarm{4192cec8 type 1 com.metago.astro}
02-28 16:57:38.498   465   524 V AlarmManager: sending alarm Alarm{41481cc0 type 1 com.metago.astro}
02-28 16:57:41.529   465   524 V AlarmManager: sending alarm Alarm{417ed3b8 type 1 com.metago.astro}
02-28 16:57:44.545   465   524 V AlarmManager: sending alarm Alarm{41d71558 type 1 com.metago.astro}
02-28 16:57:47.568   465   524 V AlarmManager: sending alarm Alarm{419be6a0 type 1 com.metago.astro}
02-28 16:57:50.600   465   524 V AlarmManager: sending alarm Alarm{41f7dd20 type 1 com.metago.astro}
02-28 16:57:53.615   465   524 V AlarmManager: sending alarm Alarm{41ceac18 type 1 com.metago.astro}
02-28 16:57:56.631   465   524 V AlarmManager: sending alarm Alarm{41a0e1b8 type 1 com.metago.astro}
02-28 16:57:59.646   465   524 V AlarmManager: sending alarm Alarm{41ba8460 type 1 com.metago.astro}
02-28 16:57:59.998   465   524 V AlarmManager: sending alarm Alarm{42232cb8 type 3 android}
02-28 16:58:02.662   465   524 V AlarmManager: sending alarm Alarm{41d2f038 type 1 com.metago.astro}
02-28 16:58:04.545   465   526 I WindowManager: Lock screen displayed!
02-28 16:58:04.834   578   578 I SBar.NetworkController: onDataActivity: direction=3
02-28 16:58:04.834   578   578 I SBar.NetworkController: refreshSignalCluster: mobile: mHasMobileDataFeature=true DataTypeShown=zz_moto_stat_sys_data_fully_connected_4g_lte Activity=zz_moto_stat_sys_data_fully_connected_signal_inout Accessibility="4 G L T E"
02-28 16:58:05.693   465   524 V AlarmManager: sending alarm Alarm{417c06f0 type 1 com.metago.astro}
02-28 16:58:05.834   578   578 I SBar.NetworkController: onDataActivity: direction=0
02-28 16:58:05.842   578   578 I SBar.NetworkController: refreshSignalCluster: mobile: mHasMobileDataFeature=true DataTypeShown=zz_moto_stat_sys_data_fully_connected_4g_lte Activity=zz_moto_stat_sys_data_fully_connected_signal_none Accessibility="4 G L T E"
02-28 16:58:06.811   465   526 I WindowManager: Lock screen displayed!
02-28 16:58:06.959   578   578 D PhoneStatusBar: addNotification score=0
02-28 16:58:08.021   578   578 D PhoneStatusBar: disable: < expand icons alerts ticker system_info BACK HOME recent* CLOCK >
02-28 16:58:08.115   578   578 I SBar.NetworkController: onDataActivity: direction=2
02-28 16:58:08.123   578   578 I SBar.NetworkController: refreshSignalCluster: mobile: mHasMobileDataFeature=true DataTypeShown=zz_moto_stat_sys_data_fully_connected_4g_lte Activity=zz_moto_stat_sys_data_fully_connected_signal_out Accessibility="4 G L T E"
02-28 16:58:08.178   578   578 D PhoneStatusBar: disable: < expand icons alerts ticker system_info back* home* recent clock* >
02-28 16:58:08.271   465   805 W InputMethodManagerService: Window already focused, ignoring focus gain of: com.android.internal.view.IInputMethodClient$Stub$Proxy@41dca168 attribute=android.view.inputmethod.EditorInfo@4167a660
02-28 16:58:08.709   465   524 V AlarmManager: sending alarm Alarm{420717a0 type 1 com.metago.astro}
02-28 16:58:09.076   465   755 V ConnectivityService: enforceCheckPermissionforHiPri:Pid=16079ret=true
02-28 16:58:09.123   578   578 I SBar.NetworkController: onDataActivity: direction=3
02-28 16:58:09.123   578   578 I SBar.NetworkController: refreshSignalCluster: mobile: mHasMobileDataFeature=true DataTypeShown=zz_moto_stat_sys_data_fully_connected_4g_lte Activity=zz_moto_stat_sys_data_fully_connected_signal_inout Accessibility="4 G L T E"
02-28 16:58:10.131   578   578 I SBar.NetworkController: onDataActivity: direction=0
02-28 16:58:10.131   578   578 I SBar.NetworkController: refreshSignalCluster: mobile: mHasMobileDataFeature=true DataTypeShown=zz_moto_stat_sys_data_fully_connected_4g_lte Activity=zz_moto_stat_sys_data_fully_connected_signal_none Accessibility="4 G L T E"
02-28 16:58:11.842   465   524 V AlarmManager: sending alarm Alarm{41e5e9b0 type 1 com.metago.astro}
02-28 16:58:13.740   578   578 I SBar.BatteryController: Show 'discharging': status=3, level=100
02-28 16:58:13.756   578   578 W PowerUI : unknown intent: Intent { act=android.intent.action.ACTION_POWER_CONNECTED flg=0x8000010 }
02-28 16:58:13.779   578   578 I SBar.BatteryController: Show 'discharging': status=3, level=100
02-28 16:58:13.850   578   578 I SBar.BatteryController: Show 'discharging': status=3, level=100
02-28 16:58:13.990   578   578 D PhoneStatusBar: addNotification score=-20
02-28 16:58:14.053   465   750 V ConnectivityService: enforceCheckPermissionforHiPri:Pid=7584ret=false
02-28 16:58:14.092   578   578 D PhoneStatusBar: addNotification score=-10
02-28 16:58:14.209   208   287 D VoldCmdListener: asec list
02-28 16:58:14.240   578   578 I SBar.BatteryController: Show battery 'full': status=5, level=100
02-28 16:58:14.271   208   287 D VoldCmdListener: asec fspath com.ea.tetrisfree_na-1
02-28 16:58:14.334   208   287 D VoldCmdListener: asec path com.ea.tetrisfree_na-1
02-28 16:58:14.350   208   287 D VoldCmdListener: asec fspath com.mojang.minecraftpe.demo-1
02-28 16:58:14.350   208   287 D VoldCmdListener: asec path com.mojang.minecraftpe.demo-1
02-28 16:58:14.357   208   287 D VoldCmdListener: asec fspath com.kozmo.mathfree-2
02-28 16:58:14.357   208   287 D VoldCmdListener: asec path com.kozmo.mathfree-2
02-28 16:58:14.357   208   287 D VoldCmdListener: asec fspath uk.co.sundroid.free-1
02-28 16:58:14.365   208   287 D VoldCmdListener: asec path uk.co.sundroid.free-1
02-28 16:58:14.365   208   287 D VoldCmdListener: asec fspath com.declansoftware.flashcards_french_free-1
02-28 16:58:14.365   208   287 D VoldCmdListener: asec path com.declansoftware.flashcards_french_free-1
02-28 16:58:14.396   208   287 D VoldCmdListener: asec fspath com.trickybanana.sounds.starwars-1
02-28 16:58:14.412   208   287 D VoldCmdListener: asec path com.trickybanana.sounds.starwars-1
02-28 16:58:14.420   208   287 D VoldCmdListener: asec fspath com.busuu.android.fr-2
02-28 16:58:14.420   208   287 D VoldCmdListener: asec path com.busuu.android.fr-2
02-28 16:58:14.420   208   287 D VoldCmdListener: asec fspath com.spryfox.tripletown-1
02-28 16:58:14.420   208   287 D VoldCmdListener: asec path com.spryfox.tripletown-1
02-28 16:58:14.420   208   287 D VoldCmdListener: asec fspath elp.creb.StrobeLightFantasy-1
02-28 16:58:14.428   208   287 D VoldCmdListener: asec path elp.creb.StrobeLightFantasy-1
02-28 16:58:14.428   208   287 D VoldCmdListener: asec fspath com.slashemff-1
02-28 16:58:14.436   208   287 D VoldCmdListener: asec path com.slashemff-1
02-28 16:58:14.436   208   287 D VoldCmdListener: asec fspath com.teazel-1
02-28 16:58:14.436   208   287 D VoldCmdListener: asec path com.teazel-1
02-28 16:58:14.436   208   287 D VoldCmdListener: asec fspath com.teamviewer.teamviewer.market.mobile-2
02-28 16:58:14.436   208   287 D VoldCmdListener: asec path com.teamviewer.teamviewer.market.mobile-2
02-28 16:58:14.436   208   287 D VoldCmdListener: asec fspath com.unity3d.player-1
02-28 16:58:14.467   208   287 D VoldCmdListener: asec path com.unity3d.player-1
02-28 16:58:14.467   208   287 D VoldCmdListener: asec fspath org.trimet.mt.mobiletickets-1
02-28 16:58:14.475   208   287 D VoldCmdListener: asec path org.trimet.mt.mobiletickets-1
02-28 16:58:14.498   465   480 I ActivityManager: Force stopping package com.trickybanana.sounds.starwars uid=10217
02-28 16:58:14.529   465   476 I ActivityManager: Start proc com.google.android.youtube for broadcast com.google.android.youtube/.app.prefetch.PrefetchService$DeviceStateReceiver: pid=8259 uid=10110 gids={3003, 1015, 1006, 1028}
02-28 16:58:14.529   465   480 I ActivityManager: Force stopping package com.teamviewer.teamviewer.market.mobile uid=10185
02-28 16:58:14.537   465   480 I ActivityManager: Force stopping package com.busuu.android.fr uid=10193
02-28 16:58:14.537   465   480 I ActivityManager: Force stopping package com.ea.tetrisfree_na uid=10163
02-28 16:58:14.537   465   480 I ActivityManager: Force stopping package com.declansoftware.flashcards_french_free uid=10191
02-28 16:58:14.537   465   480 I ActivityManager: Force stopping package org.trimet.mt.mobiletickets uid=10177
02-28 16:58:14.537   465   480 I ActivityManager: Force stopping package com.unity3d.player uid=10087
02-28 16:58:14.537   465   480 I ActivityManager: Force stopping package elp.creb.StrobeLightFantasy uid=10099
02-28 16:58:14.584   465   480 I ActivityManager: Force stopping package com.teazel uid=10158
02-28 16:58:14.584   465   480 I ActivityManager: Force stopping package com.mojang.minecraftpe.demo uid=10166
02-28 16:58:14.584   465   480 I ActivityManager: Force stopping package com.slashemff uid=10282
02-28 16:58:14.592   465   480 I ActivityManager: Force stopping package uk.co.sundroid.free uid=10212
02-28 16:58:14.592   465   480 I ActivityManager: Force stopping package com.spryfox.tripletown uid=10068
02-28 16:58:14.865   465   524 V AlarmManager: sending alarm Alarm{41605f88 type 1 com.metago.astro}
02-28 16:58:15.467   578   578 I SBar.BatteryController: Show battery 'full': status=5, level=100
02-28 16:58:15.498   465   484 I ActivityManager: Force stopping package com.trickybanana.sounds.starwars uid=10217
02-28 16:58:15.553   465   484 I ActivityManager: Force stopping package com.teamviewer.teamviewer.market.mobile uid=10185
02-28 16:58:15.553   465   484 I ActivityManager: Force stopping package com.busuu.android.fr uid=10193
02-28 16:58:15.553   465   484 I ActivityManager: Force stopping package com.ea.tetrisfree_na uid=10163
02-28 16:58:15.561   465   484 I ActivityManager: Force stopping package com.declansoftware.flashcards_french_free uid=10191
02-28 16:58:15.561   465   484 I ActivityManager: Force stopping package org.trimet.mt.mobiletickets uid=10177
02-28 16:58:15.561   465   484 I ActivityManager: Force stopping package com.kozmo.mathfree uid=-1
02-28 16:58:15.561   465   484 I ActivityManager: Force stopping package com.unity3d.player uid=10087
02-28 16:58:15.561   465   484 I ActivityManager: Force stopping package elp.creb.StrobeLightFantasy uid=10099
02-28 16:58:15.561   465   484 I ActivityManager: Force stopping package com.teazel uid=10158
02-28 16:58:15.561   465   484 I ActivityManager: Force stopping package com.mojang.minecraftpe.demo uid=10166
02-28 16:58:15.568   465   484 I ActivityManager: Force stopping package com.slashemff uid=10282
02-28 16:58:15.568   465   484 I ActivityManager: Force stopping package uk.co.sundroid.free uid=10212
02-28 16:58:15.568   465   484 I ActivityManager: Force stopping package com.spryfox.tripletown uid=10068
02-28 16:58:16.021   578   578 D PhoneStatusBar: disable: < expand icons alerts ticker system_info back home RECENT* clock >
02-28 16:58:16.115   578   578 D PhoneStatusBar: addNotification score=0
02-28 16:58:16.240   578   578 D PhoneStatusBar: disable: < expand icons alerts ticker system_info BACK* HOME* RECENT CLOCK* >
02-28 16:58:17.834   465   752 I ActivityManager: Start proc com.google.android.apps.uploader for broadcast com.google.android.apps.uploader/com.google.android.picasasync.BatteryReceiver: pid=8302 uid=10064 gids={3003, 1015, 1028}
02-28 16:58:18.639   465 10172 I ActivityManager: Start proc com.facebook.katana for broadcast com.facebook.katana/.service.vault.VaultPowerConnectionReceiver: pid=8317 uid=10167 gids={3003, 1006, 1015, 1028}
02-28 16:58:24.045   465   755 I ActivityManager: No longer want com.google.android.googlequicksearchbox (pid 7769): hidden #21
02-28 16:58:24.107   465 22505 I ActivityManager: Start proc com.motorola.atcmdlauncher for broadcast com.motorola.atcmdlauncher/.AtUsbReceiver: pid=8335 uid=1000 gids={3003, 1015, 3002, 3001, 1028, 9009, 1004, 2002, 9000, 9002, 9004, 3007, 3005}
02-28 16:58:24.248   465   750 I ActivityManager: No longer want com.google.android.partnersetup (pid 7794): hidden #21
02-28 16:58:25.365   465   520 W InputMethodManagerService: Skipping input method ComponentInfo{com.motorola.inputmethod.latin/com.motorola.inputmethod.latin.LatinIMEBell}: it does not require the permission android.permission.BIND_INPUT_METHOD
02-28 16:58:25.404   465   520 W InputMethodManagerService: Skipping input method ComponentInfo{com.motorola.inputmethod.latin/com.motorola.inputmethod.latin.LatinIMEQwerty}: it does not require the permission android.permission.BIND_INPUT_METHOD
02-28 16:58:25.404   465   520 W InputMethodManagerService: Skipping input method ComponentInfo{com.motorola.inputmethod.motosmarthandwriting/com.motorola.inputmethod.motosmarthandwriting.MotoSmartHandWritingService}: it does not require the permission android.permission.BIND_INPUT_METHOD
02-28 16:58:25.404   465   520 W InputMethodManagerService: Skipping input method ComponentInfo{com.motorola.inputmethod.gpinyin/com.motorola.inputmethod.gpinyin.PinyinIMEQwerty}: it does not require the permission android.permission.BIND_INPUT_METHOD
02-28 16:58:25.404   465   520 W InputMethodManagerService: Skipping input method ComponentInfo{com.motorola.inputmethod.gpinyin/com.motorola.inputmethod.gpinyin.PinyinIMEB}: it does not require the permission android.permission.BIND_INPUT_METHOD
02-28 16:58:25.404   465   520 W InputMethodManagerService: Skipping input method ComponentInfo{com.motorola.inputmethod.stroke/com.motorola.inputmethod.stroke.StrokeIME}: it does not require the permission android.permission.BIND_INPUT_METHOD
02-28 16:58:25.498   465   520 W InputMethodManagerService: Found no subtypes in a system IME: com.motorola.inputmethod.entry
02-28 16:58:27.459   465   524 V AlarmManager: sending alarm Alarm{4220e050 type 1 com.metago.astro}
02-28 16:58:28.225   465   478 D BackupManagerService: Received broadcast Intent { act=android.intent.action.EXTERNAL_APPLICATIONS_UNAVAILABLE flg=0x8000010 (has extras) }
02-28 16:58:28.225   465   478 V BackupManagerService: removePackageParticipantsLocked: uid=0 #14
02-28 16:58:32.365   465   524 V AlarmManager: sending alarm Alarm{420c0ca8 type 0 com.google.android.gsf}
02-28 16:58:32.631   465   480 I ActivityManager: Start proc com.google.android.googlequicksearchbox for broadcast com.google.android.googlequicksearchbox/com.google.android.searchcommon.summons.SourceUpdateReceiver: pid=8358 uid=10017 gids={3003, 1028, 1007, 3002, 1015}
02-28 16:58:34.131   465   524 V AlarmManager: sending alarm Alarm{41be7d10 type 1 com.metago.astro}
02-28 16:58:34.139   465   807 W InputMethodManagerService: Skipping input method ComponentInfo{com.motorola.inputmethod.latin/com.motorola.inputmethod.latin.LatinIMEBell}: it does not require the permission android.permission.BIND_INPUT_METHOD
02-28 16:58:34.139   465   807 W InputMethodManagerService: Skipping input method ComponentInfo{com.motorola.inputmethod.latin/com.motorola.inputmethod.latin.LatinIMEQwerty}: it does not require the permission android.permission.BIND_INPUT_METHOD
02-28 16:58:34.139   465   807 W InputMethodManagerService: Skipping input method ComponentInfo{com.motorola.inputmethod.motosmarthandwriting/com.motorola.inputmethod.motosmarthandwriting.MotoSmartHandWritingService}: it does not require the permission android.permission.BIND_INPUT_METHOD
02-28 16:58:34.139   465   807 W InputMethodManagerService: Skipping input method ComponentInfo{com.motorola.inputmethod.gpinyin/com.motorola.inputmethod.gpinyin.PinyinIMEQwerty}: it does not require the permission android.permission.BIND_INPUT_METHOD
02-28 16:58:34.139   465   807 W InputMethodManagerService: Skipping input method ComponentInfo{com.motorola.inputmethod.gpinyin/com.motorola.inputmethod.gpinyin.PinyinIMEB}: it does not require the permission android.permission.BIND_INPUT_METHOD
02-28 16:58:34.139   465   807 W InputMethodManagerService: Skipping input method ComponentInfo{com.motorola.inputmethod.stroke/com.motorola.inputmethod.stroke.StrokeIME}: it does not require the permission android.permission.BIND_INPUT_METHOD
02-28 16:58:34.146   465   752 I ActivityManager: Start proc com.google.android.partnersetup for content provider com.google.android.partnersetup/.RlzAppProvider: pid=8383 uid=10052 gids={3003, 1028}
02-28 16:58:34.154   465   807 W InputMethodManagerService: Found no subtypes in a system IME: com.motorola.inputmethod.entry
02-28 16:58:34.787   465   475 I ActivityManager: No longer want com.android.deskclock (pid 7880): hidden #21
02-28 16:58:34.818   465   789 I ActivityManager: No longer want com.motorola.calendar (pid 7827): hidden #21
02-28 16:58:35.139   208   287 D VoldCmdListener: asec unmount com.trickybanana.sounds.starwars-1 force
02-28 16:58:35.498   208   287 D VoldCmdListener: asec unmount com.teamviewer.teamviewer.market.mobile-2 force
02-28 16:58:35.818   208   287 D VoldCmdListener: asec unmount com.busuu.android.fr-2 force
02-28 16:58:36.170   208   287 D VoldCmdListener: asec unmount com.ea.tetrisfree_na-1 force
02-28 16:58:36.521   208   287 D VoldCmdListener: asec unmount com.declansoftware.flashcards_french_free-1 force
02-28 16:58:37.068   208   287 D VoldCmdListener: asec unmount org.trimet.mt.mobiletickets-1 force
02-28 16:58:37.357   208   287 D VoldCmdListener: asec unmount com.kozmo.mathfree-2 force
02-28 16:58:37.678   208   287 D VoldCmdListener: asec unmount com.unity3d.player-1 force
02-28 16:58:37.826   465   524 V AlarmManager: sending alarm Alarm{419ed580 type 1 com.metago.astro}
02-28 16:58:37.982   208   287 D VoldCmdListener: asec unmount elp.creb.StrobeLightFantasy-1 force
02-28 16:58:38.271   208   287 D VoldCmdListener: asec unmount com.teazel-1 force
02-28 16:58:38.568   208   287 D VoldCmdListener: asec unmount com.mojang.minecraftpe.demo-1 force
02-28 16:58:38.865   208   287 D VoldCmdListener: asec unmount com.slashemff-1 force
02-28 16:58:39.178   208   287 D VoldCmdListener: asec unmount uk.co.sundroid.free-1 force
02-28 16:58:39.475   208   287 D VoldCmdListener: asec unmount com.spryfox.tripletown-1 force
02-28 16:58:39.787   208   287 D VoldCmdListener: storage users /storage/sdcard1
02-28 16:58:40.779   465   545 E VoldConnector: NDC Command {2134 storage users /storage/sdcard1} took too long (992ms)
02-28 16:58:40.779   465   545 W ActivityManager: Killing processes unmount media at adjustment 9
02-28 16:58:40.779   465   545 W ActivityManager: Killing ProcessRecord{41debb48 7516:com.google.android.apps.plus/u0a265} (adj 11): unmount media
02-28 16:58:40.779   208   287 D VoldCmdListener: storage users /storage/sdcard1
02-28 16:58:40.857   465   524 V AlarmManager: sending alarm Alarm{420c2948 type 1 com.metago.astro}
02-28 16:58:41.467   465   545 E VoldConnector: NDC Command {2135 storage users /storage/sdcard1} took too long (685ms)
02-28 16:58:41.467   208   287 D VoldCmdListener: storage users /storage/sdcard0
02-28 16:58:42.170   465   545 E VoldConnector: NDC Command {2136 storage users /storage/sdcard0} took too long (702ms)
02-28 16:58:42.381   208   287 D VoldCmdListener: volume unmount /storage/sdcard1 force
02-28 16:58:42.381   208   287 E Vold    : Unmount request for com.ea.tetrisfree_na-1 when not mounted
02-28 16:58:42.381   208   287 E Vold    : Unmount request for com.mojang.minecraftpe.demo-1 when not mounted
02-28 16:58:42.381   208   287 E Vold    : Unmount request for com.kozmo.mathfree-2 when not mounted
02-28 16:58:42.381   208   287 E Vold    : Unmount request for uk.co.sundroid.free-1 when not mounted
02-28 16:58:42.381   208   287 E Vold    : Unmount request for com.declansoftware.flashcards_french_free-1 when not mounted
02-28 16:58:42.381   208   287 E Vold    : Unmount request for com.trickybanana.sounds.starwars-1 when not mounted
02-28 16:58:42.381   208   287 E Vold    : Unmount request for com.busuu.android.fr-2 when not mounted
02-28 16:58:42.467   208   287 E Vold    : Unmount request for com.spryfox.tripletown-1 when not mounted
02-28 16:58:42.467   208   287 E Vold    : Unmount request for elp.creb.StrobeLightFantasy-1 when not mounted
02-28 16:58:42.467   208   287 E Vold    : Unmount request for com.slashemff-1 when not mounted
02-28 16:58:42.467   208   287 E Vold    : Unmount request for com.teazel-1 when not mounted
02-28 16:58:42.467   208   287 E Vold    : Unmount request for com.teamviewer.teamviewer.market.mobile-2 when not mounted
02-28 16:58:42.467   208   287 E Vold    : Unmount request for com.unity3d.player-1 when not mounted
02-28 16:58:42.467   208   287 E Vold    : Unmount request for org.trimet.mt.mobiletickets-1 when not mounted
02-28 16:58:42.475   208   287 D Vold    : Volume sdcard-ext state changing 4 (Mounted) -> 5 (Unmounting)
02-28 16:58:42.475   465   547 I MountService: onEvent:: raw= 605 Volume sdcard-ext /storage/sdcard1 state changed from 4 (Mounted) to 5 (Unmounting) cooked =  605 Volume sdcard-ext /storage/sdcard1 state changed from 4 (Mounted) to 5 (Unmounting)
02-28 16:58:42.475   465   547 I MountService: notifyVolumeStateChanged::mounted
02-28 16:58:42.475   465   547 D MountService: sendStorageIntent Intent { act=android.intent.action.MEDIA_EJECT dat=file:///storage/sdcard1 (has extras) }
02-28 16:58:43.732   208   287 I Vold    : /mnt/secure/staging sucessfully unmounted
02-28 16:58:43.732   208   287 I Vold    : /storage/sdcard1 unmounted sucessfully
02-28 16:58:43.732   208   287 D Vold    : Volume sdcard-ext state changing 5 (Unmounting) -> 1 (Idle-Unmounted)
02-28 16:58:43.732   465   545 E VoldConnector: NDC Command {2137 volume unmount /storage/sdcard1 force} took too long (1357ms)
02-28 16:58:43.756   465   547 I MountService: onEvent:: raw= 605 Volume sdcard-ext /storage/sdcard1 state changed from 5 (Unmounting) to 1 (Idle-Unmounted) cooked =  605 Volume sdcard-ext /storage/sdcard1 state changed from 5 (Unmounting) to 1 (Idle-Unmounted)
02-28 16:58:43.756   465   547 I MountService: notifyVolumeStateChanged::mounted
02-28 16:58:43.873   465   524 V AlarmManager: sending alarm Alarm{420a1770 type 1 com.metago.astro}
02-28 16:58:43.959   208   287 D VoldCmdListener: volume unmount /storage/sdcard0 force
02-28 16:58:43.959   208   287 E Vold    : Unmount request for com.ea.tetrisfree_na-1 when not mounted
02-28 16:58:43.959   208   287 E Vold    : Unmount request for com.mojang.minecraftpe.demo-1 when not mounted
02-28 16:58:43.959   208   287 E Vold    : Unmount request for com.kozmo.mathfree-2 when not mounted
02-28 16:58:43.967   208   287 E Vold    : Unmount request for uk.co.sundroid.free-1 when not mounted
02-28 16:58:43.967   208   287 E Vold    : Unmount request for com.declansoftware.flashcards_french_free-1 when not mounted
02-28 16:58:43.967   208   287 E Vold    : Unmount request for com.trickybanana.sounds.starwars-1 when not mounted
02-28 16:58:43.967   208   287 E Vold    : Unmount request for com.busuu.android.fr-2 when not mounted
02-28 16:58:43.967   208   287 E Vold    : Unmount request for com.zynga.words-2 when not mounted
02-28 16:58:43.967   208   287 E Vold    : Unmount request for com.spryfox.tripletown-1 when not mounted
02-28 16:58:43.967   208   287 E Vold    : Unmount request for elp.creb.StrobeLightFantasy-1 when not mounted
02-28 16:58:43.967   208   287 E Vold    : Unmount request for com.slashemff-1 when not mounted
02-28 16:58:43.967   208   287 E Vold    : Unmount request for com.teazel-1 when not mounted
02-28 16:58:43.967   208   287 E Vold    : Unmount request for com.teamviewer.teamviewer.market.mobile-2 when not mounted
02-28 16:58:43.967   208   287 E Vold    : Unmount request for com.unity3d.player-1 when not mounted
02-28 16:58:43.967   208   287 E Vold    : Unmount request for org.trimet.mt.mobiletickets-1 when not mounted
02-28 16:58:43.967   208   287 D Vold    : Volume sdcard state changing 4 (Mounted) -> 5 (Unmounting)
02-28 16:58:43.967   465   547 I MountService: onEvent:: raw= 605 Volume sdcard /storage/sdcard0 state changed from 4 (Mounted) to 5 (Unmounting) cooked =  605 Volume sdcard /storage/sdcard0 state changed from 4 (Mounted) to 5 (Unmounting)
02-28 16:58:43.975   465   547 I MountService: notifyVolumeStateChanged::mounted
02-28 16:58:43.975   465   547 D MountService: sendStorageIntent Intent { act=android.intent.action.MEDIA_EJECT dat=file:///storage/sdcard0 (has extras) }
02-28 16:58:44.178   465   524 V AlarmManager: sending alarm Alarm{4191f5c0 type 0 com.android.vending}
02-28 16:58:45.146   208   287 I Vold    : /storage/sdcard0 sucessfully unmounted
02-28 16:58:45.146   208   287 I Vold    : Unmounted ecryptfs on /storage/sdcard0
02-28 16:58:45.178   208   287 I Vold    : /mnt/secure/staging/.android_secure sucessfully unmounted
02-28 16:58:45.178   208   287 I Vold    : /mnt/secure/asec sucessfully unmounted
02-28 16:58:45.295   208   287 I Vold    : /mnt/secure/staging sucessfully unmounted
02-28 16:58:45.295   208   287 I Vold    : /storage/sdcard0 unmounted sucessfully
02-28 16:58:45.295   208   287 D Vold    : Volume sdcard state changing 5 (Unmounting) -> 1 (Idle-Unmounted)
02-28 16:58:45.295   465   545 E VoldConnector: NDC Command {2138 volume unmount /storage/sdcard0 force} took too long (1334ms)
02-28 16:58:45.295   465   547 I MountService: onEvent:: raw= 605 Volume sdcard /storage/sdcard0 state changed from 5 (Unmounting) to 1 (Idle-Unmounted) cooked =  605 Volume sdcard /storage/sdcard0 state changed from 5 (Unmounting) to 1 (Idle-Unmounted)
02-28 16:58:45.295   465   547 I MountService: notifyVolumeStateChanged::mounted
02-28 16:58:45.295   208   287 D VoldCmdListener: volume share /storage/sdcard1 ums
02-28 16:58:45.295   208   287 D Vold    : Opened ums lunfile </sys/class/android_usb/android0/f_mass_storage/lun1/file> with </dev/block/vold/179:96>
02-28 16:58:45.295   208   287 D Vold    : Volume sdcard-ext state changing 1 (Idle-Unmounted) -> 7 (Shared-Unmounted)
02-28 16:58:45.295   208   287 D VoldCmdListener: volume share /storage/sdcard0 ums
02-28 16:58:45.295   208   287 D Vold    : Opened ums lunfile </sys/class/android_usb/android0/f_mass_storage/lun0/file> with </dev/block/vold/179:25>
02-28 16:58:45.303   208   287 D Vold    : Volume sdcard state changing 1 (Idle-Unmounted) -> 7 (Shared-Unmounted)
02-28 16:58:45.303   465   547 I MountService: onEvent:: raw= 605 Volume sdcard-ext /storage/sdcard1 state changed from 1 (Idle-Unmounted) to 7 (Shared-Unmounted) cooked =  605 Volume sdcard-ext /storage/sdcard1 state changed from 1 (Idle-Unmounted) to 7 (Shared-Unmounted)
02-28 16:58:45.303   465   547 I MountService: notifyVolumeStateChanged::mounted
02-28 16:58:45.303   465   547 I MountService: Updating volume state media mounted
02-28 16:58:45.303   465   547 D MountService: volume state changed for /storage/sdcard1 (mounted -> unmounted)
02-28 16:58:45.303   465   547 D MountService: sendStorageIntent Intent { act=android.intent.action.MEDIA_UNMOUNTED dat=file:///storage/sdcard1 (has extras) }
02-28 16:58:45.311   465   547 I MountService: Updating media shared
02-28 16:58:45.311   465   547 D MountService: volume state changed for /storage/sdcard1 (unmounted -> shared)
02-28 16:58:45.318   465   547 D MountService: sendStorageIntent Intent { act=android.intent.action.MEDIA_SHARED dat=file:///storage/sdcard1 (has extras) }
02-28 16:58:45.334   578   631 I StorageNotification: Media {/storage/sdcard1} state changed from {mounted} -> {unmounted}
02-28 16:58:45.334   208   287 D VoldCmdListener: volume shared /storage/usbdisk_1.5 ums
02-28 16:58:45.334   208   287 D VoldCmdListener: volume shared /storage/usbdisk_1.1.1 ums
02-28 16:58:45.334   208   287 D VoldCmdListener: volume shared /storage/usbdisk_1.4 ums
02-28 16:58:45.342   208   287 D VoldCmdListener: volume shared /storage/usbdisk_1.3 ums
02-28 16:58:45.342   208   287 D VoldCmdListener: volume shared /storage/usbdisk_1.2 ums
02-28 16:58:45.342   208   287 D VoldCmdListener: volume shared /storage/usbdisk_1.1 ums
02-28 16:58:45.342   208   287 D VoldCmdListener: volume shared /storage/sdcard1 ums
02-28 16:58:45.357   578   631 I StorageNotification: Media {/storage/sdcard1} state changed from {unmounted} -> {shared}
02-28 16:58:45.357   578   631 W StorageNotification: Ignoring unknown state {shared}
02-28 16:58:45.365   465   547 I MountService: onEvent:: raw= 605 Volume sdcard /storage/sdcard0 state changed from 1 (Idle-Unmounted) to 7 (Shared-Unmounted) cooked =  605 Volume sdcard /storage/sdcard0 state changed from 1 (Idle-Unmounted) to 7 (Shared-Unmounted)
02-28 16:58:45.365   465   547 I MountService: notifyVolumeStateChanged::mounted
02-28 16:58:45.365   465   547 I MountService: Updating volume state media mounted
02-28 16:58:45.365   465   547 D MountService: volume state changed for /storage/sdcard0 (mounted -> unmounted)
02-28 16:58:45.373   578   631 I StorageNotification: Media {/storage/sdcard0} state changed from {mounted} -> {unmounted}
02-28 16:58:45.373   465   547 D MountService: sendStorageIntent Intent { act=android.intent.action.MEDIA_UNMOUNTED dat=file:///storage/sdcard0 (has extras) }
02-28 16:58:45.373   208   287 D VoldCmdListener: volume shared /storage/usbdisk_1.5 ums
02-28 16:58:45.373   208   287 D VoldCmdListener: volume shared /storage/usbdisk_1.1.1 ums
02-28 16:58:45.373   208   287 D VoldCmdListener: volume shared /storage/usbdisk_1.4 ums
02-28 16:58:45.381   208   287 D VoldCmdListener: volume shared /storage/usbdisk_1.3 ums
02-28 16:58:45.381   208   287 D VoldCmdListener: volume shared /storage/usbdisk_1.2 ums
02-28 16:58:45.389   465   547 I MountService: Updating media shared
02-28 16:58:45.389   465   547 D MountService: volume state changed for /storage/sdcard0 (unmounted -> shared)
02-28 16:58:45.389   208   287 D VoldCmdListener: volume shared /storage/usbdisk_1.1 ums
02-28 16:58:45.389   465   547 D MountService: sendStorageIntent Intent { act=android.intent.action.MEDIA_SHARED dat=file:///storage/sdcard0 (has extras) }
02-28 16:58:45.389   208   287 D VoldCmdListener: volume shared /storage/sdcard1 ums
02-28 16:58:45.389   578   631 I StorageNotification: Media {/storage/sdcard0} state changed from {unmounted} -> {shared}
02-28 16:58:45.389   578   631 W StorageNotification: Ignoring unknown state {shared}
02-28 16:58:46.279   465   524 V AlarmManager: sending alarm Alarm{41e72ee8 type 2 com.google.android.gsf}
02-28 16:58:46.287   465   524 V AlarmManager: sending alarm Alarm{41db7b58 type 2 com.google.android.gms}
02-28 16:58:46.459   465   475 V ConnectivityService: enforceCheckPermissionforHiPri:Pid=16079ret=true
02-28 16:58:46.896   465   524 V AlarmManager: sending alarm Alarm{417e3838 type 1 com.metago.astro}
02-28 16:58:47.303   578   578 D PhoneStatusBar: addNotification score=0
02-28 16:58:49.920   465   524 V AlarmManager: sending alarm Alarm{416e9268 type 1 com.metago.astro}
02-28 16:58:52.412   578   578 I SBar.BatteryController: Show battery 'full': status=5, level=100
02-28 16:58:52.467   465   526 I WindowManager: Lock screen displayed!
02-28 16:58:52.592   578   578 I SBar.NetworkController: onDataActivity: direction=3
02-28 16:58:52.592   578   578 I SBar.NetworkController: refreshSignalCluster: wifi: mWifiConnected=false Wifi=(none) Activity=(none) Accessibility="No Wi-Fi."
02-28 16:58:52.592   578   578 I SBar.NetworkController: refreshSignalCluster: mobile: Signal=zz_moto_stat_sys_signal_5bar_4_fully Roaming=(none) mSimIconId=(none) Accessibility="Phone signal full.","Not roaming.",""
02-28 16:58:52.592   578   578 I SBar.NetworkController: refreshSignalCluster: mobile: mHasMobileDataFeature=true DataTypeShown=zz_moto_stat_sys_data_fully_connected_4g_lte Activity=zz_moto_stat_sys_data_fully_connected_signal_inout Accessibility="4 G L T E"
02-28 16:58:52.686   578   578 I SBar.NetworkController: onSignalStrengthsChanged SignalStrength: 99 -1 -62 -70 -66 -1 7 18 -90 -13 69 6 cdma 0 -108 -1 false 0 0 5 4 4 16 8 99 5 5 5 5 5 5 5 99 level=4
02-28 16:58:52.943   465   524 V AlarmManager: sending alarm Alarm{41b892c0 type 1 com.metago.astro}
02-28 16:58:53.037   578   578 I SBar.BatteryController: Show 'discharging': status=3, level=100
02-28 16:58:53.201   578   578 I SBar.BatteryController: Show 'discharging': status=3, level=100
02-28 16:58:53.615   578   578 I SBar.NetworkController: onDataActivity: direction=0
