02-28 17:25:22.800   794  2630 D IMSCLIENT: IMS_SMS_EventSubscriber.cpp:258: NotifyIncomingTransaction: MsgId:0x514fd034, Length:156
02-28 17:25:22.800   794  2630 I IMSC-JNI: imsc_sms_callback: RegID=0, EventType = 1
02-28 17:25:22.800   794  2630 I IMSC-JNI: SmsReceived.pContentSubTypeStr: vnd.3gpp2.sms.
02-28 17:25:22.800   794  2630 V IMSCLIENT: IMS_ENG_transactionMgr.cpp:1626: ParseMessageBody: The message body has been read and notified.
02-28 17:25:22.800   794  2630 D IMSCLIENT: TransportMgrObject.c:694:      0x1 TRANSPORT   : INFO  - TransportMgrFreeRcvBuffer - about to free buffer 0x0x4f5ba8a8
02-28 17:25:22.808   794  1033 I IMSCNative: onSmsMtCallback: IMS-SMS-MT event:
02-28 17:25:22.808   794  1033 I IMSCNative: mRegId: 0
02-28 17:25:22.808   794  1033 I IMSCNative: mMsgId: 0x514fd034
02-28 17:25:22.808   794  1033 I IMSCNative: mResponse: -2 -- not initialized
02-28 17:25:22.808   794  1033 I IMSCNative: mFromAddr: tel:+19712351995
02-28 17:25:22.808   794  1033 I IMSCNative: mMsgFormat: 0 -- 3gpp2
02-28 17:25:22.808   794  1033 I IMSCNative: mSmsBody: 
02-28 17:25:22.808   794  1033 I IMSCNative: 00 00 02 10 02 02 07 02 A5 C4 8D _F _e 40 08 8C 00 03 14 8F 
02-28 17:25:22.808   794  1033 I IMSCNative: A0 01 7D 14 _f _t 1D _7 A0 CF A7 B6 _T 1E _w F5 _A D3 _F 9E 
02-28 17:25:22.808   794  1033 I IMSCNative: _h _4 _i DD D1 06 1C F8 _t EE _B 2A CE FE A8 _2 EE E9 97 92 
02-28 17:25:22.808   794  1033 I IMSCNative: 0C 28 3B _e E5 E5 07 3C _x _p F2 E5 E5 06 _N BB B3 E5 DF B9 
02-28 17:25:22.808   794  1033 I IMSCNative: _b 0E 9A _2 A0 EF 87 _f CE _h _0 F2 CA 83 B6 5E 5E _P _s E1 
02-28 17:25:22.808   794  1033 I IMSCNative: BF 7E FD FA FC A1 _A _S _F 5E _Y _P _i E6 83 0A 0C 9D _y F4 
02-28 17:25:22.808   794  1033 I IMSCNative: F2 83 _F 1E BB BA _e C8 83 DF _M FB _q 7D _A BF _r 0E 9A _2 
02-28 17:25:22.808   794  1033 I IMSCNative: A0 CF CB 7F 5D D9 05 00 03 06 14 02 28 17 25 02 
02-28 17:25:22.808   794  1033 I IMSCSmsService: onSmsMtCallback: IMS-SMS-MT event:
02-28 17:25:22.808   794  1033 I IMSCSmsService: mRegId: 1
02-28 17:25:22.808   794  1033 I IMSCSmsService: mMsgId: 0x514fd034
02-28 17:25:22.808   794  1033 I IMSCSmsService: mResponse: -2 -- not initialized
02-28 17:25:22.808   794  1033 I IMSCSmsService: mFromAddr: tel:+19712351995
02-28 17:25:22.808   794  1033 I IMSCSmsService: mMsgFormat: 0 -- 3gpp2
02-28 17:25:22.808   794  1033 I IMSCSmsService: mSmsBody: 
02-28 17:25:22.808   794  1033 I IMSCSmsService: 00 00 02 10 02 02 07 02 A5 C4 8D _F _e 40 08 8C 00 03 14 8F 
02-28 17:25:22.808   794  1033 I IMSCSmsService: A0 01 7D 14 _f _t 1D _7 A0 CF A7 B6 _T 1E _w F5 _A D3 _F 9E 
02-28 17:25:22.808   794  1033 I IMSCSmsService: _h _4 _i DD D1 06 1C F8 _t EE _B 2A CE FE A8 _2 EE E9 97 92 
02-28 17:25:22.808   794  1033 I IMSCSmsService: 0C 28 3B _e E5 E5 07 3C _x _p F2 E5 E5 06 _N BB B3 E5 DF B9 
02-28 17:25:22.808   794  1033 I IMSCSmsService: _b 0E 9A _2 A0 EF 87 _f CE _h _0 F2 CA 83 B6 5E 5E _P _s E1 
02-28 17:25:22.808   794  1033 I IMSCSmsService: BF 7E FD FA FC A1 _A _S _F 5E _Y _P _i E6 83 0A 0C 9D _y F4 
02-28 17:25:22.808   794  1033 I IMSCSmsService: F2 83 _F 1E BB BA _e C8 83 DF _M FB _q 7D _A BF _r 0E 9A _2 
02-28 17:25:22.808   794  1033 I IMSCSmsService: A0 CF CB 7F 5D D9 05 00 03 06 14 02 28 17 25 02 
02-28 17:25:22.808   704 11752 I SmsOnImsService: onMessageReceived regId:1 msgId:1364185140 fromAddress:tel:+19712351995 format:0 body:[B@41a78a88
02-28 17:25:22.808   704 11752 D ImsSMSDispatcher: processMessageReceived
02-28 17:25:22.808   794  1033 I IMSC-JNI: imsc_native_sms_sendResponse
02-28 17:25:22.808   794  1033 V IMSCLIENT: IMS_Client_SMS_API.cpp:339: IMSC_SMS_SendResponse: called (regId=1 respCode=13 msgId=1364185140 ...
02-28 17:25:22.808   794  1033 V IMSCLIENT: IMS_Client_SMS_API.cpp:340: IMSC_SMS_SendResponse: ... msg=0x0 msgLen=0)
02-28 17:25:22.808   794  1033 I IMSCLIENT: IMS_SMS_Manager.cpp:997: SendSmsResponse: Response MsgBody len: 0
02-28 17:25:22.808   794  2630 V IMSCLIENT: IMS_ENG_transactionMgr.cpp:2176: IMS_ENG_transactionMgr: Sending final response: 200 to token: 1364185140
02-28 17:25:22.808   794  2630 D IMSCLIENT: RvSipTransaction.c:1292:      0x1 TRANSACTION : INFO  - RvSipTransactionRespond - Transaction 0x0x4001ea30: going to send response 200
02-28 17:25:22.808   794  2630 D IMSCLIENT: TransactionControl.c:206:      0x1 TRANSACTION : INFO  - TransactionControlSendResponse - Transaction 0x0x4001ea30: about to send 200 response
02-28 17:25:22.808   794  2630 I IMSCLIENT: IMS_ENG_transactionMgr.cpp:1003: IMS_ENG_transactionMgr: HandleMsgToSendEv called.
02-28 17:25:22.808   794  2630 D IMSCLIENT: TransactionControl.c:1294:      0x1 TRANSACTION : INFO  - TransactionGetNextSrvState - Transaction 0x0x4001ea30: method= 8 response= 200 IsReliable= 0 next state= Server General Final Response Sent
02-28 17:25:22.808   794  2630 I IMSCLIENT: IMS_ENG_transactionMgr.cpp:1357: IMS_ENG_transactionMgr: HandleTranscFinalDestResolvedEv called.
02-28 17:25:22.808   794  2630 D IMSCLIENT: _SipTransport.c:1846:      0x1 TRANSPORT   : INFO  - SipTransportUdpSendMessage - Sending message. local-address=[2600:100f:8124:a538::101]%1:5060. remote-address=2001:4888:7:fe03:fa:104:0:5:5060
02-28 17:25:22.808   794  2630 D IMSCLIENT: TransportMsgBuilder.c:534:      0x1 TRANSPORT   : INFO  - --> SIP/2.0 200 OK
02-28 17:25:22.808   794  2630 D IMSCLIENT: TransportMsgBuilder.c:564:      0x1 TRANSPORT   : INFO  -     From: <tel:+19712351995>;tag=531136f2-497433
02-28 17:25:22.808   794  2630 D IMSCLIENT: TransportMsgBuilder.c:564:      0x1 TRANSPORT   : INFO  -     To: <tel:+19712351995>;tag=4001ea30-1c9-13c4-45026-53113702-5cdd5fa7-53113702
02-28 17:25:22.808   794  2630 D IMSCLIENT: TransportMsgBuilder.c:564:      0x1 TRANSPORT   : INFO  -     Call-ID: ALU-MAS!000/1019+1-497433@WARE40MAS01
02-28 17:25:22.808   794  2630 D IMSCLIENT: TransportMsgBuilder.c:564:      0x1 TRANSPORT   : INFO  -     CSeq: 1 MESSAGE
02-28 17:25:22.808   794  2630 D IMSCLIENT: TransportMsgBuilder.c:564:      0x1 TRANSPORT   : INFO  -     Via: SIP/2.0/UDP [2001:4888:7:fe03:fa:104:0:5]:5060;branch=z9hG4bK36f1b4334e1f5e52cd4352daca7c5dcb;lskpmc=P45
02-28 17:25:22.808   794  2630 D IMSCLIENT: TransportMsgBuilder.c:564:      0x1 TRANSPORT   : INFO  -     Content-Length: 0
02-28 17:25:22.808   794  2630 D IMSCLIENT: TransportMsgBuilder.c:590:      0x1 TRANSPORT   : INFO  - 
02-28 17:25:22.808   794  2630 D IMSCLIENT: TransactionControl.c:1014:      0x1 TRANSACTION : INFO  - TransactionControlGenerateAndSendResponse - Transaction 0x0x4001ea30: Final Response was sent (rv=0)
02-28 17:25:22.808   794  2630 D IMSCLIENT: TransactionObject.c:5244:      0x1 TRANSACTION : INFO  - TransactionChangeState - Transaction 0x0x4001ea30: state changed to Server General Final Response Sent
02-28 17:25:22.808   794  2630 I IMSCLIENT: IMS_ENG_transactionMgr.cpp:1182: HandleStateChangeEv: HandleStateChangestate state 2, reason 0
02-28 17:25:22.808   794  2630 V IMSCLIENT: IMS_SMS_Manager.cpp:1242: IMS_SMS_Manager: Sent final response message to engine.
02-28 17:25:22.808   794  1033 V IMSCLIENT: IMS_SMS_Manager.cpp:1017: SendSmsResponse: Posted msg_SendSmsResponse() on queue.
02-28 17:25:22.808   794  1033 V IMSCLIENT: IMS_Client_SMS_API.cpp:360: IMSC_SMS_SendResponse: return status=1
02-28 17:25:22.808   794  1033 I IMSCSmsService: The MT message response sent, regId: 1 msgId:1364185140 response:13 result:true
02-28 17:25:22.808   704 11752 D ImsSMSDispatcher: ACK ims sms(ok)
02-28 17:25:22.808   704 11752 D ImsSMSDispatcher: MT SIP PDU: 0000021002020702A5C48D466540088C0003148FA0017D1466741D37A0CFA7B6541E77F541D3469E683469DDD1061CF874EE422ACEFEA832EEE997920C283B65E5E5073C7870F2E5E5064EBBB3E5DFB9620E9A32A0EF8766CE6830F2CA83B65E5E5073E1BF7EFDFAFCA14153465E595069E6830A0C9D79F4F283461EBBBA65C883DF4DFB717D41BF720E9A32A0CFCB7F5DD905000306140228172502
02-28 17:25:22.808   704 11752 D ImsSMSDispatcher: process 3gpp2 sms
02-28 17:25:22.808   704 11752 D ImsSMSDispatcher: Prepare beep for sms!
02-28 17:25:22.808   704   704 D SMSDispatcher: mtSmsTracker.mtDeliveredBy= 3
02-28 17:25:22.808   704   704 D CdmaSMSDispatcher: rawPdu.length= 178, rawPdu= 00 00 00 00 00 00 10 02 00 00 00 00 00 00 00 00 0a 39 37 31 32 33 35 31 39 39 35 00 00 00 00 00 00 00 00 00 00 8c 00 03 14 8f a0 01 7d 14 66 74 1d 37 a0 cf a7 b6 54 1e 77 f5 41 d3 46 9e 68 34 69 dd d1 06 1c f8 74 ee 42 2a ce fe a8 32 ee e9 97 92 0c 28 3b 65 e5 e5 07 3c 78 70 f2 e5 e5 06 4e bb b3 e5 df b9 62 0e 9a 32 a0 ef 87 66 ce 68 30 f2 ca 83 b6 5e 5e 50 73 e1 bf 7e fd fa fc a1 41 53 46 5e 59 50 69 e6 83 0a 0c 9d 79 f4 f2 83 46 1e bb ba 65 c8 83 df 4d fb 71 7d 41 bf 72 0e 9a 32 a0 cf cb 7f 5d d9 05 00 03 06 14 02 28 17 25 02 
02-28 17:25:22.808   704   704 D CdmaSMSDispatcher: inside the dispatch, Condition is failed for cmas message
02-28 17:25:22.808   704   704 D SMSDispatcher: deliveredBy=3
02-28 17:25:22.847 10734 10734 V VVMReceiver: onReceive
02-28 17:25:22.847 10734 10734 D VVMReceiver: Subscription state : 3
02-28 17:25:22.847 10734 10734 V VVMReceiver: checkIfVoiceMessage
02-28 17:25:22.862  8068  8068 D SncReceiver: Received Intentandroid.provider.Telephony.SMS_RECEIVED
02-28 17:25:22.862  8068  8068 D SncReceiver: CheckForSNCMessage
02-28 17:25:22.862  8068  8068 D SncReceiver: sms.getDisplayOriginatingAddress(): 9712351995
02-28 17:25:22.862  8068  8068 D SncReceiver: matchShortCode : false
02-28 17:25:22.870 10143 10143 I System.out: -----------SMS msg does not have parameters
02-28 17:25:22.870 10143 10143 V sms     : received SMS is not '//F1' sms!
02-28 17:25:22.878 10626 10626 D something happened: great!
02-28 17:25:22.909 32437 32437 I QACallSmsReceiver: In onReceive to handle #Intent;action=android.provider.Telephony.SMS_RECEIVED;launchFlags=0x10;component=com.motorola.contextual.smartrules/com.motorola.contextual.actions.CallSmsReceiver;i.deliveredBy=3;S.format=3gpp2;end
02-28 17:25:22.940 32437 10796 I QADatabaseUtilityService: onHandleIntent called. Action is android.provider.Telephony.SMS_RECEIVED
02-28 17:25:22.948 32437 32437 I QADatabaseUtilityService: IntentService onDestroy
02-28 17:25:22.948 10748 10748 D SmartCarDockMusicUtils: Cmp2 available
02-28 17:25:22.948 10748 10748 D SmartCarDockMusicUtils: Music Source is :4
02-28 17:25:22.948 10748 10748 D SmartCarDockMusicUtils: bindToMusicService
02-28 17:25:22.948 10748 10748 D SettingUtil: >>>getPreferenceSunRiseAndSunSetTime>>>>
02-28 17:25:22.948 10748 10748 D SettingUtil: >>>getPreferenceSunRiseAndSunSetTime>return value = 6.0
02-28 17:25:22.948 10748 10748 D SettingUtil: >>>getPreferenceSunRiseAndSunSetTime>>>>
02-28 17:25:22.948 10748 10748 D SettingUtil: >>>getPreferenceSunRiseAndSunSetTime>return value = 0.0
02-28 17:25:22.948 10748 10748 D SettingUtil: >>>getPreferenceSunRiseAndSunSetTime>>>>
02-28 17:25:22.948 10748 10748 D SettingUtil: >>>getPreferenceSunRiseAndSunSetTime>return value = 18.0
02-28 17:25:22.948 10748 10748 D SettingUtil: >>>getPreferenceSunRiseAndSunSetTime>>>>
02-28 17:25:22.948 10748 10748 D SettingUtil: >>>getPreferenceSunRiseAndSunSetTime>return value = 0.0
02-28 17:25:22.948 10748 10748 D SettingUtil: SmartCarDockSettingUtil constructor sunrise 6:0 sunset 18:0
02-28 17:25:22.948 10748 10748 D SettingUtil: mDayColor=-1, mNightColor=-5460820
02-28 17:25:22.956 10748 10748 V SmartCarDockCallUtil: isCallActive = false. State = IDLE
02-28 17:25:22.956 10748 10748 D SettingUtil: whetherDisableTTS(), mExternalDisableTTS=false, disable=false
02-28 17:25:22.956 10748 10748 D SettingUtil: componentInfo is ComponentInfo{com.motorola.messaging/com.motorola.messaging.activity.ComposeMessageActivity}
02-28 17:25:22.956 10748 10748 D SmartCarDockSmsReceiver: receive SMS but not in CarDock mode or we are in Active call or we are in Navigation
02-28 17:25:22.979   704   704 D SMSDispatcher: deliveredBy = 3
02-28 17:25:22.979   704   704 D ImsSMSDispatcher: success=true; result=-1; delivered by:3
02-28 17:25:22.979   704   704 E ImsSMSDispatcher: Don't need to ack on SMS layer for SMS over IMS.
02-28 17:25:22.979 16079 16079 I SmsReceiverService: SMS-STATUS - start sms receiver service, app version=.line=MSG-STAB-02-JB.customer=verizon.device=cdma_spyder.model=DROID RAZR.modelno=.blur version=Blur_Version.98.72.165.XT912.Verizon.en.US.type=user.build=9.8.2O-72_VZW-16-5.release=4.1.2.time=11/21/13 (versionName=4.1.2-5) (versionCode=16) (log=false) (ut=false) (config=false)
02-28 17:25:23.034   578   578 D MotoSystemUIUtils: Not on network extender
02-28 17:25:23.034   578   578 I SBar.NetworkController: onSignalStrengthsChanged SignalStrength: 99 -1 -60 -70 -64 -1 6 13 -95 -9 123 7 cdma 0 -108 -1 false 0 0 5 4 4 16 8 99 5 5 5 5 5 5 5 99 level=4
02-28 17:25:23.042   578   578 I SBar.NetworkController: refreshSignalCluster: mobile: Signal=zz_moto_stat_sys_signal_5bar_4_fully Roaming=(none) mSimIconId=(none) Accessibility="Phone signal full.","Not roaming.",""
02-28 17:25:23.050 10284 10284 D ModemStatsService: onSignalStrengthsChanged
02-28 17:25:23.050 10284 10284 D ModemStatsService: CDMA, mRssi=-60, mEcio=-70
02-28 17:25:23.104 16079 10785 D Checkin : publish the event [tag = MOT_MSG_STATS_L4 event name = SMS_RECEIVED]
02-28 17:25:23.104   465   475 D CheckinProvider: isInsertAllowed - The Event with tag=MOT_MSG_STATS_L4 event=SMS_RECEIVED returnstrue
02-28 17:25:23.206   704  9727 D MmsSmsProvider: getThreadId: after query count=1
02-28 17:25:23.206   704  9727 D MmsSmsProvider: getThreadId: before return count=1
02-28 17:25:23.206 16079 16079 W MessageListItem: StatusIndicator: Bind failed
02-28 17:25:23.214 16079 16079 W MessageListItem: StatusIndicator: Bind failed
02-28 17:25:23.269   578   578 I SBar.NetworkController: onDataActivity: direction=3
02-28 17:25:23.276   578   578 D MotoSystemUIUtils: Not on network extender
02-28 17:25:23.276   578   578 I SBar.NetworkController: refreshSignalCluster: mobile: mHasMobileDataFeature=true DataTypeShown=zz_moto_stat_sys_data_fully_connected_4g_lte Activity=zz_moto_stat_sys_data_fully_connected_signal_inout Accessibility="4 G L T E"
02-28 17:25:23.284 10284 10284 D ModemStatsService: onDataActivity
02-28 17:25:23.284 10284 10284 D ModemStatsService: direction is 3
02-28 17:25:23.284 10284 10284 D ModemStatsService: Idle_Duration=122
02-28 17:25:24.847 16079 10785 D Checkin : publish the event [tag = MOT_MSG_STATS_L3 event name = MSG_DELETED]
02-28 17:25:24.847   465  9728 D CheckinProvider: isInsertAllowed - The Event with tag=MOT_MSG_STATS_L3 event=MSG_DELETED returnstrue
02-28 17:25:24.878   465   465 V ApplicationInfoUtils: Calling Package Name com.motorola.messaging
02-28 17:25:24.878   465   465 W ApplicationInfoUtils: CompareAnySignature, Signature Mismatch
02-28 17:25:24.878   465   465 V ApplicationInfoUtils: Is Preloaded App? true
02-28 17:25:24.878   465   465 V ApplicationInfoUtils: Metadata for Package com.motorola.messaging matches
02-28 17:25:24.878   465   465 V ConnectivityService: enforceCheckPermissionforHiPri:Pid=16079ret=true
02-28 17:25:25.073 16079 10785 W SmsReceiver: finishStartingService - stop self failed
02-28 17:25:25.073 10748 10748 D SmartCarDockMusicUtils: Cmp2 available
02-28 17:25:25.073 10748 10748 D SmartCarDockMusicUtils: Music Source is :4
02-28 17:25:25.073 10748 10748 D SmartCarDockMusicUtils: bindToMusicService
02-28 17:25:25.073 10748 10748 D SettingUtil: >>>getPreferenceSunRiseAndSunSetTime>>>>
02-28 17:25:25.073 10748 10748 D SettingUtil: >>>getPreferenceSunRiseAndSunSetTime>return value = 6.0
02-28 17:25:25.073 10748 10748 D SettingUtil: >>>getPreferenceSunRiseAndSunSetTime>>>>
02-28 17:25:25.073 10748 10748 D SettingUtil: >>>getPreferenceSunRiseAndSunSetTime>return value = 0.0
02-28 17:25:25.073 10748 10748 D SettingUtil: >>>getPreferenceSunRiseAndSunSetTime>>>>
02-28 17:25:25.073 10748 10748 D SettingUtil: >>>getPreferenceSunRiseAndSunSetTime>return value = 18.0
02-28 17:25:25.073 10748 10748 D SettingUtil: >>>getPreferenceSunRiseAndSunSetTime>>>>
02-28 17:25:25.073 10748 10748 D SettingUtil: >>>getPreferenceSunRiseAndSunSetTime>return value = 0.0
02-28 17:25:25.073 10748 10748 D SettingUtil: SmartCarDockSettingUtil constructor sunrise 6:0 sunset 18:0
02-28 17:25:25.073 10748 10748 D SettingUtil: mDayColor=-1, mNightColor=-5460820
02-28 17:25:25.089 10748 10748 V SmartCarDockCallUtil: isCallActive = false. State = IDLE
02-28 17:25:25.097 10748 10748 D SettingUtil: whetherDisableTTS(), mExternalDisableTTS=false, disable=false
02-28 17:25:25.097 10748 10748 D SettingUtil: componentInfo is ComponentInfo{com.motorola.messaging/com.motorola.messaging.activity.ComposeMessageActivity}
02-28 17:25:25.097 10748 10748 D SmartCarDockSmsReceiver: receive SMS but not in CarDock mode or we are in Active call or we are in Navigation
02-28 17:25:25.175   578   578 D PhoneStatusBar: addNotification score=0
02-28 17:25:25.222   465   524 V AlarmManager: sending alarm Alarm{422ace10 type 1 com.metago.astro}
02-28 17:25:25.284 10284 10284 D ModemStatsService: onDataActivity
02-28 17:25:25.284 10284 10284 D ModemStatsService: direction is 0
02-28 17:25:25.284 10284 10284 D ModemStatsService: Active_Duration=17
02-28 17:25:25.292   578   578 D MotoSystemUIUtils: Not on network extender
02-28 17:25:25.292   578   578 I SBar.NetworkController: onDataActivity: direction=0
02-28 17:25:25.292   578   578 I SBar.NetworkController: refreshSignalCluster: mobile: mHasMobileDataFeature=true DataTypeShown=zz_moto_stat_sys_data_fully_connected_4g_lte Activity=zz_moto_stat_sys_data_fully_connected_signal_none Accessibility="4 G L T E"
02-28 17:25:25.386   704   744 D MmsSmsProvider: getThreadId: after query count=1
02-28 17:25:25.386   704   744 D MmsSmsProvider: getThreadId: before return count=1
02-28 17:25:25.667 16079 10785 D Checkin : publish the event [tag = MOT_MSG_STATS_L4 event name = SMS_RECEIVED]
02-28 17:25:25.667   465   750 D CheckinProvider: isInsertAllowed - The Event with tag=MOT_MSG_STATS_L4 event=SMS_RECEIVED returnstrue
02-28 17:25:25.831   704 10549 D MmsSmsProvider: getThreadId: after query count=1
02-28 17:25:25.831   704 10549 D MmsSmsProvider: getThreadId: before return count=1
02-28 17:25:25.847 16079 16079 W MessageListItem: StatusIndicator: Bind failed
02-28 17:25:25.854 16079 16079 W MessageListItem: StatusIndicator: Bind failed
02-28 17:25:27.245 16079 10785 D Checkin : publish the event [tag = MOT_MSG_STATS_L3 event name = MSG_DELETED]
02-28 17:25:27.245   465   476 D CheckinProvider: isInsertAllowed - The Event with tag=MOT_MSG_STATS_L3 event=MSG_DELETED returnstrue
02-28 17:25:27.433 10748 10748 D SmartCarDockMusicUtils: Cmp2 available
02-28 17:25:27.433 10748 10748 D SmartCarDockMusicUtils: Music Source is :4
02-28 17:25:27.433 10748 10748 D SmartCarDockMusicUtils: bindToMusicService
02-28 17:25:27.433 10748 10748 D SettingUtil: >>>getPreferenceSunRiseAndSunSetTime>>>>
02-28 17:25:27.433 10748 10748 D SettingUtil: >>>getPreferenceSunRiseAndSunSetTime>return value = 6.0
02-28 17:25:27.433 10748 10748 D SettingUtil: >>>getPreferenceSunRiseAndSunSetTime>>>>
02-28 17:25:27.433 10748 10748 D SettingUtil: >>>getPreferenceSunRiseAndSunSetTime>return value = 0.0
02-28 17:25:27.433 10748 10748 D SettingUtil: >>>getPreferenceSunRiseAndSunSetTime>>>>
02-28 17:25:27.433 10748 10748 D SettingUtil: >>>getPreferenceSunRiseAndSunSetTime>return value = 18.0
02-28 17:25:27.433 10748 10748 D SettingUtil: >>>getPreferenceSunRiseAndSunSetTime>>>>
02-28 17:25:27.433 10748 10748 D SettingUtil: >>>getPreferenceSunRiseAndSunSetTime>return value = 0.0
02-28 17:25:27.433 10748 10748 D SettingUtil: SmartCarDockSettingUtil constructor sunrise 6:0 sunset 18:0
02-28 17:25:27.433 10748 10748 D SettingUtil: mDayColor=-1, mNightColor=-5460820
02-28 17:25:27.440 10748 10748 V SmartCarDockCallUtil: isCallActive = false. State = IDLE
02-28 17:25:27.440 10748 10748 D SettingUtil: whetherDisableTTS(), mExternalDisableTTS=false, disable=false
02-28 17:25:27.440 10748 10748 D SettingUtil: componentInfo is ComponentInfo{com.motorola.messaging/com.motorola.messaging.activity.ComposeMessageActivity}
02-28 17:25:27.448   465   900 V ApplicationInfoUtils: Calling Package Name com.motorola.messaging
02-28 17:25:27.448   465   900 W ApplicationInfoUtils: CompareAnySignature, Signature Mismatch
02-28 17:25:27.448   465   900 V ApplicationInfoUtils: Is Preloaded App? true
02-28 17:25:27.448   465   900 V ApplicationInfoUtils: Metadata for Package com.motorola.messaging matches
02-28 17:25:27.448   465   900 V ConnectivityService: enforceCheckPermissionforHiPri:Pid=16079ret=true
02-28 17:25:27.456 10748 10748 D SmartCarDockSmsReceiver: receive SMS but not in CarDock mode or we are in Active call or we are in Navigation
02-28 17:25:27.604   578   578 D PhoneStatusBar: addNotification score=0
02-28 17:25:28.229   465   524 V AlarmManager: sending alarm Alarm{4142cc50 type 1 com.metago.astro}
02-28 17:25:29.237   465   476 D dalvikvm: WAIT_FOR_CONCURRENT_GC blocked 0ms
02-28 17:25:29.308   578   578 D MotoSystemUIUtils: Not on network extender
02-28 17:25:29.308 10284 10284 D ModemStatsService: onDataActivity
02-28 17:25:29.308 10284 10284 D ModemStatsService: direction is 3
02-28 17:25:29.308   578   578 I SBar.NetworkController: onDataActivity: direction=3
02-28 17:25:29.315   578   578 I SBar.NetworkController: refreshSignalCluster: mobile: mHasMobileDataFeature=true DataTypeShown=zz_moto_stat_sys_data_fully_connected_4g_lte Activity=zz_moto_stat_sys_data_fully_connected_signal_inout Accessibility="4 G L T E"
02-28 17:25:29.354 10284 10284 D ModemStatsService: Idle_Duration=126
02-28 17:25:29.456   465   476 D dalvikvm: GC_EXPLICIT freed 1149K, 25% free 25364K/33635K, paused 17ms+8ms, total 221ms
02-28 17:25:29.472   704 10549 D dalvikvm: WAIT_FOR_CONCURRENT_GC blocked 0ms
02-28 17:25:29.519   704 10549 D dalvikvm: GC_EXPLICIT freed 646K, 14% free 12999K/14947K, paused 3ms+5ms, total 50ms
02-28 17:25:30.042   465   476 V ApplicationInfoUtils: Calling Package Name com.motorola.messaging
02-28 17:25:30.042   465   476 W ApplicationInfoUtils: CompareAnySignature, Signature Mismatch
02-28 17:25:30.042   465   476 V ApplicationInfoUtils: Is Preloaded App? true
02-28 17:25:30.042   465   476 V ApplicationInfoUtils: Metadata for Package com.motorola.messaging matches
02-28 17:25:30.042   465   476 V ConnectivityService: enforceCheckPermissionforHiPri:Pid=16079ret=true
02-28 17:25:30.253   794  2630 I IMSC-JNI: imsc_mgr_wakeup_alarm_callback: 0, 2164298
02-28 17:25:30.253   465   524 V AlarmManager: sending alarm Alarm{41cdaf88 type 0 com.motorola.android.server.ims}
02-28 17:25:30.261   794  2630 D IMSCLIENT: TransactionObject.c:901:      0x1 TRANSACTION : INFO  - TransactionTerminate - Transaction 0x0x4001e730: Inserting Transaction to the event queue
02-28 17:25:30.261   794  2630 I IMSC-JNI: imsc_mgr_wakeup_alarm_callback: 0, 2209
02-28 17:25:30.261   794  2630 D IMSCLIENT: TransactionObject.c:5244:      0x1 TRANSACTION : INFO  - TransactionChangeState - Transaction 0x0x4001e730: state changed to Terminated
02-28 17:25:30.261   794  2630 I IMSCLIENT: IMS_ENG_transactionMgr.cpp:1182: HandleStateChangeEv: HandleStateChangestate state 11, reason 3
02-28 17:25:30.261   794  2630 I IMSCLIENT: IMS_ENG_transactionMgr.cpp:1261: HandleStateChangeEv: StatedChanged to TERMINATED.  Removing token 0x51936724
02-28 17:25:30.261   794  2630 I IMSCLIENT: IMS_ENG_transactionMgr.cpp:1993: IMS_ENG_transactionMgr: Removing token at address: 51936724
02-28 17:25:30.261   794  2630 W IMSCLIENT: IMS_OSservice.cpp:373: Critical Region ID (0) has not created.
02-28 17:25:30.261   794  2630 D IMSCLIENT: RvSipTransaction.c:1503:      0x1 TRANSACTION : INFO  - RvSipTransactionTerminate - Transaction 0x0x4001e730: terminating transaction
02-28 17:25:30.261   794  2630 W IMSCLIENT: IMS_OSservice.cpp:418: Critical Region ID (0) has not created.
02-28 17:25:30.261   794  2630 D IMSCLIENT: TransactionObject.c:1013:      0x1 TRANSACTION : INFO  - TransactionDestruct - Transaction 0x0x4001e730: was destructed
02-28 17:25:30.261   794   794 I IMSCServer: Receive intent: Intent { act=com.motorola.ims.action.nativetimer flg=0x14 (has extras) } Action: com.motorola.ims.action.nativetimer
02-28 17:25:30.261   794   794 I IMSCNetwork: onNativeTimer
02-28 17:25:30.261   794  1033 I IMSCNative: onMgrWakeupAlarmCallback: 0, timer:2164298
02-28 17:25:30.261   794  1033 I IMSCNetwork: onStartAlarmTimer, timeOut: 2164298
02-28 17:25:30.261   794  1033 I IMSCNative: onMgrWakeupAlarmCallback: 0, timer:2209
02-28 17:25:30.261   794  1033 I IMSCNetwork: onStartAlarmTimer, timeOut: 2209
02-28 17:25:30.269   794   794 I IMSC-JNI: imsc_native_mgr_alarmTimeout
02-28 17:25:30.269   794   794 V IMSCLIENT: IMS_Client_API.cpp:837: IMSC_MGR_AlarmTimeout: Called 
02-28 17:25:30.269   794   794 V IMSCLIENT: IMS_ClientMgr.cpp:2726: AlarmTimeout: called
02-28 17:25:30.276   794  2630 V IMSCLIENT: IMS_ClientMgr.cpp:2763: InternalAlarmTimeout: called
02-28 17:25:30.331 10284 10284 D ModemStatsService: onDataActivity
02-28 17:25:30.331 10284 10284 D ModemStatsService: direction is 0
02-28 17:25:30.331   578   578 D MotoSystemUIUtils: Not on network extender
02-28 17:25:30.331 10284 10284 D ModemStatsService: Active_Duration=17
02-28 17:25:30.331   578   578 I SBar.NetworkController: onDataActivity: direction=0
02-28 17:25:30.331   578   578 I SBar.NetworkController: refreshSignalCluster: mobile: mHasMobileDataFeature=true DataTypeShown=zz_moto_stat_sys_data_fully_connected_4g_lte Activity=zz_moto_stat_sys_data_fully_connected_signal_none Accessibility="4 G L T E"
02-28 17:25:31.269   465   524 V AlarmManager: sending alarm Alarm{41bac2c8 type 1 com.metago.astro}
02-28 17:25:32.472   794  2630 I IMSC-JNI: imsc_mgr_wakeup_alarm_callback: 0, 2162081
02-28 17:25:32.472   794  2630 D IMSCLIENT: TransactionObject.c:901:      0x1 TRANSACTION : INFO  - TransactionTerminate - Transaction 0x0x4001d9b0: Inserting Transaction to the event queue
02-28 17:25:32.472   794  2630 I IMSC-JNI: imsc_mgr_wakeup_alarm_callback: 0, 2333
02-28 17:25:32.472   794  2630 D IMSCLIENT: TransactionObject.c:5244:      0x1 TRANSACTION : INFO  - TransactionChangeState - Transaction 0x0x4001d9b0: state changed to Terminated
02-28 17:25:32.472   794  2630 I IMSCLIENT: IMS_ENG_transactionMgr.cpp:1182: HandleStateChangeEv: HandleStateChangestate state 11, reason 3
02-28 17:25:32.472   794  2630 I IMSCLIENT: IMS_ENG_transactionMgr.cpp:1261: HandleStateChangeEv: StatedChanged to TERMINATED.  Removing token 0x48ed990c
02-28 17:25:32.472   794  2630 I IMSCLIENT: IMS_ENG_transactionMgr.cpp:1993: IMS_ENG_transactionMgr: Removing token at address: 48ed990c
02-28 17:25:32.472   794  2630 W IMSCLIENT: IMS_OSservice.cpp:373: Critical Region ID (0) has not created.
02-28 17:25:32.472   794  2630 D IMSCLIENT: RvSipTransaction.c:1503:      0x1 TRANSACTION : INFO  - RvSipTransactionTerminate - Transaction 0x0x4001d9b0: terminating transaction
02-28 17:25:32.472   794  2630 W IMSCLIENT: IMS_OSservice.cpp:418: Critical Region ID (0) has not created.
02-28 17:25:32.472   794  2630 D IMSCLIENT: TransactionObject.c:1013:      0x1 TRANSACTION : INFO  - TransactionDestruct - Transaction 0x0x4001d9b0: was destructed
02-28 17:25:32.472   794  1033 I IMSCNative: onMgrWakeupAlarmCallback: 0, timer:2162081
02-28 17:25:32.472   794  1033 I IMSCNetwork: onStartAlarmTimer, timeOut: 2162081
02-28 17:25:32.472   465   524 V AlarmManager: sending alarm Alarm{41f76c18 type 0 com.motorola.android.server.ims}
02-28 17:25:32.479   794   794 I IMSCServer: Receive intent: Intent { act=com.motorola.ims.action.nativetimer flg=0x14 (has extras) } Action: com.motorola.ims.action.nativetimer
02-28 17:25:32.479   794   794 I IMSCNetwork: onNativeTimer
02-28 17:25:32.479   794  1033 I IMSCNative: onMgrWakeupAlarmCallback: 0, timer:2333
02-28 17:25:32.479   794  1033 I IMSCNetwork: onStartAlarmTimer, timeOut: 2333
02-28 17:25:32.479   794   794 I IMSC-JNI: imsc_native_mgr_alarmTimeout
02-28 17:25:32.479   794   794 V IMSCLIENT: IMS_Client_API.cpp:837: IMSC_MGR_AlarmTimeout: Called 
02-28 17:25:32.479   794   794 V IMSCLIENT: IMS_ClientMgr.cpp:2726: AlarmTimeout: called
02-28 17:25:32.487   794  2630 V IMSCLIENT: IMS_ClientMgr.cpp:2763: InternalAlarmTimeout: called
02-28 17:25:32.495   704  4007 D MmsSmsProvider: getThreadId: after query count=1
02-28 17:25:32.495   704  4007 D MmsSmsProvider: getThreadId: before return count=1
02-28 17:25:32.636 16079 16108 D Checkin : publish the event [tag = MOT_MSG_STATS_L4 event name = SMS_SENT]
02-28 17:25:32.636   465   755 D CheckinProvider: isInsertAllowed - The Event with tag=MOT_MSG_STATS_L4 event=SMS_SENT returnstrue
02-28 17:25:32.636 16079 16108 I SmsMessageSender: SMS-STATUS - Sending short SMS Message, uri=content://sms/38202
02-28 17:25:32.776   704 11762 D MmsSmsProvider: getThreadId: after query count=1
02-28 17:25:32.776   704 11762 D MmsSmsProvider: getThreadId: before return count=1
02-28 17:25:32.815   704  4006 D IccSmsInterfaceManager: enter sFilterDestAddr, original destAddr="9712351995"
02-28 17:25:32.815   704  4006 D VzwMoSmsSupportHelper: enter filterDestAddr. this=VzwMoSmsSupportHelper : { mPhoneType=2, mSimState=5, mSimOperator=311480, mNetworkOperator=31000, mNbpcdSupported=false, mCdmaHomeOperatorIsnan=true, mGsmRoutesUsSmsc=true; getNetworkType()=2}, destAddr="9712351995"
02-28 17:25:32.815   704  4006 D VzwMoSmsSupportHelper: networkMcc="310", networkMnc="00"
02-28 17:25:32.815   704  4006 D VzwMoSmsSupportHelper: begin to call SMSNumberHandler.formatNumber;
02-28 17:25:32.815   704  4006 D SMSNumberHandler: Format Number: 9712351995, Active MCC: 310, Active MNC: 00, NBPCD: false, NetworkType: 2
02-28 17:25:32.815   704  4006 D SMSNumberHandler: NANP type: NP_NANP_AREA_LOCAL
02-28 17:25:32.815   704  4006 D VzwMoSmsSupportHelper: leave filterDestAddr, new destAddr="9712351995"
02-28 17:25:32.815   704  4006 D IccSmsInterfaceManager: leave sFilterDestAddr, new destAddr="9712351995"
02-28 17:25:32.854   704  1056 V PhoneNVInfo: CDMAPhoneVNINfo get msg: 33554454
02-28 17:25:32.854   704  4006 V ImsSMSDispatcher: LteOnly=false, moSmsOverIms=true, NV ImsSmsOverIP=true, ImsServiceOpen=true, imsAvailable=true
02-28 17:25:32.854   704  4006 D ImsSMSDispatcher: prepareRetry 
02-28 17:25:32.854   704  4006 D ImsSMSDispatcher: add retry entry for LET network
02-28 17:25:32.854   704  4006 D ImsSMSDispatcher: sendSms
02-28 17:25:32.854   794 28025 I IMSCSmsService: IMSCConfReader.getSmsFormat: 0
02-28 17:25:32.854   704  4006 D ImsSMSDispatcher: toAddr: tel:9712351995
02-28 17:25:32.854   794 32031 I IMSC-JNI: imsc_native_sms_sendMsg
02-28 17:25:32.854   794 32031 V IMSCLIENT: IMS_Client_SMS_API.cpp:255: IMSC_SMS_SendMsg: called (regId=1 rplySeq=253 format=0 ...
02-28 17:25:32.854   794 32031 V IMSCLIENT: IMS_Client_SMS_API.cpp:258: IMSC_SMS_SendMsg: ... toAddr=tel:9712351995 msg=0x48cbdbe8 msgLen=34)
02-28 17:25:32.854   794 32031 W IMSCLIENT: IMS_OSservice.cpp:373: Critical Region ID (0) has not created.
02-28 17:25:32.854   794 32031 V IMSCLIENT: IMS_ENG_transactionMgr.cpp:2072: IMS_ENG_transactionMgr: Token address:51936724  Token Owner:524704fc
02-28 17:25:32.854   794 32031 W IMSCLIENT: IMS_OSservice.cpp:418: Critical Region ID (0) has not created.
02-28 17:25:32.854   794 32031 I IMSCLIENT: IMS_SMS_Manager.cpp:888: SendSmsMsg: Outgoing MsgBody len: 34
02-28 17:25:32.854   794 32031 I IMSCLIENT: IMS_SMS_Manager.cpp:889: SendSmsMsg: Outgoing Msg TO address: tel:9712351995
02-28 17:25:32.854   794 32031 V IMSCLIENT: IMS_ENG_transactionToken.cpp:1416: SetMessageBody: Setting message body with len: 34
02-28 17:25:32.854   794 32031 V IMSCLIENT: IMS_ENG_transactionToken.cpp:1056: IMS_ENG_transactionToken: Successfully stored the application specific data.
02-28 17:25:32.854   794 32031 V IMSCLIENT: IMS_ENG_transactionToken.cpp:1097: SetContentSubTypeStr: Passed-in type is vnd.3gpp2.sms
02-28 17:25:32.854   794 32031 V IMSCLIENT: IMS_SMS_Manager.cpp:932: SendSmsMsg: Posted msg_SendSmsMsg() on queue.
02-28 17:25:32.854   794 32031 V IMSCLIENT: IMS_Client_SMS_API.cpp:295: IMSC_SMS_SendMsg: return msgId=1368614692
02-28 17:25:32.854   794  2630 V IMSCLIENT: IMS_ENG_transactionToken.cpp:1486: SetMethodType: Method enum type: 0
02-28 17:25:32.854   794  2630 V IMSCLIENT: IMS_ENG_transactionToken.cpp:775: IMS_ENG_transactionToken: SendOutgoingMsg() called.
02-28 17:25:32.854   794  2630 D IMSCLIENT: TransactionMgrObject.c:887:      0x1 TRANSACTION : INFO  - TransactionMgrCreateTransaction - transaction created: 0x0x4001d6b0
02-28 17:25:32.854   794  2630 D IMSCLIENT: RvSipTransaction.c:320:      0x1 TRANSACTION : INFO  - RvSipTranscMgrCreateTransaction - New transaction 0x0x4001d6b0 was created
02-28 17:25:32.854   794  2630 V IMSCLIENT: IMS_ENG_transactionToken.cpp:782: IMS_ENG_transactionToken: created transaction handle
02-28 17:25:32.854   794  2630 V IMSCLIENT: IMS_ENG_transactionToken.cpp:795: SendOutgoingMsg: Configured registrar is: sip:vzims.com
02-28 17:25:32.854   794  2630 V IMSCLIENT: IMS_ENG_transactionToken.cpp:822: IMS_ENG_transactionToken: Transaction To Address: To:<tel:9712351995;phone-context=vzims.com>
02-28 17:25:32.854   794  2630 V IMSCLIENT: IMS_ENG_transactionToken.cpp:824: IMS_ENG_transactionToken: Transaction From Address: From:<sip:+19712351995@vzims.com>
02-28 17:25:32.854   794  2630 V IMSCLIENT: IMS_ENG_transactionToken.cpp:826: IMS_ENG_transactionToken: Transaction Request URI: tel:9712351995;phone-context=vzims.com
02-28 17:25:32.854   794  2630 D IMSCLIENT: RvSipTransaction.c:964:      0x1 TRANSACTION : INFO  - RvSipTransactionRequest - Transc 0x0x4001d6b0: about to send a request with method MESSAGE
02-28 17:25:32.854   794  2630 D IMSCLIENT: TransactionControl.c:116:      0x1 TRANSACTION : INFO  - TransactionControlSendRequest - Transaction 0x0x4001d6b0: about to send a request
02-28 17:25:32.854   794  2630 D IMSCLIENT: TransactionControl.c:1070:      0x1 TRANSACTION : INFO  - GenerateAndSendRequest - a request is about to be generated and send on transaction 0x0x4001d6b0
02-28 17:25:32.854   794  2630 I IMSCLIENT: IMS_ENG_transactionMgr.cpp:1003: IMS_ENG_transactionMgr: HandleMsgToSendEv called.
02-28 17:25:32.854   794  2630 I IMSCLIENT: IMS_ENG_transactionMgr.cpp:1024: IMS_ENG_transactionMgr: HandleMsgToSend: Handle message request (MO)
02-28 17:25:32.854   794  2630 W IMSCLIENT: IMS_ENG_baseStackObj.cpp:235: AddMsgBody constructing new Body Object 
02-28 17:25:32.854   794  2630 V IMSCLIENT: IMS_ENG_baseStackObj.cpp:245: Message body len = 34
02-28 17:25:32.854   794  2630 V IMSCLIENT: IMS_ENG_baseStackObj.cpp:256: Created the outgoing message with message body, content, and media type.
02-28 17:25:32.854   794  2630 I IMSCLIENT: IMS_ENG_transactionToken.cpp:236: BuildMsgBody: outgoing message body created.
02-28 17:25:32.854   794  2630 W IMSCLIENT: IMS_ENG_authenticator.cpp:1506: InsertProxyAuthorizationHdr - no header to insert
02-28 17:25:32.854   794  2630 I IMSCLIENT: IMS_ENG_baseStackObj.cpp:1786: InsertServiceRouteHeaders : <sip:[2001:4888:0007:fe03:00fa:0104:0000:0005]:5060;lr>
02-28 17:25:32.854   794  2630 W IMSCLIENT: IMS_ENG_transactionToken.cpp:596: IMS_ENG_transactionToken::HandleOutOfDialogMessageToSend(Unable to Insert Service Route headers)
02-28 17:25:32.854   794  2630 D IMSCLIENT: IMS_ENG_custom_header.cpp:287: GetHeader  Header 'Supported' not present : unknown.
02-28 17:25:32.854   794  2630 I IMSCLIENT: IMS_ENG_transactionMgr.cpp:1357: IMS_ENG_transactionMgr: HandleTranscFinalDestResolvedEv called.
02-28 17:25:32.854   794  2630 I IMSCLIENT: IMS_ENG_transactionMgr.cpp:1377: IMS_ENG_transactionMgr: FinalDestResolvedEv: Handle message request (MO)
02-28 17:25:32.854   794 32031 I IMSCSmsService: The sent MO message, IMS-SMS-MO event:
02-28 17:25:32.854   794 32031 I IMSCSmsService: mRegId: 1
02-28 17:25:32.854   794 32031 I IMSCSmsService: mMsgId: 0x51936724
02-28 17:25:32.854   794 32031 I IMSCSmsService: mReplySeq: 253
02-28 17:25:32.854   794 32031 I IMSCSmsService: mStatusCode: -2 -- not initialized
02-28 17:25:32.854   794 32031 I IMSCSmsService: mToAddr: tel:9712351995
02-28 17:25:32.854   794 32031 I IMSCSmsService: mMsgFormat: 0 -- 3gpp2
02-28 17:25:32.854   794 32031 I IMSCSmsService: mSmsBody: 
02-28 17:25:32.854   794 32031 I IMSCSmsService: 00 00 02 10 02 01 02 00 00 04 07 02 A5 C4 8D _F _e 40 08 0E 
02-28 17:25:32.854   794 32031 I IMSCSmsService: 00 03 24 8F B0 01 04 10 12 _7 E0 08 01 00 
02-28 17:25:32.854   794  2630 D IMSCLIENT: _SipTransport.c:1846:      0x1 TRANSPORT   : INFO  - SipTransportUdpSendMessage - Sending message. local-address=[2600:100f:8124:a538::101]%1:5060. remote-address=2001:4888:7:fe03:fa:104:0:5:5060
02-28 17:25:32.854   794  2630 D IMSCLIENT: TransportMsgBuilder.c:534:      0x1 TRANSPORT   : INFO  - --> MESSAGE tel:9712351995;phone-context=vzims.com SIP/2.0
02-28 17:25:32.854   794  2630 D IMSCLIENT: TransportMsgBuilder.c:564:      0x1 TRANSPORT   : INFO  -     From: <sip:+19712351995@vzims.com>;tag=4001d6b0-1c9-13c4-45026-5311370c-325584b0-5311370c
02-28 17:25:32.854   794  2630 D IMSCLIENT: TransportMsgBuilder.c:564:      0x1 TRANSPORT   : INFO  -     To: <tel:9712351995;phone-context=vzims.com>
02-28 17:25:32.854   794  2630 D IMSCLIENT: TransportMsgBuilder.c:564:      0x1 TRANSPORT   : INFO  -     Call-ID: 4001d6b0-1c9-13c4-45026-5311370c-5f4700b5-5311370c@vzims.com
02-28 17:25:32.854   794  2630 D IMSCLIENT: TransportMsgBuilder.c:564:      0x1 TRANSPORT   : INFO  -     CSeq: 1431548515 MESSAGE
02-28 17:25:32.854   794  2630 D IMSCLIENT: TransportMsgBuilder.c:564:      0x1 TRANSPORT   : INFO  -     Contact: <sip:+19712351995@[2600:100f:8124:a538::101]:5060>;+g.3gpp2.smsip
02-28 17:25:32.854   794  2630 D IMSCLIENT: TransportMsgBuilder.c:564:      0x1 TRANSPORT   : INFO  -     P-Preferred-Identity: <sip:+19712351995@vzims.com>
02-28 17:25:32.854   794  2630 D IMSCLIENT: TransportMsgBuilder.c:564:      0x1 TRANSPORT   : INFO  -     Max-Forwards: 70
02-28 17:25:32.854   794  2630 D IMSCLIENT: TransportMsgBuilder.c:564:      0x1 TRANSPORT   : INFO  -     Via: SIP/2.0/UDP [2600:100f:8124:a538::101]:5060;branch=z9hG4bK-5311370c-7b3f0a42-6dda5e42
02-28 17:25:32.854   794  2630 D IMSCLIENT: TransportMsgBuilder.c:564:      0x1 TRANSPORT   : INFO  -     Route: <sip:[2001:4888:0007:fe03:00fa:0104:0000:0005]:5060;lr>
02-28 17:25:32.854   794  2630 D IMSCLIENT: TransportMsgBuilder.c:564:      0x1 TRANSPORT   : INFO  -     Request-Disposition: no-fork
02-28 17:25:32.854   794  2630 D IMSCLIENT: TransportMsgBuilder.c:564:      0x1 TRANSPORT   : INFO  -     Allow: MESSAGE
02-28 17:25:32.854   794  2630 D IMSCLIENT: TransportMsgBuilder.c:564:      0x1 TRANSPORT   : INFO  -     User-Agent: IMS 78-9.8.2O-72_VZW-16-5
02-28 17:25:32.854   794  2630 D IMSCLIENT: TransportMsgBuilder.c:564:      0x1 TRANSPORT   : INFO  -     Content-Type: application/vnd.3gpp2.sms
02-28 17:25:32.854   794  2630 D IMSCLIENT: TransportMsgBuilder.c:564:      0x1 TRANSPORT   : INFO  -     Content-Length: 34
02-28 17:25:32.854   794  2630 D IMSCLIENT: TransportMsgBuilder.c:590:      0x1 TRANSPORT   : INFO  - 
02-28 17:25:32.854   794  2630 D IMSCLIENT: TransactionObject.c:5244:      0x1 TRANSACTION : INFO  - TransactionChangeState - Transaction 0x0x4001d6b0: state changed to Client General Request Sent
02-28 17:25:32.854   794  2630 I IMSCLIENT: IMS_ENG_transactionMgr.cpp:1182: HandleStateChangeEv: HandleStateChangestate state 3, reason 0
02-28 17:25:32.854   794  2630 V IMSCLIENT: IMS_SMS_Manager.cpp:1175: IMS_SMS_Manager: Sent outgoing message request to engine.
02-28 17:25:33.167   794  2630 D IMSCLIENT: TransportUDP.c:188:      0x1 TRANSPORT   : INFO  - TransportUdpEventCallback - sock 46: notification of network events
02-28 17:25:33.167   794  2630 D IMSCLIENT: TransportMsgBuilder.c:550:      0x1 TRANSPORT   : INFO  - <-- SIP/2.0 200 OK
02-28 17:25:33.167   794  2630 D IMSCLIENT: TransportMsgBuilder.c:564:      0x1 TRANSPORT   : INFO  -     Via: SIP/2.0/UDP [2600:100f:8124:a538::101]:5060;branch=z9hG4bK-5311370c-7b3f0a42-6dda5e42
02-28 17:25:33.167   794  2630 D IMSCLIENT: TransportMsgBuilder.c:564:      0x1 TRANSPORT   : INFO  -     To: <tel:9712351995;phone-context=vzims.com>;tag=531136fd-391840
02-28 17:25:33.167   794  2630 D IMSCLIENT: TransportMsgBuilder.c:564:      0x1 TRANSPORT   : INFO  -     From: <sip:+19712351995@vzims.com>;tag=4001d6b0-1c9-13c4-45026-5311370c-325584b0-5311370c
02-28 17:25:33.167   794  2630 D IMSCLIENT: TransportMsgBuilder.c:564:      0x1 TRANSPORT   : INFO  -     Call-ID: 4001d6b0-1c9-13c4-45026-5311370c-5f4700b5-5311370c@vzims.com
02-28 17:25:33.167   794  2630 D IMSCLIENT: TransportMsgBuilder.c:564:      0x1 TRANSPORT   : INFO  -     CSeq: 1431548515 MESSAGE
02-28 17:25:33.167   794  2630 D IMSCLIENT: TransportMsgBuilder.c:564:      0x1 TRANSPORT   : INFO  -     Allow: INVITE,ACK,CANCEL,BYE,INFO,UPDATE,MESSAGE,NOTIFY
02-28 17:25:33.167   794  2630 D IMSCLIENT: TransportMsgBuilder.c:564:      0x1 TRANSPORT   : INFO  -     Content-Length: 0
02-28 17:25:33.167   794  2630 D IMSCLIENT: TransportMsgBuilder.c:590:      0x1 TRANSPORT   : INFO  - 
02-28 17:25:33.167   794  2630 D IMSCLIENT: TransactionMsgReceived.c:1284:      0x1 TRANSACTION : INFO  - TransactionGeneralFinalResponseReceived - Transaction 0x0x4001d6b0: has received a final response=200
02-28 17:25:33.167   794  2630 I IMSCLIENT: IMS_ENG_transactionMgr.cpp:951: IMS_ENG_transactionMgr: HandleMsgReceivedEv called.
02-28 17:25:33.167   794  2630 D IMSCLIENT: TransactionObject.c:5244:      0x1 TRANSACTION : INFO  - TransactionChangeState - Transaction 0x0x4001d6b0: state changed to Client General Final Response Rcvd
02-28 17:25:33.167   794  2630 I IMSCLIENT: IMS_ENG_transactionMgr.cpp:1182: HandleStateChangeEv: HandleStateChangestate state 23, reason 8
02-28 17:25:33.167   794  2630 I IMSCLIENT: IMS_ENG_transactionMgr.cpp:840: IMS_ENG_transactionMgr: Handle response code: 200
02-28 17:25:33.167   794  2630 I IMSCLIENT: IMS_ENG_transactionMgr.cpp:1557: Notify subscriber of incoming response. Token:0x51936724 ResponseCode:200 
02-28 17:25:33.167   794  2630 V IMSCLIENT: IMS_ENG_transactionMgr.cpp:1570: Notify subscriber index 0 of ResponseCode 200 on token 51936724
02-28 17:25:33.167   794  2630 V IMSCLIENT: IMS_SMS_EventSubscriber.cpp:318: NotifyOutgoingTransactionResponse: Outgoing SMS response subscriber called.
02-28 17:25:33.167   794  2630 D IMSCLIENT: IMS_SMS_EventSubscriber.cpp:348: NotifyOutgoingTransactionResponse: responseCode:200, Len:0, replySeq=253
02-28 17:25:33.167   794  2630 I IMSC-JNI: imsc_sms_callback: RegID=0, EventType = 0
02-28 17:25:33.167   794  2630 I IMSCLIENT: IMS_ENG_transactionMgr.cpp:1993: IMS_ENG_transactionMgr: Removing token at address: 51936724
02-28 17:25:33.167   794  2630 W IMSCLIENT: IMS_OSservice.cpp:373: Critical Region ID (0) has not created.
02-28 17:25:33.167   794  2630 D IMSCLIENT: RvSipTransaction.c:1503:      0x1 TRANSACTION : INFO  - RvSipTransactionTerminate - Transaction 0x0x4001d6b0: terminating transaction
02-28 17:25:33.167   794  2630 D IMSCLIENT: TransactionObject.c:901:      0x1 TRANSACTION : INFO  - TransactionTerminate - Transaction 0x0x4001d6b0: Inserting Transaction to the event queue
02-28 17:25:33.167   794  2630 V IMSCLIENT: IMS_ENG_config.cpp:555: FreePage attempting to free page 0 from pool 50b9b054
02-28 17:25:33.167   794  1033 I IMSCNative: onSmsMoCallback: IMS-SMS-MO event:
02-28 17:25:33.167   794  1033 I IMSCNative: mRegId: 0
02-28 17:25:33.167   794  1033 I IMSCNative: mMsgId: 0x0
02-28 17:25:33.167   794  1033 I IMSCNative: mReplySeq: 253
02-28 17:25:33.167   794  1033 I IMSCNative: mStatusCode: 13 -- 200 OK / 202 ACCEPTED
02-28 17:25:33.167   794  1033 I IMSCNative: mToAddr: tel:9712351995
02-28 17:25:33.167   794  1033 I IMSCNative: mMsgFormat: 0 -- 3gpp2
02-28 17:25:33.167   794  1033 I IMSCNative: mSmsBody: null
02-28 17:25:33.167   794  2630 V IMSCLIENT: IMS_ENG_config.cpp:570: After FreePage: 64 allocated pages, 5 pages used, 6 max usage
02-28 17:25:33.167   794  2630 W IMSCLIENT: IMS_OSservice.cpp:418: Critical Region ID (0) has not created.
02-28 17:25:33.167   794  2630 D IMSCLIENT: TransportMgrObject.c:694:      0x1 TRANSPORT   : INFO  - TransportMgrFreeRcvBuffer - about to free buffer 0x0x4f5bb4a8
02-28 17:25:33.167   794  2630 D IMSCLIENT: TransactionObject.c:5244:      0x1 TRANSACTION : INFO  - TransactionChangeState - Transaction 0x0x4001d6b0: state changed to Terminated
02-28 17:25:33.167   794  2630 I IMSCLIENT: IMS_ENG_transactionMgr.cpp:1182: HandleStateChangeEv: HandleStateChangestate state 11, reason 0
02-28 17:25:33.167   794  2630 V IMSCLIENT: IMS_ENG_transactionMgr.cpp:313: IMS_ENG_transactionMgr: Current token is not initialized.
02-28 17:25:33.167   794  2630 D IMSCLIENT: TransactionObject.c:1013:      0x1 TRANSACTION : INFO  - TransactionDestruct - Transaction 0x0x4001d6b0: was destructed
02-28 17:25:33.167   794  1033 I IMSCSmsService: onSmsMoCallback: IMS-SMS-MO event:
02-28 17:25:33.167   794  1033 I IMSCSmsService: mRegId: 1
02-28 17:25:33.167   794  1033 I IMSCSmsService: mMsgId: 0x51936724
02-28 17:25:33.167   794  1033 I IMSCSmsService: mReplySeq: 253
02-28 17:25:33.167   794  1033 I IMSCSmsService: mStatusCode: 13 -- 200 OK / 202 ACCEPTED
02-28 17:25:33.167   794  1033 I IMSCSmsService: mToAddr: tel:9712351995
02-28 17:25:33.167   794  1033 I IMSCSmsService: mMsgFormat: 0 -- 3gpp2
02-28 17:25:33.167   794  1033 I IMSCSmsService: mSmsBody: null
02-28 17:25:33.167   704  1196 I SmsOnImsService: onMessageResponse regId 1 msgId 1368614692 statusCode 13 body null
02-28 17:25:33.167   704  1196 D ImsSMSDispatcher: processMessageResponse:13
02-28 17:25:33.167   704   704 D ImsSMSDispatcher: handleSendComplete
02-28 17:25:33.167   704   704 D ImsSMSDispatcher: SMS send successfully
02-28 17:25:33.198 16079 16079 I SmsReceiverService: SMS-STATUS - start sms receiver service, app version=.line=MSG-STAB-02-JB.customer=verizon.device=cdma_spyder.model=DROID RAZR.modelno=.blur version=Blur_Version.98.72.165.XT912.Verizon.en.US.type=user.build=9.8.2O-72_VZW-16-5.release=4.1.2.time=11/21/13 (versionName=4.1.2-5) (versionCode=16) (log=false) (ut=false) (config=false)
02-28 17:25:33.198 16079 10808 I SmsReceiverService: SMS-STATUS - Sms Sent status, uri=content://sms/38202, result code=-1(RESULT_OK), error code=0
02-28 17:25:33.198 16079 10808 D dalvikvm: WAIT_FOR_CONCURRENT_GC blocked 0ms
02-28 17:25:33.253 16079 10808 D dalvikvm: GC_EXPLICIT freed 505K, 14% free 10264K/11811K, paused 2ms+7ms, total 52ms
02-28 17:25:33.292   794  2630 D IMSCLIENT: TransportUDP.c:188:      0x1 TRANSPORT   : INFO  - TransportUdpEventCallback - sock 46: notification of network events
02-28 17:25:33.292   794  2630 D IMSCLIENT: TransportMsgBuilder.c:550:      0x1 TRANSPORT   : INFO  - <-- MESSAGE sip:+19712351995@[2600:100f:8124:a538::101]:5060 SIP/2.0
02-28 17:25:33.292   794  2630 D IMSCLIENT: TransportMsgBuilder.c:564:      0x1 TRANSPORT   : INFO  -     Via: SIP/2.0/UDP [2001:4888:7:fe03:fa:104:0:5]:5060;branch=z9hG4bK65a5aa2fafb045f97f553cc5c15df5a7;lskpmc=P45
02-28 17:25:33.292   794  2630 D IMSCLIENT: TransportMsgBuilder.c:564:      0x1 TRANSPORT   : INFO  -     To: <tel:+19712351995>
02-28 17:25:33.292   794  2630 D IMSCLIENT: TransportMsgBuilder.c:564:      0x1 TRANSPORT   : INFO  -     From: <tel:+19712351995>;tag=531136fd-497929
02-28 17:25:33.292   794  2630 D IMSCLIENT: TransportMsgBuilder.c:564:      0x1 TRANSPORT   : INFO  -     Call-ID: ALU-MAS!000/1019+1-497929@WARE40MAS01
02-28 17:25:33.292   794  2630 D IMSCLIENT: TransportMsgBuilder.c:564:      0x1 TRANSPORT   : INFO  -     CSeq: 1 MESSAGE
02-28 17:25:33.292   794  2630 D IMSCLIENT: TransportMsgBuilder.c:564:      0x1 TRANSPORT   : INFO  -     Max-Forwards: 68
02-28 17:25:33.292   794  2630 D IMSCLIENT: TransportMsgBuilder.c:564:      0x1 TRANSPORT   : INFO  -     Contact: <sip:wAre40mAs01-imsv6:5070>
02-28 17:25:33.292   794  2630 D IMSCLIENT: TransportMsgBuilder.c:564:      0x1 TRANSPORT   : INFO  -     Content-Length: 35
02-28 17:25:33.292   794  2630 D IMSCLIENT: TransportMsgBuilder.c:564:      0x1 TRANSPORT   : INFO  -     Content-Type: application/vnd.3gpp2.sms
02-28 17:25:33.292   794  2630 D IMSCLIENT: TransportMsgBuilder.c:564:      0x1 TRANSPORT   : INFO  -     P-Called-Party-ID: <tel:+19712351995>
02-28 17:25:33.292   794  2630 D IMSCLIENT: TransportMsgBuilder.c:590:      0x1 TRANSPORT   : INFO  - 
02-28 17:25:33.292   794  2630 D IMSCLIENT: TransactionMgrObject.c:887:      0x1 TRANSACTION : INFO  - TransactionMgrCreateTransaction - transaction created: 0x0x4001d530
02-28 17:25:33.292   794  2630 D IMSCLIENT: TransactionObject.c:825:      0x1 TRANSACTION : INFO  - TransactionCreate - Transaction 0x0x4001d530: Was successfully created
02-28 17:25:33.292   794  2630 D IMSCLIENT: AdsRlist.c:397:      0x1 TRANSACTION : INFO  - RLIST_RPoolListConstruct - (hPool=0x0x4f51d054,hPage=0x0x4f52c420,elementSize=4)
02-28 17:25:33.292   794  2630 D IMSCLIENT: TransactionCallBacks.c:443:      0x1 TRANSACTION : INFO  - TransactionCallbackCallTranscCreatedEv - Transaction 0x0x4001d530 
02-28 17:25:33.292   794  2630 W IMSCLIENT: IMS_OSservice.cpp:373: Critical Region ID (0) has not created.
02-28 17:25:33.292   794  2630 V IMSCLIENT: IMS_ENG_transactionMgr.cpp:2072: IMS_ENG_transactionMgr: Token address:51936724  Token Owner:0
02-28 17:25:33.300   794  2630 W IMSCLIENT: IMS_OSservice.cpp:418: Critical Region ID (0) has not created.
