03-02 02:14:58.185   577   577 I SBar.NetworkController: refreshSignalCluster: mobile: mHasMobileDataFeature=true DataTypeShown=zz_moto_stat_sys_data_fully_connected_4g_lte Activity=zz_moto_stat_sys_data_fully_connected_signal_inout Accessibility="4 G L T E"
03-02 02:14:59.169   577   577 I SBar.NetworkController: onDataActivity: direction=0
03-02 02:14:59.177   577   577 I SBar.NetworkController: refreshSignalCluster: mobile: mHasMobileDataFeature=true DataTypeShown=zz_moto_stat_sys_data_fully_connected_4g_lte Activity=zz_moto_stat_sys_data_fully_connected_signal_none Accessibility="4 G L T E"
03-02 02:14:59.997   465   523 V AlarmManager: sending alarm Alarm{41eda820 type 3 android}
03-02 02:15:01.138   465   523 V AlarmManager: sending alarm Alarm{42d8b4b0 type 1 com.metago.astro}
03-02 02:15:01.771   465   523 V AlarmManager: sending alarm Alarm{42d8d5a8 type 0 com.motorola.android.server.ims}
03-02 02:15:03.200   577   577 I SBar.NetworkController: onDataActivity: direction=3
03-02 02:15:03.208   577   577 I SBar.NetworkController: refreshSignalCluster: mobile: mHasMobileDataFeature=true DataTypeShown=zz_moto_stat_sys_data_fully_connected_4g_lte Activity=zz_moto_stat_sys_data_fully_connected_signal_inout Accessibility="4 G L T E"
03-02 02:15:04.161   465   523 V AlarmManager: sending alarm Alarm{425e2ea0 type 1 com.metago.astro}
03-02 02:15:04.208   577   577 I SBar.NetworkController: onDataActivity: direction=0
03-02 02:15:04.208   577   577 I SBar.NetworkController: refreshSignalCluster: mobile: mHasMobileDataFeature=true DataTypeShown=zz_moto_stat_sys_data_fully_connected_4g_lte Activity=zz_moto_stat_sys_data_fully_connected_signal_none Accessibility="4 G L T E"
03-02 02:15:07.185   465   523 V AlarmManager: sending alarm Alarm{4278d518 type 1 com.metago.astro}
03-02 02:15:10.208   465   523 V AlarmManager: sending alarm Alarm{424e7f90 type 1 com.metago.astro}
03-02 02:15:13.232   465   523 V AlarmManager: sending alarm Alarm{42e38be8 type 1 com.metago.astro}
03-02 02:15:16.255   465   523 V AlarmManager: sending alarm Alarm{421c1610 type 1 com.metago.astro}
03-02 02:15:16.341   577   577 I SBar.NetworkController: onSignalStrengthsChanged SignalStrength: 99 -1 -74 -70 -68 -1 5 16 -86 -6 171 2147483647 cdma 0 -108 -1 false 0 0 5 4 4 16 4 99 5 5 5 5 5 5 5 99 level=4
03-02 02:15:16.357   577   577 I SBar.NetworkController: refreshSignalCluster: mobile: Signal=zz_moto_stat_sys_signal_5bar_4_fully Roaming=(none) mSimIconId=(none) Accessibility="Phone signal full.","Not roaming.",""
03-02 02:15:16.763   577   577 D PhoneStatusBar: addNotification score=0
03-02 02:15:19.278   465   523 V AlarmManager: sending alarm Alarm{42699c40 type 1 com.metago.astro}
03-02 02:15:21.591   465   523 V AlarmManager: sending alarm Alarm{42171780 type 2 android}
03-02 02:15:21.693   465   525 I ActivityManager: Start proc com.google.android.gsf.login for service com.google.android.gsf.login/com.google.android.gsf.loginservice.GoogleLoginService: pid=19740 uid=10019 gids={3003, 1015, 1028, 2001, 1007, 3006, 3002, 3001, 1006}
03-02 02:15:21.708   577   577 D PhoneStatusBar: disable: < expand icons alerts ticker system_info back home RECENT* clock >
03-02 02:15:21.794   577   577 D PhoneStatusBar: disable: < expand icons alerts ticker system_info BACK* HOME* RECENT CLOCK* >
03-02 02:15:21.810   465  2467 I ActivityManager: No longer want com.google.android.partnersetup (pid 19441): hidden #21
03-02 02:15:22.294   465   523 V AlarmManager: sending alarm Alarm{42890188 type 1 com.metago.astro}
03-02 02:15:25.310   465   523 V AlarmManager: sending alarm Alarm{422fe658 type 1 com.metago.astro}
03-02 02:15:28.349   465   523 V AlarmManager: sending alarm Alarm{42747ad0 type 1 com.metago.astro}
03-02 02:15:31.372   465   523 V AlarmManager: sending alarm Alarm{42360b00 type 1 com.metago.astro}
03-02 02:15:34.396   465   523 V AlarmManager: sending alarm Alarm{42178850 type 1 com.metago.astro}
03-02 02:15:37.419   465   523 V AlarmManager: sending alarm Alarm{425fe2b0 type 1 com.metago.astro}
03-02 02:15:40.443   465   523 V AlarmManager: sending alarm Alarm{42a93948 type 1 com.metago.astro}
03-02 02:15:43.466   465   523 V AlarmManager: sending alarm Alarm{42e13e18 type 1 com.metago.astro}
03-02 02:15:46.489   465   523 V AlarmManager: sending alarm Alarm{421ec7e8 type 1 com.metago.astro}
03-02 02:15:46.591   465   523 V AlarmManager: sending alarm Alarm{42175898 type 2 android}
03-02 02:15:46.771   465   523 V AlarmManager: sending alarm Alarm{425e2490 type 2 com.google.android.gsf}
03-02 02:15:49.513   465   523 V AlarmManager: sending alarm Alarm{42577880 type 1 com.metago.astro}
03-02 02:15:52.536   465   523 V AlarmManager: sending alarm Alarm{42d75800 type 1 com.metago.astro}
03-02 02:15:55.560   465   523 V AlarmManager: sending alarm Alarm{4238ac38 type 1 com.metago.astro}
03-02 02:15:58.583   465   523 V AlarmManager: sending alarm Alarm{4273aa80 type 1 com.metago.astro}
03-02 02:15:59.997   465   523 V AlarmManager: sending alarm Alarm{42071748 type 3 android}
03-02 02:16:01.607   465   523 V AlarmManager: sending alarm Alarm{4272f228 type 1 com.metago.astro}
03-02 02:16:04.630   465   523 V AlarmManager: sending alarm Alarm{420e6ea0 type 1 com.metago.astro}
03-02 02:16:07.653   465   523 V AlarmManager: sending alarm Alarm{42d8b848 type 1 com.metago.astro}
03-02 02:16:10.677   465   523 V AlarmManager: sending alarm Alarm{41ee6358 type 1 com.metago.astro}
03-02 02:16:13.700   465   523 V AlarmManager: sending alarm Alarm{420fb790 type 1 com.metago.astro}
03-02 02:16:16.724   465   523 V AlarmManager: sending alarm Alarm{42315140 type 1 com.metago.astro}
03-02 02:16:19.747   465   523 V AlarmManager: sending alarm Alarm{42a0f318 type 1 com.metago.astro}
03-02 02:16:22.771   465   523 V AlarmManager: sending alarm Alarm{4294ce50 type 1 com.metago.astro}
03-02 02:16:25.794   465   523 V AlarmManager: sending alarm Alarm{42827be8 type 1 com.metago.astro}
03-02 02:16:28.818   465   523 V AlarmManager: sending alarm Alarm{42d40d90 type 1 com.metago.astro}
03-02 02:16:31.833   465   523 V AlarmManager: sending alarm Alarm{42227570 type 1 com.metago.astro}
03-02 02:16:34.857   465   523 V AlarmManager: sending alarm Alarm{428f3b58 type 1 com.metago.astro}
03-02 02:16:37.880   465   523 V AlarmManager: sending alarm Alarm{425e3450 type 1 com.metago.astro}
03-02 02:16:40.903   465   523 V AlarmManager: sending alarm Alarm{42509488 type 1 com.metago.astro}
03-02 02:16:43.927   465   523 V AlarmManager: sending alarm Alarm{42b7f8a8 type 1 com.metago.astro}
03-02 02:16:46.950   465   523 V AlarmManager: sending alarm Alarm{4231d438 type 1 com.metago.astro}
03-02 02:16:49.974   465   523 V AlarmManager: sending alarm Alarm{42bd4020 type 1 com.metago.astro}
03-02 02:16:52.997   465   523 V AlarmManager: sending alarm Alarm{42c7fad8 type 1 com.metago.astro}
03-02 02:16:56.021   465   523 V AlarmManager: sending alarm Alarm{4265e398 type 1 com.metago.astro}
03-02 02:16:59.044   465   523 V AlarmManager: sending alarm Alarm{421da170 type 1 com.metago.astro}
03-02 02:16:59.997   465   523 V AlarmManager: sending alarm Alarm{424fa890 type 3 android}
03-02 02:17:02.067   465   523 V AlarmManager: sending alarm Alarm{42d70358 type 1 com.metago.astro}
03-02 02:17:05.091   465   523 V AlarmManager: sending alarm Alarm{42116da0 type 1 com.metago.astro}
03-02 02:17:08.114   465   523 V AlarmManager: sending alarm Alarm{42d7ff58 type 1 com.metago.astro}
03-02 02:17:11.138   465   523 V AlarmManager: sending alarm Alarm{4231dbf8 type 1 com.metago.astro}
03-02 02:17:14.161   465   523 V AlarmManager: sending alarm Alarm{4293cee0 type 1 com.metago.astro}
03-02 02:17:17.185   465   523 V AlarmManager: sending alarm Alarm{42ad0ed8 type 1 com.metago.astro}
03-02 02:17:20.208   465   523 V AlarmManager: sending alarm Alarm{42dfab18 type 1 com.metago.astro}
03-02 02:17:23.232   465   523 V AlarmManager: sending alarm Alarm{4279a4a0 type 1 com.metago.astro}
03-02 02:17:26.255   465   523 V AlarmManager: sending alarm Alarm{42bdb150 type 1 com.metago.astro}
03-02 02:17:29.278   465   523 V AlarmManager: sending alarm Alarm{42cdc0c0 type 1 com.metago.astro}
03-02 02:17:32.302   465   523 V AlarmManager: sending alarm Alarm{42608bd8 type 1 com.metago.astro}
03-02 02:17:35.325   465   523 V AlarmManager: sending alarm Alarm{42cb1568 type 1 com.metago.astro}
03-02 02:17:38.349   465   523 V AlarmManager: sending alarm Alarm{42ac98d8 type 1 com.metago.astro}
03-02 02:17:41.372   465   523 V AlarmManager: sending alarm Alarm{42bf2e30 type 1 com.metago.astro}
03-02 02:17:44.396   465   523 V AlarmManager: sending alarm Alarm{42b8fdc0 type 1 com.metago.astro}
03-02 02:17:47.419   465   523 V AlarmManager: sending alarm Alarm{428edb08 type 1 com.metago.astro}
03-02 02:17:50.443   465   523 V AlarmManager: sending alarm Alarm{427116f0 type 1 com.metago.astro}
03-02 02:17:53.403   465   523 V AlarmManager: sending alarm Alarm{42c9bcf0 type 3 android}
03-02 02:17:53.403   465   702 W ThrottleService: unable to find stats for iface rmnet0
03-02 02:17:53.466   465   523 V AlarmManager: sending alarm Alarm{42864b38 type 1 com.metago.astro}
03-02 02:17:56.474   465   523 V AlarmManager: sending alarm Alarm{422fddf0 type 1 com.metago.astro}
03-02 02:17:59.497   465   523 V AlarmManager: sending alarm Alarm{42c80c08 type 1 com.metago.astro}
03-02 02:17:59.997   465   523 V AlarmManager: sending alarm Alarm{41ec5688 type 3 android}
03-02 02:18:02.521   465   523 V AlarmManager: sending alarm Alarm{42a55db8 type 1 com.metago.astro}
03-02 02:18:05.544   465   523 V AlarmManager: sending alarm Alarm{4235a920 type 1 com.metago.astro}
03-02 02:18:08.568   465   523 V AlarmManager: sending alarm Alarm{42c36018 type 1 com.metago.astro}
03-02 02:18:11.591   465   523 V AlarmManager: sending alarm Alarm{4271ba18 type 1 com.metago.astro}
03-02 02:18:14.614   465   523 V AlarmManager: sending alarm Alarm{4215bc90 type 1 com.metago.astro}
03-02 02:18:17.638   465   523 V AlarmManager: sending alarm Alarm{42507460 type 1 com.metago.astro}
03-02 02:18:20.661   465   523 V AlarmManager: sending alarm Alarm{4212c9a0 type 1 com.metago.astro}
03-02 02:18:23.685   465   523 V AlarmManager: sending alarm Alarm{42cb6e70 type 1 com.metago.astro}
03-02 02:18:26.708   465   523 V AlarmManager: sending alarm Alarm{41e5ff18 type 1 com.metago.astro}
03-02 02:18:29.732   465   523 V AlarmManager: sending alarm Alarm{42b2e4e8 type 1 com.metago.astro}
03-02 02:18:32.755   465   523 V AlarmManager: sending alarm Alarm{421faed0 type 1 com.metago.astro}
03-02 02:18:35.778   465   523 V AlarmManager: sending alarm Alarm{42cbfc70 type 1 com.metago.astro}
03-02 02:18:38.802   465   523 V AlarmManager: sending alarm Alarm{424c7af8 type 1 com.metago.astro}
03-02 02:18:41.825   465   523 V AlarmManager: sending alarm Alarm{42cd7108 type 1 com.metago.astro}
03-02 02:18:44.849   465   523 V AlarmManager: sending alarm Alarm{4217ad80 type 1 com.metago.astro}
03-02 02:18:47.872   465   523 V AlarmManager: sending alarm Alarm{42b90e00 type 1 com.metago.astro}
03-02 02:18:50.896   465   523 V AlarmManager: sending alarm Alarm{42c98c58 type 1 com.metago.astro}
03-02 02:18:53.935   465   523 V AlarmManager: sending alarm Alarm{42b32a78 type 1 com.metago.astro}
03-02 02:18:56.966   465   523 V AlarmManager: sending alarm Alarm{42ba7200 type 1 com.metago.astro}
03-02 02:18:59.013   465   523 V AlarmManager: sending alarm Alarm{41e52c00 type 3 com.motorola.contextual.smartrules}
03-02 02:18:59.997   465   523 V AlarmManager: sending alarm Alarm{42d8ded0 type 3 android}
03-02 02:19:01.271   465   523 V AlarmManager: sending alarm Alarm{428d2230 type 1 com.metago.astro}
03-02 02:19:01.755   465   480 I ActivityManager: Start proc com.nullsoft.winamp for broadcast com.nullsoft.winamp/.wifi.WifiStateChangeListener: pid=19837 uid=10172 gids={3003, 1015, 1028}
03-02 02:19:02.216   465   808 W ActivityManager: Unable to start service Intent { act=com.nullsoft.prostub.service.IWinampLicenseCheckService }: not found
03-02 02:19:02.474   465  4199 I ActivityManager: No longer want com.motorola.smartmode (pid 19389): hidden #21
03-02 02:19:03.372   217   433 D NetlinkEvent: Unexpected netlink message. type=0x11
03-02 02:19:04.286   465   523 V AlarmManager: sending alarm Alarm{42d0e1d8 type 1 com.metago.astro}
03-02 02:19:07.310   465   523 V AlarmManager: sending alarm Alarm{42cd9388 type 1 com.metago.astro}
03-02 02:19:10.341   465   523 V AlarmManager: sending alarm Alarm{42c072a8 type 1 com.metago.astro}
03-02 02:19:13.364   465   523 V AlarmManager: sending alarm Alarm{42107250 type 1 com.metago.astro}
03-02 02:19:16.388   465   523 V AlarmManager: sending alarm Alarm{42c94350 type 1 com.metago.astro}
03-02 02:19:19.411   465   523 V AlarmManager: sending alarm Alarm{41e60b58 type 1 com.metago.astro}
03-02 02:19:22.435   465   523 V AlarmManager: sending alarm Alarm{42b20820 type 1 com.metago.astro}
03-02 02:19:25.458   465   523 V AlarmManager: sending alarm Alarm{42daf298 type 1 com.metago.astro}
03-02 02:19:26.700   465   484 W ActivityManager: No content provider found for permission revoke: file:///data/local/tmp/SMSRPG-debug.apk
03-02 02:19:26.700   465   484 W ActivityManager: No content provider found for permission revoke: file:///data/local/tmp/SMSRPG-debug.apk
03-02 02:19:26.700   465   484 W PackageParser: Unknown element under <manifest>: receiver at /data/app/vmdl624599763.tmp Binary XML file line #9
03-02 02:19:26.700   465   484 W PackageParser: Unknown element under <manifest>: service at /data/app/vmdl624599763.tmp Binary XML file line #14
03-02 02:19:26.700   465   484 I PackageParser: com.me.smsrpg: compat added android.permission.WRITE_EXTERNAL_STORAGE android.permission.READ_PHONE_STATE
03-02 02:19:26.732   465   480 I ActivityManager: Force stopping package com.me.smsrpg uid=10240
03-02 02:19:26.732   465   480 I ActivityManager: Killing proc 19371:com.me.smsrpg/u0a240: force stop
03-02 02:19:26.732   465   480 I ActivityManager:   Force finishing activity ActivityRecord{421d7640 com.me.smsrpg/.SMSRPG}
03-02 02:19:26.747   465  2672 I WindowState: WIN DEATH: Window{424dbfc0 com.me.smsrpg/com.me.smsrpg.SMSRPG paused=true}
03-02 02:19:27.575   465   484 I PackageManager: Package com.me.smsrpg codePath changed from /data/app/com.me.smsrpg-1.apk to /data/app/com.me.smsrpg-2.apk; Retaining data and using new
03-02 02:19:27.677   465   484 W PackageManager: Code path for pkg : com.me.smsrpg changing from /data/app/com.me.smsrpg-1.apk to /data/app/com.me.smsrpg-2.apk
03-02 02:19:27.677   465   480 I ActivityManager: Force stopping package com.me.smsrpg uid=10240
03-02 02:19:27.677   465   484 W PackageManager: Resource path for pkg : com.me.smsrpg changing from /data/app/com.me.smsrpg-1.apk to /data/app/com.me.smsrpg-2.apk
03-02 02:19:28.482   465   484 I ActivityManager: Force stopping package com.me.smsrpg uid=10240
03-02 02:19:28.482   465   523 V AlarmManager: sending alarm Alarm{42c83940 type 1 com.metago.astro}
03-02 02:19:28.505   465   525 I WindowManager: Lock screen displayed!
03-02 02:19:28.700   465   753 I ActivityManager: Start proc com.motorola.MotGallery2 for broadcast com.motorola.MotGallery2/com.android.gallery3d.app.PackagesMonitor: pid=19877 uid=10309 gids={1006, 3003, 1015, 9003, 9007, 9008, 3002, 3001, 1028}
03-02 02:19:28.935   465   518 W InputMethodManagerService: Skipping input method ComponentInfo{com.motorola.inputmethod.latin/com.motorola.inputmethod.latin.LatinIMEBell}: it does not require the permission android.permission.BIND_INPUT_METHOD
03-02 02:19:28.966   465   518 W InputMethodManagerService: Skipping input method ComponentInfo{com.motorola.inputmethod.latin/com.motorola.inputmethod.latin.LatinIMEQwerty}: it does not require the permission android.permission.BIND_INPUT_METHOD
03-02 02:19:28.966   465   518 W InputMethodManagerService: Skipping input method ComponentInfo{com.motorola.inputmethod.motosmarthandwriting/com.motorola.inputmethod.motosmarthandwriting.MotoSmartHandWritingService}: it does not require the permission android.permission.BIND_INPUT_METHOD
03-02 02:19:28.966   465   518 W InputMethodManagerService: Skipping input method ComponentInfo{com.motorola.inputmethod.gpinyin/com.motorola.inputmethod.gpinyin.PinyinIMEQwerty}: it does not require the permission android.permission.BIND_INPUT_METHOD
03-02 02:19:28.966   465   518 W InputMethodManagerService: Skipping input method ComponentInfo{com.motorola.inputmethod.gpinyin/com.motorola.inputmethod.gpinyin.PinyinIMEB}: it does not require the permission android.permission.BIND_INPUT_METHOD
03-02 02:19:28.966   465   518 W InputMethodManagerService: Skipping input method ComponentInfo{com.motorola.inputmethod.stroke/com.motorola.inputmethod.stroke.StrokeIME}: it does not require the permission android.permission.BIND_INPUT_METHOD
03-02 02:19:29.060   465   518 W InputMethodManagerService: Found no subtypes in a system IME: com.motorola.inputmethod.entry
03-02 02:19:29.114   577   577 D PhoneStatusBar: disable: < expand icons alerts ticker system_info BACK HOME recent* CLOCK >
03-02 02:19:29.122   465   478 D BackupManagerService: Received broadcast Intent { act=android.intent.action.PACKAGE_REMOVED dat=package:com.me.smsrpg flg=0x8000010 (has extras) }
03-02 02:19:29.138   465   775 I ActivityManager: Start proc com.android.keychain for broadcast com.android.keychain/.KeyChainBroadcastReceiver: pid=19899 uid=1000 gids={3003, 1015, 3002, 3001, 1028, 9009, 1004, 2002, 9000, 9002, 9004, 3007, 3005}
03-02 02:19:29.185   465   667 W InputMethodManagerService: Starting input on non-focused client com.android.internal.view.IInputMethodClient$Stub$Proxy@42cc17c8 (uid=10277 pid=19557)
03-02 02:19:29.263   577   577 D PhoneStatusBar: disable: < expand icons alerts ticker system_info back* home* recent clock* >
03-02 02:19:29.271   465   478 D BackupManagerService: Received broadcast Intent { act=android.intent.action.PACKAGE_ADDED dat=package:com.me.smsrpg flg=0x8000010 (has extras) }
03-02 02:19:29.271   465   478 V BackupManagerService: removePackageParticipantsLocked: uid=10240 #1
03-02 02:19:29.325   465  3447 W InputMethodManagerService: Window already focused, ignoring focus gain of: com.android.internal.view.IInputMethodClient$Stub$Proxy@422cd1f8 attribute=android.view.inputmethod.EditorInfo@4229c988
03-02 02:19:29.388   465  3447 I ActivityManager: Start proc com.motorola.smartmode for broadcast com.motorola.smartmode/.common.PackageChangeReceiver: pid=19915 uid=10274 gids={3003, 1028}
03-02 02:19:29.489   465   478 V BackupManagerService: addPackageParticipantsLocked: #1
03-02 02:19:29.497   465   574 D MotDevicePolicyManagerService: Package com.me.smsrpg, package state=0, action=android.intent.action.PACKAGE_ADDED
03-02 02:19:29.497   465   574 D MotDevicePolicyManagerService: getAllAppBlackLists - no app blacklist set for all administrators
03-02 02:19:29.497   465   574 D MotDevicePolicyManagerService: App WhiteList is disabled by all admins.
03-02 02:19:29.497   465   574 D MotDevicePolicyManagerService: isPolicyAllowed - policy=AllowBrowserStrategy allowed by all admin.
03-02 02:19:29.497   465   574 D MotDevicePolicyManagerService: isPolicyAllowed - policy=AllowConsumerEmailStrategy allowed by all admin.
03-02 02:19:29.497   465   574 D MotDevicePolicyManagerService: isPolicyAllowed - policy=AllowTextMessagingStrategy allowed by all admin.
03-02 02:19:29.497   465   574 D MotDevicePolicyManagerService: Package com.me.smsrpg does NOT conflict with any policy.
03-02 02:19:29.513   465  1084 D MotDevicePolicyManagerService: Package com.me.smsrpg, package state=0, action=android.intent.action.PACKAGE_REPLACED
03-02 02:19:29.513   465  1084 D MotDevicePolicyManagerService: getAllAppBlackLists - no app blacklist set for all administrators
03-02 02:19:29.513   465  1084 D MotDevicePolicyManagerService: App WhiteList is disabled by all admins.
03-02 02:19:29.513   465  1084 D MotDevicePolicyManagerService: isPolicyAllowed - policy=AllowBrowserStrategy allowed by all admin.
03-02 02:19:29.513   465  1084 D MotDevicePolicyManagerService: isPolicyAllowed - policy=AllowConsumerEmailStrategy allowed by all admin.
03-02 02:19:29.528   465  1084 D MotDevicePolicyManagerService: isPolicyAllowed - policy=AllowTextMessagingStrategy allowed by all admin.
03-02 02:19:29.528   465  1084 D MotDevicePolicyManagerService: Package com.me.smsrpg does NOT conflict with any policy.
03-02 02:19:29.716   577   577 I SBar.NetworkController: onSignalStrengthsChanged SignalStrength: 99 -1 -74 -70 -68 -1 5 17 -84 -6 182 11 cdma 0 -108 -1 false 0 0 5 4 5 16 4 99 5 5 5 5 5 5 5 99 level=5
03-02 02:19:29.724   577   577 I SBar.NetworkController: refreshSignalCluster: wifi: mWifiConnected=false Wifi=(none) Activity=(none) Accessibility="No Wi-Fi."
03-02 02:19:29.724   577   577 I SBar.NetworkController: refreshSignalCluster: mobile: Signal=zz_moto_stat_sys_signal_5bar_5_fully Roaming=(none) mSimIconId=(none) Accessibility="Phone signal full.","Not roaming.",""
03-02 02:19:29.724   577   577 I SBar.NetworkController: refreshSignalCluster: mobile: mHasMobileDataFeature=true DataTypeShown=zz_moto_stat_sys_data_fully_connected_4g_lte Activity=zz_moto_stat_sys_data_fully_connected_signal_none Accessibility="4 G L T E"
03-02 02:19:29.810   577   577 I SBar.NetworkController: onDataActivity: direction=3
03-02 02:19:29.818   577   577 I SBar.NetworkController: refreshSignalCluster: mobile: mHasMobileDataFeature=true DataTypeShown=zz_moto_stat_sys_data_fully_connected_4g_lte Activity=zz_moto_stat_sys_data_fully_connected_signal_inout Accessibility="4 G L T E"
03-02 02:19:29.966   465  2669 I ActivityManager: No longer want com.google.android.apps.maps:FriendService (pid 19462): hidden #21
03-02 02:19:30.036   465   808 I ActivityManager: Start proc com.metago.astro:remote for broadcast com.metago.astro/.receiver.PackageAddedReceiver: pid=19949 uid=10220 gids={3003, 1015, 1028}
03-02 02:19:30.091   465   667 I ActivityManager: No longer want com.motorola.motoemail:moxierengine (pid 19473): hidden #21
03-02 02:19:30.193   465   777 I ActivityManager: No longer want com.motorola.dockservice (pid 19491): hidden #21
03-02 02:19:30.450   465   775 I ActivityManager: Start proc com.google.android.partnersetup for broadcast com.google.android.partnersetup/.RlzPingBroadcastReceiver: pid=19975 uid=10052 gids={3003, 1028}
03-02 02:19:30.685   465  2669 I ActivityManager: No longer want com.google.android.apps.maps:LocationFriendService (pid 19531): hidden #21
03-02 02:19:30.747   465  2672 I ActivityManager: Start proc com.google.android.apps.maps:FriendService for broadcast com.google.android.apps.maps/com.google.googlenav.friend.android.ServiceReceiver: pid=20003 uid=10010 gids={3003, 1015, 1028}
03-02 02:19:30.794   465  2467 I ActivityManager: Start proc com.motorola.motoemail:moxierengine for service com.motorola.motoemail/com.moxier.eas.engine.service.ExchangeBroadcastProcessorService: pid=20015 uid=10247 gids={3003, 1015, 1028}
03-02 02:19:30.849   577   577 I SBar.NetworkController: onDataActivity: direction=0
03-02 02:19:30.849   577   577 I SBar.NetworkController: refreshSignalCluster: mobile: mHasMobileDataFeature=true DataTypeShown=zz_moto_stat_sys_data_fully_connected_4g_lte Activity=zz_moto_stat_sys_data_fully_connected_signal_none Accessibility="4 G L T E"
03-02 02:19:30.857   465   753 I ActivityManager: START {flg=0x10000000 cmp=com.me.smsrpg/.SMSRPG u=0} from pid 19973
03-02 02:19:30.935   465  2672 I ActivityManager: Start proc com.me.smsrpg for activity com.me.smsrpg/.SMSRPG: pid=20030 uid=10240 gids={1015, 1028}
03-02 02:19:30.982 20015 20015 I openssl : Crypto mode not selected, openssl will run on its regular mode.
03-02 02:19:31.068   465  2467 W ActivityManager: Unable to start service Intent { cmp=com.me.smsrpg/.SMSService }: not found
03-02 02:19:31.091   465   777 I ActivityManager: No longer want com.shazam.android (pid 19508): hidden #21
03-02 02:19:31.232   465   775 I ActivityManager: No longer want com.Aetherpal.Device (pid 19600): hidden #21
03-02 02:19:31.294   465  2671 I ActivityManager: Start proc com.motorola.dockservice for broadcast com.motorola.dockservice/.TargetsValidator$SelfUpgradeHandler: pid=20050 uid=10081 gids={3002, 3001, 1028}
03-02 02:19:31.419   465   753 I ActivityManager: No longer want com.vznavigator.DROIDRAZR:remote (pid 19611): hidden #21
03-02 02:19:31.466   465  2668 I ActivityManager: Start proc com.shazam.android for broadcast com.shazam.android/com.shazam.upgrade.AppUpgradeReceiver: pid=20066 uid=10171 gids={3003, 1015, 1028}
03-02 02:19:31.841   465  2668 V ConnectivityService: enforceCheckPermissionforHiPri:Pid=19557ret=true
03-02 02:19:31.857   577   577 I SBar.NetworkController: onDataActivity: direction=2
03-02 02:19:31.857   577   577 I SBar.NetworkController: refreshSignalCluster: mobile: mHasMobileDataFeature=true DataTypeShown=zz_moto_stat_sys_data_fully_connected_4g_lte Activity=zz_moto_stat_sys_data_fully_connected_signal_out Accessibility="4 G L T E"
03-02 02:19:32.075   465  3447 W ActivityManager: Permission Denial: Accessing service ComponentInfo{com.android.vending/com.google.android.finsky.services.LicensingService} from pid=20066, uid=10171 requires com.android.vending.CHECK_LICENSE
03-02 02:19:32.075   465  4199 I ActivityManager: No longer want com.motricity.verizon.ssodownloadable (pid 19670): hidden #21
03-02 02:19:32.263   465   775 I ActivityManager: Start proc com.google.android.apps.maps:LocationFriendService for broadcast com.google.android.apps.maps/com.google.googlenav.friend.reporting.LocationReportingIntentReceiver: pid=20091 uid=10010 gids={3003, 1015, 1028}
03-02 02:19:32.614   465   777 I ActivityManager: No longer want com.motorola.vvm (pid 19682): hidden #21
03-02 02:19:32.864   577   577 I SBar.NetworkController: onDataActivity: direction=3
03-02 02:19:32.864   577   577 I SBar.NetworkController: refreshSignalCluster: mobile: mHasMobileDataFeature=true DataTypeShown=zz_moto_stat_sys_data_fully_connected_4g_lte Activity=zz_moto_stat_sys_data_fully_connected_signal_inout Accessibility="4 G L T E"
03-02 02:19:33.060   465   523 V AlarmManager: sending alarm Alarm{421b1be0 type 1 com.metago.astro}
03-02 02:19:33.810   577   577 D PhoneStatusBar: disable: < expand icons alerts TICKER* system_info back home recent clock >
03-02 02:19:34.825   577   577 I SBar.NetworkController: onSignalStrengthsChanged SignalStrength: 99 -1 -60 -70 -56 -1 7 15 -87 -4 182 9 cdma 0 -108 -1 false 0 0 5 5 4 16 16 99 5 5 5 5 5 5 5 99 level=4
03-02 02:19:34.841   577   577 I SBar.NetworkController: refreshSignalCluster: mobile: Signal=zz_moto_stat_sys_signal_5bar_4_fully Roaming=(none) mSimIconId=(none) Accessibility="Phone signal full.","Not roaming.",""
03-02 02:19:34.872   577   577 I SBar.NetworkController: onDataActivity: direction=0
03-02 02:19:34.880   577   577 I SBar.NetworkController: refreshSignalCluster: mobile: mHasMobileDataFeature=true DataTypeShown=zz_moto_stat_sys_data_fully_connected_4g_lte Activity=zz_moto_stat_sys_data_fully_connected_signal_none Accessibility="4 G L T E"
03-02 02:19:35.435   465  2467 W InputMethodManagerService: Window already focused, ignoring focus gain of: com.android.internal.view.IInputMethodClient$Stub$Proxy@42890d80 attribute=null
03-02 02:19:35.482   577   577 D PhoneStatusBar: disable: < expand icons alerts ticker* system_info back home recent clock >
03-02 02:19:36.091   465   523 V AlarmManager: sending alarm Alarm{4210d230 type 1 com.metago.astro}
03-02 02:19:36.739   465  3447 I ActivityManager: No longer want com.motorola.smartcardock (pid 19695): hidden #21
03-02 02:19:37.403   465  2668 W InputMethodManagerService: Starting input on non-focused client com.android.internal.view.IInputMethodClient$Stub$Proxy@42cc17c8 (uid=10277 pid=19557)
03-02 02:19:38.153   465   478 I ActivityManager: No longer want com.google.android.gsf.login (pid 19740): hidden #21
03-02 02:19:38.169 20030 20030 E ActivityThread: Activity com.me.smsrpg.SMSRPG has leaked IntentReceiver com.me.smsrpg.SMSListener@41e5a920 that was originally registered here. Are you missing a call to unregisterReceiver()?
03-02 02:19:38.169 20030 20030 E ActivityThread: android.app.IntentReceiverLeaked: Activity com.me.smsrpg.SMSRPG has leaked IntentReceiver com.me.smsrpg.SMSListener@41e5a920 that was originally registered here. Are you missing a call to unregisterReceiver()?
03-02 02:19:38.169 20030 20030 E ActivityThread: 	at android.app.LoadedApk$ReceiverDispatcher.<init>(LoadedApk.java:794)
03-02 02:19:38.169 20030 20030 E ActivityThread: 	at android.app.LoadedApk.getReceiverDispatcher(LoadedApk.java:595)
03-02 02:19:38.169 20030 20030 E ActivityThread: 	at android.app.ContextImpl.registerReceiverInternal(ContextImpl.java:1216)
03-02 02:19:38.169 20030 20030 E ActivityThread: 	at android.app.ContextImpl.registerReceiver(ContextImpl.java:1203)
03-02 02:19:38.169 20030 20030 E ActivityThread: 	at android.app.ContextImpl.registerReceiver(ContextImpl.java:1197)
03-02 02:19:38.169 20030 20030 E ActivityThread: 	at android.content.ContextWrapper.registerReceiver(ContextWrapper.java:365)
03-02 02:19:38.169 20030 20030 E ActivityThread: 	at com.me.smsrpg.SMSRPG.onCreate(SMSRPG.java:32)
03-02 02:19:38.169 20030 20030 E ActivityThread: 	at android.app.Activity.performCreate(Activity.java:5058)
03-02 02:19:38.169 20030 20030 E ActivityThread: 	at android.app.Instrumentation.callActivityOnCreate(Instrumentation.java:1079)
03-02 02:19:38.169 20030 20030 E ActivityThread: 	at android.app.ActivityThread.performLaunchActivity(ActivityThread.java:2100)
03-02 02:19:38.169 20030 20030 E ActivityThread: 	at android.app.ActivityThread.handleLaunchActivity(ActivityThread.java:2174)
03-02 02:19:38.169 20030 20030 E ActivityThread: 	at android.app.ActivityThread.access$700(ActivityThread.java:141)
03-02 02:19:38.169 20030 20030 E ActivityThread: 	at android.app.ActivityThread$H.handleMessage(ActivityThread.java:1267)
03-02 02:19:38.169 20030 20030 E ActivityThread: 	at android.os.Handler.dispatchMessage(Handler.java:99)
03-02 02:19:38.169 20030 20030 E ActivityThread: 	at android.os.Looper.loop(Looper.java:137)
03-02 02:19:38.169 20030 20030 E ActivityThread: 	at android.app.ActivityThread.main(ActivityThread.java:5059)
03-02 02:19:38.169 20030 20030 E ActivityThread: 	at java.lang.reflect.Method.invokeNative(Native Method)
03-02 02:19:38.169 20030 20030 E ActivityThread: 	at java.lang.reflect.Method.invoke(Method.java:511)
03-02 02:19:38.169 20030 20030 E ActivityThread: 	at com.android.internal.os.ZygoteInit$MethodAndArgsCaller.run(ZygoteInit.java:792)
03-02 02:19:38.169 20030 20030 E ActivityThread: 	at com.android.internal.os.ZygoteInit.main(ZygoteInit.java:555)
03-02 02:19:38.169 20030 20030 E ActivityThread: 	at dalvik.system.NativeStart.main(Native Method)
03-02 02:19:38.661   577   577 D PhoneStatusBar: addNotification score=0
03-02 02:19:38.903   577   577 I SBar.NetworkController: onDataActivity: direction=3
03-02 02:19:38.911   577   577 I SBar.NetworkController: refreshSignalCluster: mobile: mHasMobileDataFeature=true DataTypeShown=zz_moto_stat_sys_data_fully_connected_4g_lte Activity=zz_moto_stat_sys_data_fully_connected_signal_inout Accessibility="4 G L T E"
03-02 02:19:39.122   465   523 V AlarmManager: sending alarm Alarm{4216ec38 type 1 com.metago.astro}
03-02 02:19:39.919   577   577 I SBar.NetworkController: onDataActivity: direction=0
03-02 02:19:39.927   577   577 I SBar.NetworkController: refreshSignalCluster: mobile: mHasMobileDataFeature=true DataTypeShown=zz_moto_stat_sys_data_fully_connected_4g_lte Activity=zz_moto_stat_sys_data_fully_connected_signal_none Accessibility="4 G L T E"
03-02 02:19:40.708   465   528 I ActivityManager: START {act=android.intent.action.MAIN cat=[android.intent.category.HOME] flg=0x10200000 cmp=com.motorola.blur.home/.Launcher u=0} from pid 465
03-02 02:19:41.038   465   480 I ActivityManager: Start proc com.motorola.calendar for broadcast com.motorola.calendar/com.android.calendar.widget.CalendarAppWidgetService$CalendarFactory: pid=20123 uid=10256 gids={3003, 1015, 1028}
03-02 02:19:41.202   465   806 I ActivityManager: Start proc com.android.deskclock for broadcast com.android.deskclock/.AlarmInitReceiver: pid=20140 uid=10258 gids={1028}
03-02 02:19:41.202   465   806 I ActivityManager: No longer want com.nullsoft.winamp (pid 19837): hidden #21
03-02 02:19:41.249   465  3447 I ActivityManager: Start proc com.android.providers.calendar for content provider com.android.providers.calendar/.CalendarProvider2: pid=20153 uid=10116 gids={3003, 1015, 1028}
03-02 02:19:41.272   465   476 I ActivityManager: No longer want com.android.keychain (pid 19899): hidden #21
03-02 02:19:41.350   465  2668 I ActivityManager: No longer want com.metago.astro:remote (pid 19949): hidden #21
03-02 02:19:41.436   465  2672 I ActivityManager: Start proc com.motorola.vvm for broadcast com.motorola.vvm/.transaction.VvmReceiver: pid=20168 uid=10109 gids={3003, 1015, 3002, 1028}
03-02 02:19:41.710   465  2672 I ActivityManager: START {act=android.intent.action.MAIN cat=[android.intent.category.LAUNCHER] flg=0x10200000 cmp=com.me.smsrpg/.SMSRPG bnds=[140,425][269,605] u=0} from pid 809
03-02 02:19:41.741   465   753 W ActivityManager: Unable to start service Intent { cmp=com.me.smsrpg/.SMSService }: not found
03-02 02:19:42.147   465   523 V AlarmManager: sending alarm Alarm{42da7fa8 type 1 com.metago.astro}
03-02 02:19:44.342   465   525 I ActivityManager: Start proc com.google.android.gsf.login for service com.google.android.gsf.login/com.google.android.gsf.loginservice.GoogleLoginService: pid=20194 uid=10019 gids={3003, 1015, 1028, 2001, 1007, 3006, 3002, 3001, 1006}
03-02 02:19:44.389   577   577 D PhoneStatusBar: disable: < expand icons alerts ticker system_info back home RECENT* clock >
03-02 02:19:44.553   577   577 D PhoneStatusBar: disable: < expand icons alerts ticker system_info BACK* HOME* RECENT CLOCK* >
03-02 02:19:45.171   465   523 V AlarmManager: sending alarm Alarm{41edf7e0 type 1 com.metago.astro}
03-02 02:19:45.600   465   523 V AlarmManager: sending alarm Alarm{42acc890 type 0 com.android.vending}
03-02 02:19:47.530   465   808 I ActivityManager: No longer want com.motorola.MotGallery2 (pid 19877): hidden #21
03-02 02:19:48.194   465   523 V AlarmManager: sending alarm Alarm{42767868 type 1 com.metago.astro}
03-02 02:19:51.225   465   523 V AlarmManager: sending alarm Alarm{41e46b68 type 1 com.metago.astro}
03-02 02:19:54.241   465   523 V AlarmManager: sending alarm Alarm{424b86d0 type 1 com.metago.astro}
03-02 02:19:54.835   465   523 V AlarmManager: sending alarm Alarm{42cb3080 type 2 com.motorola.blur.service.blur}
03-02 02:19:57.272   465   523 V AlarmManager: sending alarm Alarm{4239dbb8 type 1 com.metago.astro}
03-02 02:19:59.999   465   523 V AlarmManager: sending alarm Alarm{426a0df8 type 3 android}
03-02 02:20:00.296   465   523 V AlarmManager: sending alarm Alarm{42a88610 type 1 com.metago.astro}
03-02 02:20:03.319   465   523 V AlarmManager: sending alarm Alarm{42a4bc38 type 1 com.metago.astro}
03-02 02:20:06.342   465   523 V AlarmManager: sending alarm Alarm{429f2940 type 1 com.metago.astro}
03-02 02:20:09.366   465   523 V AlarmManager: sending alarm Alarm{4210fb98 type 1 com.metago.astro}
03-02 02:20:12.389   465   523 V AlarmManager: sending alarm Alarm{42c2f298 type 1 com.metago.astro}
03-02 02:20:14.303   465   523 V AlarmManager: sending alarm Alarm{42a80270 type 2 com.google.android.gsf}
03-02 02:20:14.303   465   523 V AlarmManager: sending alarm Alarm{421a0fa8 type 2 com.google.android.gms}
03-02 02:20:15.405   465   523 V AlarmManager: sending alarm Alarm{42d20568 type 1 com.metago.astro}
03-02 02:20:18.436   465   523 V AlarmManager: sending alarm Alarm{42799cc8 type 1 com.metago.astro}
03-02 02:20:21.460   465   523 V AlarmManager: sending alarm Alarm{426b8a90 type 1 com.metago.astro}
03-02 02:20:24.483   465   523 V AlarmManager: sending alarm Alarm{428890f8 type 1 com.metago.astro}
03-02 02:20:27.514   465   523 V AlarmManager: sending alarm Alarm{42b6bea0 type 1 com.metago.astro}
03-02 02:20:30.538   465   523 V AlarmManager: sending alarm Alarm{42d87340 type 1 com.metago.astro}
03-02 02:20:33.561   465   523 V AlarmManager: sending alarm Alarm{42701568 type 1 com.metago.astro}
03-02 02:20:36.585   465   523 V AlarmManager: sending alarm Alarm{4294a728 type 1 com.metago.astro}
03-02 02:20:39.608   465   523 V AlarmManager: sending alarm Alarm{41ec92f0 type 1 com.metago.astro}
03-02 02:20:42.631   465   523 V AlarmManager: sending alarm Alarm{4288e7c8 type 1 com.metago.astro}
03-02 02:20:45.647   465   523 V AlarmManager: sending alarm Alarm{42ac8bd8 type 1 com.metago.astro}
03-02 02:20:48.671   465   523 V AlarmManager: sending alarm Alarm{4267eb08 type 1 com.metago.astro}
03-02 02:20:51.702   465   523 V AlarmManager: sending alarm Alarm{4292efc0 type 1 com.metago.astro}
03-02 02:20:54.725   465   523 V AlarmManager: sending alarm Alarm{42da2f78 type 1 com.metago.astro}
03-02 02:20:57.741   465   523 V AlarmManager: sending alarm Alarm{4220fd20 type 1 com.metago.astro}
03-02 02:20:59.991   465   523 V AlarmManager: sending alarm Alarm{426c60d8 type 3 android}
03-02 02:21:00.772   465   523 V AlarmManager: sending alarm Alarm{42c9a730 type 1 com.metago.astro}
03-02 02:21:03.796   465   523 V AlarmManager: sending alarm Alarm{42788cb0 type 1 com.metago.astro}
03-02 02:21:06.827   465   523 V AlarmManager: sending alarm Alarm{42831e10 type 1 com.metago.astro}
03-02 02:21:09.850   465   523 V AlarmManager: sending alarm Alarm{4295f930 type 1 com.metago.astro}
03-02 02:21:12.874   465   523 V AlarmManager: sending alarm Alarm{42843b88 type 1 com.metago.astro}
03-02 02:21:15.897   465   523 V AlarmManager: sending alarm Alarm{42913a98 type 1 com.metago.astro}
03-02 02:21:18.475   577   577 I SBar.BatteryController: Show 'charging': status=2, level=90
03-02 02:21:18.921   465   523 V AlarmManager: sending alarm Alarm{42acb598 type 1 com.metago.astro}
03-02 02:21:21.936   465   523 V AlarmManager: sending alarm Alarm{42522c20 type 1 com.metago.astro}
03-02 02:21:24.952   465   523 V AlarmManager: sending alarm Alarm{42d4c3c8 type 1 com.metago.astro}
03-02 02:21:27.967   465   523 V AlarmManager: sending alarm Alarm{421db730 type 1 com.metago.astro}
03-02 02:21:30.991   465   523 V AlarmManager: sending alarm Alarm{42a4bae0 type 1 com.metago.astro}
03-02 02:21:34.022   465   523 V AlarmManager: sending alarm Alarm{42625b80 type 1 com.metago.astro}
03-02 02:21:37.046   465   523 V AlarmManager: sending alarm Alarm{42b1fd30 type 1 com.metago.astro}
03-02 02:21:40.069   465   523 V AlarmManager: sending alarm Alarm{42312cb8 type 1 com.metago.astro}
03-02 02:21:43.100   465   523 V AlarmManager: sending alarm Alarm{42b27380 type 1 com.metago.astro}
03-02 02:21:46.124   465   523 V AlarmManager: sending alarm Alarm{42b15400 type 1 com.metago.astro}
03-02 02:21:49.147   465   523 V AlarmManager: sending alarm Alarm{423604b0 type 1 com.metago.astro}
03-02 02:21:52.171   465   523 V AlarmManager: sending alarm Alarm{42310e68 type 1 com.metago.astro}
03-02 02:21:55.194   465   523 V AlarmManager: sending alarm Alarm{42d749f0 type 1 com.metago.astro}
03-02 02:21:58.217   465   523 V AlarmManager: sending alarm Alarm{42874d60 type 1 com.metago.astro}
03-02 02:21:59.999   465   523 V AlarmManager: sending alarm Alarm{4228d7a8 type 3 android}
03-02 02:22:01.241   465   523 V AlarmManager: sending alarm Alarm{41f53508 type 1 com.metago.astro}
03-02 02:22:04.264   465   523 V AlarmManager: sending alarm Alarm{42cb0ef0 type 1 com.metago.astro}
03-02 02:22:07.288   465   523 V AlarmManager: sending alarm Alarm{421a40f0 type 1 com.metago.astro}
03-02 02:22:10.311   465   523 V AlarmManager: sending alarm Alarm{42a12440 type 1 com.metago.astro}
03-02 02:22:13.335   465   523 V AlarmManager: sending alarm Alarm{428d34b0 type 1 com.metago.astro}
03-02 02:22:16.350   465   523 V AlarmManager: sending alarm Alarm{428897d8 type 1 com.metago.astro}
03-02 02:22:19.381   465   523 V AlarmManager: sending alarm Alarm{42103950 type 1 com.metago.astro}
03-02 02:22:22.405   465   523 V AlarmManager: sending alarm Alarm{42552078 type 1 com.metago.astro}
03-02 02:22:25.428   465   523 V AlarmManager: sending alarm Alarm{42cc6d10 type 1 com.metago.astro}
03-02 02:22:28.444   465   523 V AlarmManager: sending alarm Alarm{42705730 type 1 com.metago.astro}
03-02 02:22:31.467   465   523 V AlarmManager: sending alarm Alarm{426dce60 type 1 com.metago.astro}
03-02 02:22:34.499   465   523 V AlarmManager: sending alarm Alarm{42cfe6c0 type 1 com.metago.astro}
03-02 02:22:37.514   465   523 V AlarmManager: sending alarm Alarm{42904b78 type 1 com.metago.astro}
03-02 02:22:40.546   465   523 V AlarmManager: sending alarm Alarm{42d93b50 type 1 com.metago.astro}
03-02 02:22:43.569   465   523 V AlarmManager: sending alarm Alarm{421afb60 type 1 com.metago.astro}
03-02 02:22:46.592   465   523 V AlarmManager: sending alarm Alarm{421f8f10 type 1 com.metago.astro}
03-02 02:22:49.600   465   523 V AlarmManager: sending alarm Alarm{426285a0 type 1 com.metago.astro}
03-02 02:22:52.632   465   523 V AlarmManager: sending alarm Alarm{42576880 type 1 com.metago.astro}
03-02 02:22:55.655   465   523 V AlarmManager: sending alarm Alarm{42b716f0 type 1 com.metago.astro}
03-02 02:22:58.678   465   523 V AlarmManager: sending alarm Alarm{428ec9f8 type 1 com.metago.astro}
03-02 02:22:59.999   465   523 V AlarmManager: sending alarm Alarm{4228ba18 type 3 android}
03-02 02:23:01.702   465   523 V AlarmManager: sending alarm Alarm{427455a8 type 1 com.metago.astro}
03-02 02:23:04.725   465   523 V AlarmManager: sending alarm Alarm{4217e3a8 type 1 com.metago.astro}
03-02 02:23:07.749   465   523 V AlarmManager: sending alarm Alarm{42c3efb8 type 1 com.metago.astro}
03-02 02:23:07.756   465   667 I ActivityManager: No longer want com.motorola.acousticwarning (pid 15934): hidden #21
03-02 02:23:07.772   465   808 W ActivityManager: Scheduling restart of crashed service com.motorola.acousticwarning/.AcousticWarningService in 5000ms
03-02 02:23:10.772   465   523 V AlarmManager: sending alarm Alarm{42acc3c8 type 1 com.metago.astro}
03-02 02:23:12.803   465   480 I ActivityManager: Start proc com.motorola.acousticwarning for service com.motorola.acousticwarning/.AcousticWarningService: pid=20281 uid=10303 gids={3002, 1028}
03-02 02:23:13.788   465   523 V AlarmManager: sending alarm Alarm{4260ca30 type 1 com.metago.astro}
03-02 02:23:16.811   465   523 V AlarmManager: sending alarm Alarm{42c81460 type 1 com.metago.astro}
03-02 02:23:19.835   465   523 V AlarmManager: sending alarm Alarm{42b15a10 type 1 com.metago.astro}
03-02 02:23:22.858   465   523 V AlarmManager: sending alarm Alarm{420febe8 type 1 com.metago.astro}
03-02 02:23:25.882   465   523 V AlarmManager: sending alarm Alarm{42732560 type 1 com.metago.astro}
03-02 02:23:28.905   465   523 V AlarmManager: sending alarm Alarm{42d4b820 type 1 com.metago.astro}
03-02 02:23:31.928   465   523 V AlarmManager: sending alarm Alarm{425db878 type 1 com.metago.astro}
03-02 02:23:34.952   465   523 V AlarmManager: sending alarm Alarm{426f73a0 type 1 com.metago.astro}
03-02 02:23:37.975   465   523 V AlarmManager: sending alarm Alarm{42d4ffc8 type 1 com.metago.astro}
03-02 02:23:37.983   465  2671 I ActivityManager: No longer want com.motorola.modemservice (pid 16114): hidden #21
03-02 02:23:38.006   465   808 W ActivityManager: Scheduling restart of crashed service com.motorola.bach.modemstats/.ModemStatsService in 5000ms
03-02 02:23:40.991   465   523 V AlarmManager: sending alarm Alarm{42cc0600 type 1 com.metago.astro}
03-02 02:23:43.038   465   480 I ActivityManager: Start proc com.motorola.modemservice for service com.motorola.bach.modemstats/.ModemStatsService: pid=20304 uid=10316 gids={1007, 1028}
03-02 02:23:44.022   465   523 V AlarmManager: sending alarm Alarm{41e514c8 type 1 com.metago.astro}
03-02 02:23:47.046   465   523 V AlarmManager: sending alarm Alarm{42944178 type 1 com.metago.astro}
03-02 02:23:50.069   465   523 V AlarmManager: sending alarm Alarm{42d99710 type 1 com.metago.astro}
03-02 02:23:53.092   465   523 V AlarmManager: sending alarm Alarm{4221f888 type 1 com.metago.astro}
03-02 02:23:56.116   465   523 V AlarmManager: sending alarm Alarm{424574c0 type 1 com.metago.astro}
03-02 02:23:59.139   465   523 V AlarmManager: sending alarm Alarm{42b27aa0 type 1 com.metago.astro}
03-02 02:23:59.991   465   523 V AlarmManager: sending alarm Alarm{41e4fb18 type 3 android}
03-02 02:24:03.538   465   523 V AlarmManager: sending alarm Alarm{41e787e8 type 1 com.metago.astro}
03-02 02:24:06.561   465   523 V AlarmManager: sending alarm Alarm{42d6c4b8 type 1 com.metago.astro}
03-02 02:24:09.585   465   523 V AlarmManager: sending alarm Alarm{4217b4f0 type 1 com.metago.astro}
03-02 02:24:12.608   465   523 V AlarmManager: sending alarm Alarm{422e93f0 type 1 com.metago.astro}
03-02 02:24:15.631   465   523 V AlarmManager: sending alarm Alarm{42b61e30 type 1 com.metago.astro}
03-02 02:24:18.655   465   523 V AlarmManager: sending alarm Alarm{428d3060 type 1 com.metago.astro}
03-02 02:24:21.678   465   523 V AlarmManager: sending alarm Alarm{42cd3bc0 type 1 com.metago.astro}
03-02 02:24:21.686   465  2672 I ActivityManager: No longer want com.google.process.location (pid 16456): hidden #21
03-02 02:24:21.702   465   465 I LocationManagerService: remove passive (pid 465), next minTime = 0
03-02 02:24:21.702   465  2671 W ActivityManager: Scheduling restart of crashed service com.google.android.gms/com.google.android.location.fused.NlpLocationReceiverService in 5000ms
03-02 02:24:21.702   465  2671 W ActivityManager: Scheduling restart of crashed service com.google.android.gms/com.google.android.location.reporting.service.DispatchingService in 15000ms
03-02 02:24:21.702   465  2671 W ActivityManager: Scheduling restart of crashed service com.google.android.gms/com.google.android.location.internal.GoogleLocationManagerService in 25000ms
03-02 02:24:24.702   465   523 V AlarmManager: sending alarm Alarm{41e5ec28 type 1 com.metago.astro}
03-02 02:24:26.733   465   480 I ActivityManager: Start proc com.google.process.location for service com.google.android.gms/com.google.android.location.fused.NlpLocationReceiverService: pid=20331 uid=10019 gids={3003, 1015, 1028, 2001, 1007, 3006, 3002, 3001, 1006}
03-02 02:24:27.725   465   523 V AlarmManager: sending alarm Alarm{42c7e228 type 1 com.metago.astro}
03-02 02:24:30.749   465   523 V AlarmManager: sending alarm Alarm{4238e0d8 type 1 com.metago.astro}
03-02 02:24:33.772   465   523 V AlarmManager: sending alarm Alarm{42a636e8 type 1 com.metago.astro}
03-02 02:24:36.788   465   523 V AlarmManager: sending alarm Alarm{42d68920 type 1 com.metago.astro}
03-02 02:24:36.991   465   775 I LocationManagerService: request passive (pid 20331) 1000 0
03-02 02:24:39.811   465   523 V AlarmManager: sending alarm Alarm{41e703a0 type 1 com.metago.astro}
03-02 02:24:42.827   465   523 V AlarmManager: sending alarm Alarm{41e7a618 type 1 com.metago.astro}
03-02 02:24:45.858   465   523 V AlarmManager: sending alarm Alarm{42b39a88 type 1 com.metago.astro}
03-02 02:24:48.881   465   523 V AlarmManager: sending alarm Alarm{42d5d908 type 1 com.metago.astro}
03-02 02:24:51.905   465   523 V AlarmManager: sending alarm Alarm{42b704d8 type 1 com.metago.astro}
03-02 02:24:54.928   465   523 V AlarmManager: sending alarm Alarm{42cc26f0 type 1 com.metago.astro}
03-02 02:24:57.952   465   523 V AlarmManager: sending alarm Alarm{42d0a248 type 1 com.metago.astro}
03-02 02:24:59.991   465   523 V AlarmManager: sending alarm Alarm{42b5d058 type 3 android}
03-02 02:25:00.975   465   523 V AlarmManager: sending alarm Alarm{42b2a128 type 1 com.metago.astro}
03-02 02:25:03.999   465   523 V AlarmManager: sending alarm Alarm{42c282b0 type 1 com.metago.astro}
03-02 02:25:07.022   465   523 V AlarmManager: sending alarm Alarm{42d5bea0 type 1 com.metago.astro}
03-02 02:25:10.038   465   523 V AlarmManager: sending alarm Alarm{42b5ed30 type 1 com.metago.astro}
03-02 02:25:13.069   465   523 V AlarmManager: sending alarm Alarm{41e66de0 type 1 com.metago.astro}
03-02 02:25:16.092   465   523 V AlarmManager: sending alarm Alarm{42b29068 type 1 com.metago.astro}
03-02 02:25:19.124   465   523 V AlarmManager: sending alarm Alarm{42958928 type 1 com.metago.astro}
03-02 02:25:22.147   465   523 V AlarmManager: sending alarm Alarm{4279de58 type 1 com.metago.astro}
03-02 02:25:25.171   465   523 V AlarmManager: sending alarm Alarm{42608440 type 1 com.metago.astro}
03-02 02:25:28.194   465   523 V AlarmManager: sending alarm Alarm{423cabd0 type 1 com.metago.astro}
03-02 02:25:31.217   465   523 V AlarmManager: sending alarm Alarm{421f9628 type 1 com.metago.astro}
03-02 02:25:34.241   465   523 V AlarmManager: sending alarm Alarm{41fccf38 type 1 com.metago.astro}
03-02 02:25:37.264   465   523 V AlarmManager: sending alarm Alarm{42aa9e38 type 1 com.metago.astro}
03-02 02:25:40.288   465   523 V AlarmManager: sending alarm Alarm{4245df68 type 1 com.metago.astro}
03-02 02:25:43.311   465   523 V AlarmManager: sending alarm Alarm{4281ef58 type 1 com.metago.astro}
03-02 02:25:46.335   465   523 V AlarmManager: sending alarm Alarm{422fa218 type 1 com.metago.astro}
03-02 02:25:49.053   465   523 V AlarmManager: sending alarm Alarm{4279e0d0 type 0 com.motorola.android.server.ims}
03-02 02:25:49.358   465   523 V AlarmManager: sending alarm Alarm{4293c568 type 1 com.metago.astro}
