02-28 17:15:33.722   465   524 V AlarmManager: sending alarm Alarm{42377cd0 type 1 com.metago.astro}
02-28 17:15:36.745   465   524 V AlarmManager: sending alarm Alarm{41d7eb88 type 1 com.metago.astro}
02-28 17:15:39.776   465   524 V AlarmManager: sending alarm Alarm{418d6cc0 type 1 com.metago.astro}
02-28 17:15:42.800   465   524 V AlarmManager: sending alarm Alarm{41f46628 type 1 com.metago.astro}
02-28 17:15:45.831   465   524 V AlarmManager: sending alarm Alarm{418d2318 type 1 com.metago.astro}
02-28 17:15:48.854   465   524 V AlarmManager: sending alarm Alarm{4209f050 type 1 com.metago.astro}
02-28 17:15:51.886   465   524 V AlarmManager: sending alarm Alarm{41a1d098 type 1 com.metago.astro}
02-28 17:15:54.909   465   524 V AlarmManager: sending alarm Alarm{4207a750 type 1 com.metago.astro}
02-28 17:15:57.933   465   524 V AlarmManager: sending alarm Alarm{41cfdd90 type 1 com.metago.astro}
02-28 17:15:59.987   465   524 V AlarmManager: sending alarm Alarm{4196bbf0 type 3 android}
02-28 17:16:00.956   465   524 V AlarmManager: sending alarm Alarm{41a4fb50 type 1 com.metago.astro}
02-28 17:16:03.987   465   524 V AlarmManager: sending alarm Alarm{41b34ed0 type 1 com.metago.astro}
02-28 17:16:07.011   465   524 V AlarmManager: sending alarm Alarm{42174148 type 1 com.metago.astro}
02-28 17:16:10.042   465   524 V AlarmManager: sending alarm Alarm{41d24220 type 1 com.metago.astro}
02-28 17:16:13.073   465   524 V AlarmManager: sending alarm Alarm{417c6a60 type 1 com.metago.astro}
02-28 17:16:16.097   465   524 V AlarmManager: sending alarm Alarm{41daf3f8 type 1 com.metago.astro}
02-28 17:16:19.143   465   524 V AlarmManager: sending alarm Alarm{42395bd0 type 1 com.metago.astro}
02-28 17:16:22.167   465   524 V AlarmManager: sending alarm Alarm{41dcdef0 type 1 com.metago.astro}
02-28 17:16:25.198   465   524 V AlarmManager: sending alarm Alarm{4196aa90 type 1 com.metago.astro}
02-28 17:16:28.229   465   524 V AlarmManager: sending alarm Alarm{41472bc8 type 1 com.metago.astro}
02-28 17:16:31.253   465   524 V AlarmManager: sending alarm Alarm{419c2d48 type 1 com.metago.astro}
02-28 17:16:34.276   465   524 V AlarmManager: sending alarm Alarm{41afbbe0 type 1 com.metago.astro}
02-28 17:16:37.300   465   524 V AlarmManager: sending alarm Alarm{41b10ac0 type 1 com.metago.astro}
02-28 17:16:40.331   465   524 V AlarmManager: sending alarm Alarm{41c11910 type 1 com.metago.astro}
02-28 17:16:43.354   465   524 V AlarmManager: sending alarm Alarm{41dcb950 type 1 com.metago.astro}
02-28 17:16:46.386   465   524 V AlarmManager: sending alarm Alarm{419761e0 type 1 com.metago.astro}
02-28 17:16:49.409   465   524 V AlarmManager: sending alarm Alarm{41b743b8 type 1 com.metago.astro}
02-28 17:16:52.433   465   524 V AlarmManager: sending alarm Alarm{41ab6460 type 1 com.metago.astro}
02-28 17:16:55.464   465   524 V AlarmManager: sending alarm Alarm{420d5528 type 1 com.metago.astro}
02-28 17:16:58.487   465   524 V AlarmManager: sending alarm Alarm{4148d6c8 type 1 com.metago.astro}
02-28 17:16:59.995   465   524 V AlarmManager: sending alarm Alarm{4194ed28 type 3 android}
02-28 17:17:01.511   465   524 V AlarmManager: sending alarm Alarm{41782998 type 1 com.metago.astro}
02-28 17:17:04.542   465   524 V AlarmManager: sending alarm Alarm{42302308 type 1 com.metago.astro}
02-28 17:17:07.558   465   524 V AlarmManager: sending alarm Alarm{4179c880 type 1 com.metago.astro}
02-28 17:17:10.589   465   524 V AlarmManager: sending alarm Alarm{41e9fbd0 type 1 com.metago.astro}
02-28 17:17:13.612   465   524 V AlarmManager: sending alarm Alarm{423b6168 type 1 com.metago.astro}
02-28 17:17:16.636   465   524 V AlarmManager: sending alarm Alarm{41b6d600 type 1 com.metago.astro}
02-28 17:17:19.667   465   524 V AlarmManager: sending alarm Alarm{422becc0 type 1 com.metago.astro}
02-28 17:17:22.698   465   524 V AlarmManager: sending alarm Alarm{41872218 type 1 com.metago.astro}
02-28 17:17:25.722   465   524 V AlarmManager: sending alarm Alarm{41bc1400 type 1 com.metago.astro}
02-28 17:17:28.354   465   526 I WindowManager: Lock screen displayed!
02-28 17:17:28.511   465   522 E PowerManagerService: Excessive delay setting brightness: 123ms, mask=2
02-28 17:17:28.604   578   578 I SBar.NetworkController: onDataActivity: direction=3
02-28 17:17:28.612   578   578 I SBar.NetworkController: refreshSignalCluster: wifi: mWifiConnected=false Wifi=(none) Activity=(none) Accessibility="No Wi-Fi."
02-28 17:17:28.620   578   578 I SBar.NetworkController: refreshSignalCluster: mobile: Signal=zz_moto_stat_sys_signal_5bar_4_fully Roaming=(none) mSimIconId=(none) Accessibility="Phone signal full.","Not roaming.",""
02-28 17:17:28.620   578   578 I SBar.NetworkController: refreshSignalCluster: mobile: mHasMobileDataFeature=true DataTypeShown=zz_moto_stat_sys_data_fully_connected_4g_lte Activity=zz_moto_stat_sys_data_fully_connected_signal_inout Accessibility="4 G L T E"
02-28 17:17:28.644   578   578 I SBar.NetworkController: onSignalStrengthsChanged SignalStrength: 99 -1 -60 -70 -64 -1 6 16 -87 -7 145 2147483647 cdma 0 -108 -1 false 0 0 5 4 4 16 8 99 5 5 5 5 5 5 5 99 level=4
02-28 17:17:28.737   465   524 V AlarmManager: sending alarm Alarm{41511e20 type 1 com.metago.astro}
02-28 17:17:29.620   578   578 I SBar.NetworkController: onDataActivity: direction=0
02-28 17:17:29.628   578   578 I SBar.NetworkController: refreshSignalCluster: mobile: mHasMobileDataFeature=true DataTypeShown=zz_moto_stat_sys_data_fully_connected_4g_lte Activity=zz_moto_stat_sys_data_fully_connected_signal_none Accessibility="4 G L T E"
02-28 17:17:31.831   465   524 V AlarmManager: sending alarm Alarm{420af180 type 1 com.metago.astro}
02-28 17:17:34.854   465   524 V AlarmManager: sending alarm Alarm{42360e00 type 1 com.metago.astro}
02-28 17:17:37.894   465   524 V AlarmManager: sending alarm Alarm{4278dbc8 type 1 com.metago.astro}
02-28 17:17:40.917   465   524 V AlarmManager: sending alarm Alarm{41bb6720 type 1 com.metago.astro}
02-28 17:17:43.940   465   524 V AlarmManager: sending alarm Alarm{4180f848 type 1 com.metago.astro}
02-28 17:17:46.972   465   524 V AlarmManager: sending alarm Alarm{42224428 type 1 com.metago.astro}
02-28 17:17:49.995   465   524 V AlarmManager: sending alarm Alarm{421fc308 type 1 com.metago.astro}
02-28 17:17:53.019   465   524 V AlarmManager: sending alarm Alarm{41486208 type 1 com.metago.astro}
02-28 17:17:56.050   465   524 V AlarmManager: sending alarm Alarm{41bb72e0 type 1 com.metago.astro}
02-28 17:17:59.073   465   524 V AlarmManager: sending alarm Alarm{416ec318 type 1 com.metago.astro}
02-28 17:17:59.433   465   524 V AlarmManager: sending alarm Alarm{41bde528 type 2 com.motorola.blur.service.blur}
02-28 17:17:59.433   465   524 V AlarmManager: sending alarm Alarm{41704d18 type 2 com.motorola.blur.service.blur}
02-28 17:17:59.995   465   524 V AlarmManager: sending alarm Alarm{41626a18 type 3 android}
02-28 17:18:02.097   465   524 V AlarmManager: sending alarm Alarm{420eff88 type 1 com.metago.astro}
02-28 17:18:05.120   465   524 V AlarmManager: sending alarm Alarm{41ec7700 type 1 com.metago.astro}
02-28 17:18:08.144   465   524 V AlarmManager: sending alarm Alarm{422a9260 type 1 com.metago.astro}
02-28 17:18:11.167   465   524 V AlarmManager: sending alarm Alarm{42376a00 type 1 com.metago.astro}
02-28 17:18:14.198   465   524 V AlarmManager: sending alarm Alarm{41bd89b0 type 1 com.metago.astro}
02-28 17:18:17.229   465   524 V AlarmManager: sending alarm Alarm{421ce7e0 type 1 com.metago.astro}
02-28 17:18:20.253   465   524 V AlarmManager: sending alarm Alarm{42193688 type 1 com.metago.astro}
02-28 17:18:23.276   465   524 V AlarmManager: sending alarm Alarm{41627c70 type 1 com.metago.astro}
02-28 17:18:26.300   465   524 V AlarmManager: sending alarm Alarm{42082cb8 type 1 com.metago.astro}
02-28 17:18:29.331   465   524 V AlarmManager: sending alarm Alarm{421d3e40 type 1 com.metago.astro}
02-28 17:18:32.354   465   524 V AlarmManager: sending alarm Alarm{422a5dd8 type 1 com.metago.astro}
02-28 17:18:35.386   465   524 V AlarmManager: sending alarm Alarm{41befdb0 type 1 com.metago.astro}
02-28 17:18:38.409   465   524 V AlarmManager: sending alarm Alarm{41d45cb0 type 1 com.metago.astro}
02-28 17:18:41.440   465   524 V AlarmManager: sending alarm Alarm{41d42c40 type 1 com.metago.astro}
02-28 17:18:44.464   465   524 V AlarmManager: sending alarm Alarm{41430370 type 1 com.metago.astro}
02-28 17:18:47.495   465   524 V AlarmManager: sending alarm Alarm{4237d440 type 1 com.metago.astro}
02-28 17:18:50.518   465   524 V AlarmManager: sending alarm Alarm{41791408 type 1 com.metago.astro}
02-28 17:18:53.542   465   524 V AlarmManager: sending alarm Alarm{42322bb8 type 1 com.metago.astro}
02-28 17:18:53.589   465   524 V AlarmManager: sending alarm Alarm{420853b0 type 3 android}
02-28 17:18:53.597   465   701 W ThrottleService: unable to find stats for iface rmnet0
02-28 17:18:56.573   465   524 V AlarmManager: sending alarm Alarm{4159f9b0 type 1 com.metago.astro}
02-28 17:18:59.597   465   524 V AlarmManager: sending alarm Alarm{42238c08 type 1 com.metago.astro}
02-28 17:18:59.995   465   524 V AlarmManager: sending alarm Alarm{4174f870 type 3 android}
02-28 17:19:02.628   465   524 V AlarmManager: sending alarm Alarm{422a7290 type 1 com.metago.astro}
02-28 17:19:05.651   465   524 V AlarmManager: sending alarm Alarm{421f5f40 type 1 com.metago.astro}
02-28 17:19:08.675   465   524 V AlarmManager: sending alarm Alarm{4238abe0 type 1 com.metago.astro}
02-28 17:19:11.698   465   524 V AlarmManager: sending alarm Alarm{421433b0 type 1 com.metago.astro}
02-28 17:19:14.722   465   524 V AlarmManager: sending alarm Alarm{427970d0 type 1 com.metago.astro}
02-28 17:19:17.753   465   524 V AlarmManager: sending alarm Alarm{42203540 type 1 com.metago.astro}
02-28 17:19:20.784   465   524 V AlarmManager: sending alarm Alarm{415ad098 type 1 com.metago.astro}
02-28 17:19:25.206   465   524 V AlarmManager: sending alarm Alarm{423143f0 type 1 com.metago.astro}
02-28 17:19:28.229   465   524 V AlarmManager: sending alarm Alarm{41677bf8 type 1 com.metago.astro}
02-28 17:19:31.253   465   524 V AlarmManager: sending alarm Alarm{416cfae8 type 1 com.metago.astro}
02-28 17:19:34.284   465   524 V AlarmManager: sending alarm Alarm{4222e5d8 type 1 com.metago.astro}
02-28 17:19:37.308   465   524 V AlarmManager: sending alarm Alarm{415c7448 type 1 com.metago.astro}
02-28 17:19:40.331   465   524 V AlarmManager: sending alarm Alarm{421eec78 type 1 com.metago.astro}
02-28 17:19:43.362   465   524 V AlarmManager: sending alarm Alarm{41699150 type 1 com.metago.astro}
02-28 17:19:46.394   465   524 V AlarmManager: sending alarm Alarm{4169c208 type 1 com.metago.astro}
02-28 17:19:49.417   465   524 V AlarmManager: sending alarm Alarm{4161fe60 type 1 com.metago.astro}
02-28 17:19:52.440   465   524 V AlarmManager: sending alarm Alarm{427820a8 type 1 com.metago.astro}
02-28 17:19:55.472   465   524 V AlarmManager: sending alarm Alarm{422a1fa8 type 1 com.metago.astro}
02-28 17:19:58.495   465   524 V AlarmManager: sending alarm Alarm{416ea638 type 1 com.metago.astro}
02-28 17:19:59.995   465   524 V AlarmManager: sending alarm Alarm{4235dc08 type 3 android}
02-28 17:20:01.518   465   524 V AlarmManager: sending alarm Alarm{415c53c8 type 1 com.metago.astro}
02-28 17:20:04.550   465   524 V AlarmManager: sending alarm Alarm{4225e4c0 type 1 com.metago.astro}
02-28 17:20:07.581   465   524 V AlarmManager: sending alarm Alarm{41bdc630 type 1 com.metago.astro}
02-28 17:20:10.604   465   524 V AlarmManager: sending alarm Alarm{41658d18 type 1 com.metago.astro}
02-28 17:20:13.628   465   524 V AlarmManager: sending alarm Alarm{415b4030 type 1 com.metago.astro}
02-28 17:20:16.651   465   524 V AlarmManager: sending alarm Alarm{421f1ed8 type 1 com.metago.astro}
02-28 17:20:19.675   465   524 V AlarmManager: sending alarm Alarm{41703598 type 1 com.metago.astro}
02-28 17:20:22.706   465   524 V AlarmManager: sending alarm Alarm{421ec200 type 1 com.metago.astro}
02-28 17:20:25.729   465   524 V AlarmManager: sending alarm Alarm{415ed728 type 1 com.metago.astro}
02-28 17:20:28.761   465   524 V AlarmManager: sending alarm Alarm{4220f7d8 type 1 com.metago.astro}
02-28 17:20:31.784   465   524 V AlarmManager: sending alarm Alarm{4165dac0 type 1 com.metago.astro}
02-28 17:20:34.808   465   524 V AlarmManager: sending alarm Alarm{41617d40 type 1 com.metago.astro}
02-28 17:20:37.831   465   524 V AlarmManager: sending alarm Alarm{4223a6d0 type 1 com.metago.astro}
02-28 17:20:40.862   465   524 V AlarmManager: sending alarm Alarm{416247e0 type 1 com.metago.astro}
02-28 17:20:43.886   465   524 V AlarmManager: sending alarm Alarm{42153168 type 1 com.metago.astro}
02-28 17:20:46.917   465   524 V AlarmManager: sending alarm Alarm{415b8220 type 1 com.metago.astro}
02-28 17:20:49.940   465   524 V AlarmManager: sending alarm Alarm{41587908 type 1 com.metago.astro}
02-28 17:20:52.964   465   524 V AlarmManager: sending alarm Alarm{4156d410 type 1 com.metago.astro}
02-28 17:20:55.995   465   524 V AlarmManager: sending alarm Alarm{416687c8 type 1 com.metago.astro}
02-28 17:20:59.018   465   524 V AlarmManager: sending alarm Alarm{42382e28 type 1 com.metago.astro}
02-28 17:20:59.995   465   524 V AlarmManager: sending alarm Alarm{42176910 type 3 android}
02-28 17:21:02.050   465   524 V AlarmManager: sending alarm Alarm{42789d78 type 1 com.metago.astro}
02-28 17:21:04.979   465   526 I WindowManager: Lock screen displayed!
02-28 17:21:04.995   578   578 D PhoneStatusBar: addNotification score=0
02-28 17:21:05.081   465   524 V AlarmManager: sending alarm Alarm{419bf890 type 1 com.metago.astro}
02-28 17:21:05.128   465   522 E PowerManagerService: Excessive delay setting brightness: 114ms, mask=2
02-28 17:21:05.261   578   578 I SBar.NetworkController: onDataActivity: direction=3
02-28 17:21:05.261   578   578 I SBar.NetworkController: refreshSignalCluster: wifi: mWifiConnected=false Wifi=(none) Activity=(none) Accessibility="No Wi-Fi."
02-28 17:21:05.261   578   578 I SBar.NetworkController: refreshSignalCluster: mobile: Signal=zz_moto_stat_sys_signal_5bar_4_fully Roaming=(none) mSimIconId=(none) Accessibility="Phone signal full.","Not roaming.",""
02-28 17:21:05.261   578   578 I SBar.NetworkController: refreshSignalCluster: mobile: mHasMobileDataFeature=true DataTypeShown=zz_moto_stat_sys_data_fully_connected_4g_lte Activity=zz_moto_stat_sys_data_fully_connected_signal_inout Accessibility="4 G L T E"
02-28 17:21:05.347   578   578 I SBar.NetworkController: onSignalStrengthsChanged SignalStrength: 99 -1 -60 -70 -64 -1 6 17 -85 -6 111 2147483647 cdma 0 -108 -1 false 0 0 5 4 4 16 8 99 5 5 5 5 5 5 5 99 level=4
02-28 17:21:05.878   578   578 D PhoneStatusBar: disable: < expand icons alerts ticker system_info BACK HOME recent* CLOCK >
02-28 17:21:05.901   465   789 W InputMethodManagerService: Starting input on non-focused client com.android.internal.view.IInputMethodClient$Stub$Proxy@41c445a8 (uid=10277 pid=16079)
02-28 17:21:05.964   578   578 D PhoneStatusBar: disable: < expand icons alerts ticker system_info back* home* recent clock* >
02-28 17:21:05.987   465  9728 W InputMethodManagerService: Window already focused, ignoring focus gain of: com.android.internal.view.IInputMethodClient$Stub$Proxy@4179c040 attribute=android.view.inputmethod.EditorInfo@41b92648
02-28 17:21:06.261   578   578 I SBar.NetworkController: onDataActivity: direction=2
02-28 17:21:06.269   578   578 I SBar.NetworkController: refreshSignalCluster: mobile: mHasMobileDataFeature=true DataTypeShown=zz_moto_stat_sys_data_fully_connected_4g_lte Activity=zz_moto_stat_sys_data_fully_connected_signal_out Accessibility="4 G L T E"
02-28 17:21:06.683   465  9728 V ConnectivityService: enforceCheckPermissionforHiPri:Pid=16079ret=true
02-28 17:21:06.761   578   578 D PhoneStatusBar: addNotification score=0
02-28 17:21:07.269   578   578 I SBar.NetworkController: onDataActivity: direction=3
02-28 17:21:07.269   578   578 I SBar.NetworkController: refreshSignalCluster: mobile: mHasMobileDataFeature=true DataTypeShown=zz_moto_stat_sys_data_fully_connected_4g_lte Activity=zz_moto_stat_sys_data_fully_connected_signal_inout Accessibility="4 G L T E"
02-28 17:21:07.472   465   484 W ActivityManager: No content provider found for permission revoke: file:///data/local/tmp/SMSRPG-debug.apk
02-28 17:21:07.472   465   484 W ActivityManager: No content provider found for permission revoke: file:///data/local/tmp/SMSRPG-debug.apk
02-28 17:21:07.472   465   484 W PackageParser: Unknown element under <manifest>: receiver at /data/app/vmdl1869046741.tmp Binary XML file line #9
02-28 17:21:07.472   465   484 I PackageParser: com.me.smsrpg: compat added android.permission.WRITE_EXTERNAL_STORAGE android.permission.READ_PHONE_STATE
02-28 17:21:07.487   465   480 I ActivityManager: Force stopping package com.me.smsrpg uid=10240
02-28 17:21:07.495   465   480 I ActivityManager: Killing proc 9431:com.me.smsrpg/u0a240: force stop
02-28 17:21:07.495   465   480 I ActivityManager:   Force finishing activity ActivityRecord{422a0040 com.me.smsrpg/.SMSRPG}
02-28 17:21:07.511   465   807 I WindowState: WIN DEATH: Window{422aa2b0 com.me.smsrpg/com.me.smsrpg.SMSRPG paused=true}
02-28 17:21:08.003   465   484 I PackageManager: Package com.me.smsrpg codePath changed from /data/app/com.me.smsrpg-1.apk to /data/app/com.me.smsrpg-2.apk; Retaining data and using new
02-28 17:21:08.089   465   524 V AlarmManager: sending alarm Alarm{41459b40 type 1 com.metago.astro}
02-28 17:21:08.104   465   480 I ActivityManager: Force stopping package com.me.smsrpg uid=10240
02-28 17:21:08.104   465   484 W PackageManager: Code path for pkg : com.me.smsrpg changing from /data/app/com.me.smsrpg-1.apk to /data/app/com.me.smsrpg-2.apk
02-28 17:21:08.104   465   484 W PackageManager: Resource path for pkg : com.me.smsrpg changing from /data/app/com.me.smsrpg-1.apk to /data/app/com.me.smsrpg-2.apk
02-28 17:21:08.589   578   578 I SBar.NetworkController: onDataActivity: direction=0
02-28 17:21:08.597   578   578 I SBar.NetworkController: refreshSignalCluster: mobile: mHasMobileDataFeature=true DataTypeShown=zz_moto_stat_sys_data_fully_connected_4g_lte Activity=zz_moto_stat_sys_data_fully_connected_signal_none Accessibility="4 G L T E"
02-28 17:21:09.026   465   484 I ActivityManager: Force stopping package com.me.smsrpg uid=10240
02-28 17:21:09.253   465   529 I ActivityManager: START {act=android.intent.action.MAIN cat=[android.intent.category.HOME] flg=0x10200000 cmp=com.motorola.blur.home/.Launcher u=0} from pid 465
02-28 17:21:09.315   465   807 I ActivityManager: Start proc com.motorola.MotGallery2 for broadcast com.motorola.MotGallery2/com.android.gallery3d.app.PackagesMonitor: pid=9852 uid=10309 gids={1006, 3003, 1015, 9003, 9007, 9008, 3002, 3001, 1028}
02-28 17:21:09.644   465   478 D BackupManagerService: Received broadcast Intent { act=android.intent.action.PACKAGE_REMOVED dat=package:com.me.smsrpg flg=0x8000010 (has extras) }
02-28 17:21:09.667   465   478 D BackupManagerService: Received broadcast Intent { act=android.intent.action.PACKAGE_ADDED dat=package:com.me.smsrpg flg=0x8000010 (has extras) }
02-28 17:21:09.667   465   478 V BackupManagerService: removePackageParticipantsLocked: uid=10240 #1
02-28 17:21:09.737   465   478 V BackupManagerService: addPackageParticipantsLocked: #1
02-28 17:21:09.737   465   992 D MotDevicePolicyManagerService: Package com.me.smsrpg, package state=0, action=android.intent.action.PACKAGE_ADDED
02-28 17:21:09.737   465   992 D MotDevicePolicyManagerService: getAllAppBlackLists - no app blacklist set for all administrators
02-28 17:21:09.737   465   992 D MotDevicePolicyManagerService: App WhiteList is disabled by all admins.
02-28 17:21:09.737   465   992 D MotDevicePolicyManagerService: isPolicyAllowed - policy=AllowBrowserStrategy allowed by all admin.
02-28 17:21:09.737   465   992 D MotDevicePolicyManagerService: isPolicyAllowed - policy=AllowConsumerEmailStrategy allowed by all admin.
02-28 17:21:09.737   465   992 D MotDevicePolicyManagerService: isPolicyAllowed - policy=AllowTextMessagingStrategy allowed by all admin.
02-28 17:21:09.737   465   992 D MotDevicePolicyManagerService: Package com.me.smsrpg does NOT conflict with any policy.
02-28 17:21:09.761   465  2254 D MotDevicePolicyManagerService: Package com.me.smsrpg, package state=0, action=android.intent.action.PACKAGE_REPLACED
02-28 17:21:09.761   465  2254 D MotDevicePolicyManagerService: getAllAppBlackLists - no app blacklist set for all administrators
02-28 17:21:09.761   465  2254 D MotDevicePolicyManagerService: App WhiteList is disabled by all admins.
02-28 17:21:09.761   465  2254 D MotDevicePolicyManagerService: isPolicyAllowed - policy=AllowBrowserStrategy allowed by all admin.
02-28 17:21:09.761   465  2254 D MotDevicePolicyManagerService: isPolicyAllowed - policy=AllowConsumerEmailStrategy allowed by all admin.
02-28 17:21:09.761   465  2254 D MotDevicePolicyManagerService: isPolicyAllowed - policy=AllowTextMessagingStrategy allowed by all admin.
02-28 17:21:09.761   465  2254 D MotDevicePolicyManagerService: Package com.me.smsrpg does NOT conflict with any policy.
02-28 17:21:09.792   465   520 W InputMethodManagerService: Skipping input method ComponentInfo{com.motorola.inputmethod.latin/com.motorola.inputmethod.latin.LatinIMEBell}: it does not require the permission android.permission.BIND_INPUT_METHOD
02-28 17:21:09.792   465   520 W InputMethodManagerService: Skipping input method ComponentInfo{com.motorola.inputmethod.latin/com.motorola.inputmethod.latin.LatinIMEQwerty}: it does not require the permission android.permission.BIND_INPUT_METHOD
02-28 17:21:09.792   465   520 W InputMethodManagerService: Skipping input method ComponentInfo{com.motorola.inputmethod.motosmarthandwriting/com.motorola.inputmethod.motosmarthandwriting.MotoSmartHandWritingService}: it does not require the permission android.permission.BIND_INPUT_METHOD
02-28 17:21:09.792   465   520 W InputMethodManagerService: Skipping input method ComponentInfo{com.motorola.inputmethod.gpinyin/com.motorola.inputmethod.gpinyin.PinyinIMEQwerty}: it does not require the permission android.permission.BIND_INPUT_METHOD
02-28 17:21:09.800   465   520 W InputMethodManagerService: Skipping input method ComponentInfo{com.motorola.inputmethod.gpinyin/com.motorola.inputmethod.gpinyin.PinyinIMEB}: it does not require the permission android.permission.BIND_INPUT_METHOD
02-28 17:21:09.800   465   520 W InputMethodManagerService: Skipping input method ComponentInfo{com.motorola.inputmethod.stroke/com.motorola.inputmethod.stroke.StrokeIME}: it does not require the permission android.permission.BIND_INPUT_METHOD
02-28 17:21:09.800   465   750 I ActivityManager: Start proc com.android.keychain for broadcast com.android.keychain/.KeyChainBroadcastReceiver: pid=9873 uid=1000 gids={3003, 1015, 3002, 3001, 1028, 9009, 1004, 2002, 9000, 9002, 9004, 3007, 3005}
02-28 17:21:09.800   465   520 W InputMethodManagerService: Found no subtypes in a system IME: com.motorola.inputmethod.entry
02-28 17:21:10.222   465   807 I ActivityManager: No longer want com.google.android.apps.maps:FriendService (pid 9369): hidden #21
02-28 17:21:10.323   465 22505 I ActivityManager: Start proc com.metago.astro:remote for broadcast com.metago.astro/.receiver.PackageAddedReceiver: pid=9891 uid=10220 gids={3003, 1015, 1028}
02-28 17:21:10.464   465   465 I ActivityManager: No longer want com.motorola.motoemail:moxierengine (pid 9379): hidden #21
02-28 17:21:10.823   465   755 I ActivityManager: Start proc com.google.android.partnersetup for broadcast com.google.android.partnersetup/.RlzPingBroadcastReceiver: pid=9910 uid=10052 gids={3003, 1028}
02-28 17:21:11.058   465 10172 I ActivityManager: No longer want com.motorola.dockservice (pid 9398): hidden #21
02-28 17:21:11.097   465   524 V AlarmManager: sending alarm Alarm{41d67af8 type 1 com.metago.astro}
02-28 17:21:11.206   465   755 I ActivityManager: Start proc com.google.android.apps.maps:FriendService for broadcast com.google.android.apps.maps/com.google.googlenav.friend.android.ServiceReceiver: pid=9931 uid=10010 gids={3003, 1015, 1028}
02-28 17:21:11.222   465  9728 I ActivityManager: Start proc com.motorola.motoemail:moxierengine for service com.motorola.motoemail/com.moxier.eas.engine.service.ExchangeBroadcastProcessorService: pid=9940 uid=10247 gids={3003, 1015, 1028}
02-28 17:21:11.386  9940  9940 I openssl : Crypto mode not selected, openssl will run on its regular mode.
02-28 17:21:11.448   465   476 I ActivityManager: Start proc com.motorola.dockservice for broadcast com.motorola.dockservice/.TargetsValidator$SelfUpgradeHandler: pid=9961 uid=10081 gids={3002, 3001, 1028}
02-28 17:21:11.456   465   476 I ActivityManager: No longer want com.shazam.android (pid 9414): hidden #21
02-28 17:21:11.456   465   476 I ActivityManager: No longer want com.google.android.apps.maps:LocationFriendService (pid 9455): hidden #21
02-28 17:21:11.573   465   475 I ActivityManager: START {act=android.intent.action.MAIN cat=[android.intent.category.LAUNCHER] flg=0x10200000 cmp=com.me.smsrpg/.SMSRPG bnds=[140,425][269,605] u=0} from pid 808
02-28 17:21:11.620   578   578 I SBar.NetworkController: onDataActivity: direction=2
02-28 17:21:11.628   465   807 I ActivityManager: Start proc com.me.smsrpg for activity com.me.smsrpg/.SMSRPG: pid=9974 uid=10240 gids={1015, 1028}
02-28 17:21:11.644   578   578 I SBar.NetworkController: refreshSignalCluster: mobile: mHasMobileDataFeature=true DataTypeShown=zz_moto_stat_sys_data_fully_connected_4g_lte Activity=zz_moto_stat_sys_data_fully_connected_signal_out Accessibility="4 G L T E"
02-28 17:21:11.714   465  2983 I ActivityManager: No longer want com.google.android.gsf.login (pid 9602): hidden #21
02-28 17:21:11.761   465  2983 I ActivityManager: Start proc com.shazam.android for broadcast com.shazam.android/com.shazam.upgrade.AppUpgradeReceiver: pid=9991 uid=10171 gids={3003, 1015, 1028}
02-28 17:21:12.315   465   752 W ActivityManager: Permission Denial: Accessing service ComponentInfo{com.android.vending/com.google.android.finsky.services.LicensingService} from pid=9991, uid=10171 requires com.android.vending.CHECK_LICENSE
02-28 17:21:12.347   465   805 I ActivityManager: Start proc com.google.android.apps.maps:LocationFriendService for broadcast com.google.android.apps.maps/com.google.googlenav.friend.reporting.LocationReportingIntentReceiver: pid=10016 uid=10010 gids={3003, 1015, 1028}
02-28 17:21:12.347   465   805 I ActivityManager: No longer want com.Aetherpal.Device (pid 9488): hidden #21
02-28 17:21:12.644   578   578 I SBar.NetworkController: onDataActivity: direction=3
02-28 17:21:12.651   578   578 I SBar.NetworkController: refreshSignalCluster: mobile: mHasMobileDataFeature=true DataTypeShown=zz_moto_stat_sys_data_fully_connected_4g_lte Activity=zz_moto_stat_sys_data_fully_connected_signal_inout Accessibility="4 G L T E"
02-28 17:21:12.737   465   807 I ActivityManager: No longer want com.vznavigator.DROIDRAZR:remote (pid 9499): hidden #21
02-28 17:21:12.870   465   529 I ActivityManager: START {act=android.intent.action.MAIN cat=[android.intent.category.HOME] flg=0x10200000 cmp=com.motorola.blur.home/.Launcher u=0} from pid 465
02-28 17:21:12.917   465   752 I ActivityManager: No longer want com.motricity.verizon.ssodownloadable (pid 9558): hidden #21
02-28 17:21:13.323   465   752 I ActivityManager: No longer want com.motorola.vvm (pid 9570): hidden #21
02-28 17:21:13.456   465   791 I ActivityManager: START {act=android.intent.action.MAIN cat=[android.intent.category.LAUNCHER] flg=0x10200000 cmp=com.motorola.messaging/.activity.ConversationListActivity bnds=[324,822][432,954] u=0} from pid 808
02-28 17:21:14.722   578   578 I SBar.NetworkController: onDataActivity: direction=0
02-28 17:21:14.729   578   578 I SBar.NetworkController: refreshSignalCluster: mobile: mHasMobileDataFeature=true DataTypeShown=zz_moto_stat_sys_data_fully_connected_4g_lte Activity=zz_moto_stat_sys_data_fully_connected_signal_none Accessibility="4 G L T E"
02-28 17:21:14.745   465   900 V ConnectivityService: enforceCheckPermissionforHiPri:Pid=16079ret=true
02-28 17:21:15.354   465   524 V AlarmManager: sending alarm Alarm{41ba81d0 type 1 com.metago.astro}
02-28 17:21:15.659   578   578 I SBar.NetworkController: onSignalStrengthsChanged SignalStrength: 99 -1 -60 -70 -64 -1 6 12 -96 -8 110 7 cdma 0 -108 -1 false 0 0 5 4 3 16 8 99 5 5 5 5 5 5 5 99 level=3
02-28 17:21:15.667   578   578 I SBar.NetworkController: refreshSignalCluster: mobile: Signal=zz_moto_stat_sys_signal_5bar_3_fully Roaming=(none) mSimIconId=(none) Accessibility="Phone three bars.","Not roaming.",""
02-28 17:21:15.745   465   791 I ActivityManager: START {cmp=com.motorola.messaging/.activity.ComposeMessageActivity (has extras) u=0} from pid 16079
02-28 17:21:16.144   465   465 V ConnectivityService: enforceCheckPermissionforHiPri:Pid=16079ret=true
02-28 17:21:16.659   578   578 D PhoneStatusBar: addNotification score=0
02-28 17:21:16.878   465   791 V ConnectivityService: enforceCheckPermissionforHiPri:Pid=16079ret=true
02-28 17:21:18.386   465   524 V AlarmManager: sending alarm Alarm{419a79f0 type 1 com.metago.astro}
02-28 17:21:18.745   578   578 I SBar.NetworkController: onDataActivity: direction=3
02-28 17:21:18.745   578   578 I SBar.NetworkController: refreshSignalCluster: mobile: mHasMobileDataFeature=true DataTypeShown=zz_moto_stat_sys_data_fully_connected_4g_lte Activity=zz_moto_stat_sys_data_fully_connected_signal_inout Accessibility="4 G L T E"
02-28 17:21:19.019   465   480 I ActivityManager: Start proc com.Aetherpal.Device for broadcast com.Aetherpal.Device/.Receivers.ApReceiver: pid=10047 uid=10268 gids={3002, 3003, 1015, 1028}
02-28 17:21:19.104   465   807 I ActivityManager: Start proc com.vznavigator.DROIDRAZR:remote for broadcast com.vznavigator.DROIDRAZR/com.navbuilder.app.atlasbook.core.receiver.SmsReceiver: pid=10058 uid=10121 gids={3003, 1015, 3002, 1028}
02-28 17:21:19.104   465   475 I ActivityManager: No longer want com.fusionone.android.sync.service (pid 6270): hidden #21
02-28 17:21:19.128   465   752 W ActivityManager: Scheduling restart of crashed service com.fusionone.android.sync.service/.SyncService in 5000ms
02-28 17:21:19.394   465   791 I ActivityManager: Start proc com.motricity.verizon.ssodownloadable for broadcast com.motricity.verizon.ssodownloadable/com.motricity.verizon.ssoengine.library.MsgReceiver: pid=10117 uid=10327 gids={3003, 1028}
02-28 17:21:19.394   465   791 I ActivityManager: No longer want com.motorola.smartcardock (pid 9031): hidden #21
02-28 17:21:19.440   465   900 I ActivityManager: Start proc com.motorola.vvm for broadcast com.motorola.vvm/.transaction.VvmReceiver: pid=10130 uid=10109 gids={3003, 1015, 3002, 1028}
02-28 17:21:19.440   465   900 I ActivityManager: No longer want com.android.keychain (pid 9873): hidden #21
02-28 17:21:19.526   465   755 I ActivityManager: No longer want com.metago.astro:remote (pid 9891): hidden #21
02-28 17:21:19.573   465   807 I ActivityManager: Start proc com.fusionone.android.sync.service for broadcast com.fusionone.android.sync.service/com.fusionone.android.sync.receivers.SmsBroadcastReceiver: pid=10143 uid=10025 gids={3003, 1028}
02-28 17:21:19.753   465 22914 I ActivityManager: No longer want com.motorola.atcmd.plugin (pid 8144): hidden #21
02-28 17:21:20.050   465 10172 I ActivityManager: Start proc com.motorola.smartcardock for broadcast com.motorola.smartcardock/.receiver.SmartCarDockSmsReceiver: pid=10156 uid=10038 gids={3002, 3001, 3003, 1028}
02-28 17:21:20.128   465   750 I ActivityManager: No longer want com.motorola.MotGallery2 (pid 9852): hidden #21
02-28 17:21:21.308   465 10172 I ActivityManager: Start proc com.motorola.atcmd.plugin for content provider com.motorola.atcmd.plugin/.AtCmdSettingsProvider: pid=10176 uid=10098 gids={1028}
02-28 17:21:21.409   465   524 V AlarmManager: sending alarm Alarm{41dcbad8 type 1 com.metago.astro}
02-28 17:21:21.409   465   755 I ActivityManager: No longer want com.google.android.apps.plus (pid 9281): hidden #21
02-28 17:21:21.573   465   524 V AlarmManager: sending alarm Alarm{41cfffb0 type 0 com.motorola.android.server.ims}
02-28 17:21:22.269   465  2983 V ConnectivityService: enforceCheckPermissionforHiPri:Pid=16079ret=true
02-28 17:21:22.784   578   578 I SBar.NetworkController: onDataActivity: direction=0
02-28 17:21:22.784   578   578 I SBar.NetworkController: refreshSignalCluster: mobile: mHasMobileDataFeature=true DataTypeShown=zz_moto_stat_sys_data_fully_connected_4g_lte Activity=zz_moto_stat_sys_data_fully_connected_signal_none Accessibility="4 G L T E"
02-28 17:21:23.784   578   578 I SBar.NetworkController: onDataActivity: direction=3
02-28 17:21:23.792   578   578 I SBar.NetworkController: refreshSignalCluster: mobile: mHasMobileDataFeature=true DataTypeShown=zz_moto_stat_sys_data_fully_connected_4g_lte Activity=zz_moto_stat_sys_data_fully_connected_signal_inout Accessibility="4 G L T E"
02-28 17:21:24.542   465 22505 V ConnectivityService: enforceCheckPermissionforHiPri:Pid=16079ret=true
02-28 17:21:24.698   578   578 D PhoneStatusBar: addNotification score=0
02-28 17:21:24.792   465   524 V AlarmManager: sending alarm Alarm{41a78c10 type 1 com.metago.astro}
02-28 17:21:24.815   578   578 I SBar.NetworkController: onDataActivity: direction=0
02-28 17:21:24.823   578   578 I SBar.NetworkController: refreshSignalCluster: mobile: mHasMobileDataFeature=true DataTypeShown=zz_moto_stat_sys_data_fully_connected_4g_lte Activity=zz_moto_stat_sys_data_fully_connected_signal_none Accessibility="4 G L T E"
02-28 17:21:26.042   465   524 V AlarmManager: sending alarm Alarm{4186a688 type 0 com.android.vending}
02-28 17:21:27.034   465   465 V ConnectivityService: enforceCheckPermissionforHiPri:Pid=16079ret=true
02-28 17:21:27.104   578   578 D PhoneStatusBar: addNotification score=0
02-28 17:21:27.815   465   524 V AlarmManager: sending alarm Alarm{4201e168 type 1 com.metago.astro}
02-28 17:21:29.675   465   748 V ConnectivityService: enforceCheckPermissionforHiPri:Pid=16079ret=true
02-28 17:21:29.823   578   578 D PhoneStatusBar: addNotification score=0
02-28 17:21:30.862   465   524 V AlarmManager: sending alarm Alarm{41e598b0 type 1 com.metago.astro}
02-28 17:21:30.995   465   524 V AlarmManager: sending alarm Alarm{41b22178 type 0 com.motorola.android.server.ims}
02-28 17:21:31.839   578   578 I SBar.NetworkController: onDataActivity: direction=2
02-28 17:21:31.839   578   578 I SBar.NetworkController: refreshSignalCluster: mobile: mHasMobileDataFeature=true DataTypeShown=zz_moto_stat_sys_data_fully_connected_4g_lte Activity=zz_moto_stat_sys_data_fully_connected_signal_out Accessibility="4 G L T E"
02-28 17:21:32.089   465   748 V ConnectivityService: enforceCheckPermissionforHiPri:Pid=16079ret=true
02-28 17:21:32.839   578   578 I SBar.NetworkController: onDataActivity: direction=0
02-28 17:21:32.847   578   578 I SBar.NetworkController: refreshSignalCluster: mobile: mHasMobileDataFeature=true DataTypeShown=zz_moto_stat_sys_data_fully_connected_4g_lte Activity=zz_moto_stat_sys_data_fully_connected_signal_none Accessibility="4 G L T E"
02-28 17:21:33.894   465   524 V AlarmManager: sending alarm Alarm{41548648 type 1 com.metago.astro}
02-28 17:21:34.089   465   900 V ConnectivityService: enforceCheckPermissionforHiPri:Pid=16079ret=true
02-28 17:21:34.628   465   524 V AlarmManager: sending alarm Alarm{42025470 type 0 com.motorola.android.server.ims}
02-28 17:21:34.854   578   578 I SBar.NetworkController: onDataActivity: direction=2
02-28 17:21:34.862   578   578 I SBar.NetworkController: refreshSignalCluster: mobile: mHasMobileDataFeature=true DataTypeShown=zz_moto_stat_sys_data_fully_connected_4g_lte Activity=zz_moto_stat_sys_data_fully_connected_signal_out Accessibility="4 G L T E"
02-28 17:21:35.870   578   578 I SBar.NetworkController: onDataActivity: direction=3
02-28 17:21:35.870   578   578 I SBar.NetworkController: refreshSignalCluster: mobile: mHasMobileDataFeature=true DataTypeShown=zz_moto_stat_sys_data_fully_connected_4g_lte Activity=zz_moto_stat_sys_data_fully_connected_signal_inout Accessibility="4 G L T E"
02-28 17:21:36.870   578   578 I SBar.NetworkController: onDataActivity: direction=0
02-28 17:21:36.878   578   578 I SBar.NetworkController: refreshSignalCluster: mobile: mHasMobileDataFeature=true DataTypeShown=zz_moto_stat_sys_data_fully_connected_4g_lte Activity=zz_moto_stat_sys_data_fully_connected_signal_none Accessibility="4 G L T E"
02-28 17:21:36.925   465   524 V AlarmManager: sending alarm Alarm{41940f68 type 1 com.metago.astro}
02-28 17:21:37.878   578   578 I SBar.NetworkController: onDataActivity: direction=3
02-28 17:21:37.894   578   578 I SBar.NetworkController: refreshSignalCluster: mobile: mHasMobileDataFeature=true DataTypeShown=zz_moto_stat_sys_data_fully_connected_4g_lte Activity=zz_moto_stat_sys_data_fully_connected_signal_inout Accessibility="4 G L T E"
02-28 17:21:38.065   465   750 V ConnectivityService: enforceCheckPermissionforHiPri:Pid=16079ret=true
02-28 17:21:38.167   578   578 D PhoneStatusBar: addNotification score=0
02-28 17:21:38.292   465   524 V AlarmManager: sending alarm Alarm{41b32ad0 type 0 com.motorola.android.server.ims}
02-28 17:21:38.917   578   578 I SBar.NetworkController: onDataActivity: direction=0
02-28 17:21:38.925   578   578 I SBar.NetworkController: refreshSignalCluster: mobile: mHasMobileDataFeature=true DataTypeShown=zz_moto_stat_sys_data_fully_connected_4g_lte Activity=zz_moto_stat_sys_data_fully_connected_signal_none Accessibility="4 G L T E"
02-28 17:21:39.933   465   524 V AlarmManager: sending alarm Alarm{420beb90 type 1 com.metago.astro}
02-28 17:21:40.612   465   476 V ConnectivityService: enforceCheckPermissionforHiPri:Pid=16079ret=true
02-28 17:21:40.761   578   578 D PhoneStatusBar: addNotification score=0
02-28 17:21:40.987   578   578 I SBar.NetworkController: onDataActivity: direction=3
02-28 17:21:41.003   578   578 I SBar.NetworkController: refreshSignalCluster: mobile: mHasMobileDataFeature=true DataTypeShown=zz_moto_stat_sys_data_fully_connected_4g_lte Activity=zz_moto_stat_sys_data_fully_connected_signal_inout Accessibility="4 G L T E"
02-28 17:21:41.979   578   578 I SBar.NetworkController: onDataActivity: direction=0
02-28 17:21:41.979   578   578 I SBar.NetworkController: refreshSignalCluster: mobile: mHasMobileDataFeature=true DataTypeShown=zz_moto_stat_sys_data_fully_connected_4g_lte Activity=zz_moto_stat_sys_data_fully_connected_signal_none Accessibility="4 G L T E"
02-28 17:21:42.948   465   524 V AlarmManager: sending alarm Alarm{4189dd58 type 1 com.metago.astro}
02-28 17:21:43.401   465   791 V ConnectivityService: enforceCheckPermissionforHiPri:Pid=16079ret=true
02-28 17:21:43.620   578   578 D PhoneStatusBar: addNotification score=0
02-28 17:21:45.956   465   524 V AlarmManager: sending alarm Alarm{41d4d360 type 1 com.metago.astro}
02-28 17:21:47.214   465   524 V AlarmManager: sending alarm Alarm{41989658 type 0 com.motorola.android.server.ims}
02-28 17:21:47.808   465  2983 V ConnectivityService: enforceCheckPermissionforHiPri:Pid=16079ret=true
02-28 17:21:48.987   465   524 V AlarmManager: sending alarm Alarm{4176f5a8 type 1 com.metago.astro}
02-28 17:21:49.019   578   578 I SBar.NetworkController: onDataActivity: direction=3
02-28 17:21:49.019   578   578 I SBar.NetworkController: refreshSignalCluster: mobile: mHasMobileDataFeature=true DataTypeShown=zz_moto_stat_sys_data_fully_connected_4g_lte Activity=zz_moto_stat_sys_data_fully_connected_signal_inout Accessibility="4 G L T E"
02-28 17:21:49.683   465   524 V AlarmManager: sending alarm Alarm{41d8fb70 type 0 com.motorola.android.server.ims}
02-28 17:21:50.034   578   578 I SBar.NetworkController: onDataActivity: direction=0
02-28 17:21:50.034   578   578 I SBar.NetworkController: refreshSignalCluster: mobile: mHasMobileDataFeature=true DataTypeShown=zz_moto_stat_sys_data_fully_connected_4g_lte Activity=zz_moto_stat_sys_data_fully_connected_signal_none Accessibility="4 G L T E"
02-28 17:21:51.034   578   578 I SBar.NetworkController: onDataActivity: direction=3
02-28 17:21:51.042   578   578 I SBar.NetworkController: refreshSignalCluster: mobile: mHasMobileDataFeature=true DataTypeShown=zz_moto_stat_sys_data_fully_connected_4g_lte Activity=zz_moto_stat_sys_data_fully_connected_signal_inout Accessibility="4 G L T E"
02-28 17:21:52.003   465   524 V AlarmManager: sending alarm Alarm{41457478 type 1 com.metago.astro}
02-28 17:21:52.042   578   578 I SBar.NetworkController: onDataActivity: direction=0
02-28 17:21:52.042   578   578 I SBar.NetworkController: refreshSignalCluster: mobile: mHasMobileDataFeature=true DataTypeShown=zz_moto_stat_sys_data_fully_connected_4g_lte Activity=zz_moto_stat_sys_data_fully_connected_signal_none Accessibility="4 G L T E"
02-28 17:21:52.214   578   578 I SBar.NetworkController: onSignalStrengthsChanged SignalStrength: 99 -1 -60 -70 -64 -1 6 12 -95 -7 99 6 cdma 0 -108 -1 false 0 0 5 4 4 16 8 99 5 5 5 5 5 5 5 99 level=4
02-28 17:21:52.229   578   578 I SBar.NetworkController: refreshSignalCluster: mobile: Signal=zz_moto_stat_sys_signal_5bar_4_fully Roaming=(none) mSimIconId=(none) Accessibility="Phone signal full.","Not roaming.",""
02-28 17:21:52.315   465   900 V ConnectivityService: enforceCheckPermissionforHiPri:Pid=16079ret=true
02-28 17:21:52.659   578   578 D PhoneStatusBar: addNotification score=0
02-28 17:21:55.011   465   524 V AlarmManager: sending alarm Alarm{41be9090 type 1 com.metago.astro}
02-28 17:21:55.065   465   791 V ConnectivityService: enforceCheckPermissionforHiPri:Pid=16079ret=true
02-28 17:21:55.183   578   578 D PhoneStatusBar: addNotification score=0
02-28 17:21:58.128   465   524 V AlarmManager: sending alarm Alarm{4145c9c8 type 1 com.metago.astro}
02-28 17:21:59.433   578   578 I SBar.NetworkController: onSignalStrengthsChanged SignalStrength: 99 -1 -60 -70 -64 -1 6 13 -96 -10 87 5 cdma 0 -108 -1 false 0 0 5 4 3 16 8 99 5 5 5 5 5 5 5 99 level=3
02-28 17:21:59.440   578   578 I SBar.NetworkController: refreshSignalCluster: mobile: Signal=zz_moto_stat_sys_signal_5bar_3_fully Roaming=(none) mSimIconId=(none) Accessibility="Phone three bars.","Not roaming.",""
02-28 17:21:59.987   465   524 V AlarmManager: sending alarm Alarm{42394b88 type 3 android}
02-28 17:22:00.284   465   526 I ActivityManager: Start proc com.google.android.gsf.login for service com.google.android.gsf.login/com.google.android.gsf.loginservice.GoogleLoginService: pid=10245 uid=10019 gids={3003, 1015, 1028, 2001, 1007, 3006, 3002, 3001, 1006}
02-28 17:22:00.308   578   578 D PhoneStatusBar: disable: < expand icons alerts ticker system_info back home RECENT* clock >
02-28 17:22:00.370   578   578 D PhoneStatusBar: addNotification score=0
02-28 17:22:00.479   578   578 D PhoneStatusBar: disable: < expand icons alerts ticker system_info BACK* HOME* RECENT CLOCK* >
02-28 17:22:00.550   465   524 V AlarmManager: sending alarm Alarm{416d9e08 type 0 com.motorola.android.server.ims}
02-28 17:22:01.151   465   524 V AlarmManager: sending alarm Alarm{4202c570 type 1 com.metago.astro}
02-28 17:22:04.175   465   524 V AlarmManager: sending alarm Alarm{423ae620 type 1 com.metago.astro}
02-28 17:22:07.206   465   524 V AlarmManager: sending alarm Alarm{421d81e8 type 1 com.metago.astro}
02-28 17:22:10.229   465   524 V AlarmManager: sending alarm Alarm{417db0e0 type 1 com.metago.astro}
02-28 17:22:13.261   465   524 V AlarmManager: sending alarm Alarm{42179aa8 type 1 com.metago.astro}
02-28 17:22:16.284   465   524 V AlarmManager: sending alarm Alarm{418f3518 type 1 com.metago.astro}
02-28 17:22:19.308   465   524 V AlarmManager: sending alarm Alarm{41e30530 type 1 com.metago.astro}
02-28 17:22:22.339   465   524 V AlarmManager: sending alarm Alarm{423412c8 type 1 com.metago.astro}
02-28 17:22:25.362   465   524 V AlarmManager: sending alarm Alarm{41de14f0 type 1 com.metago.astro}
02-28 17:22:28.386   465   524 V AlarmManager: sending alarm Alarm{4147b030 type 1 com.metago.astro}
02-28 17:22:30.636   465   524 V AlarmManager: sending alarm Alarm{417c8ca8 type 2 com.google.android.gsf}
02-28 17:22:31.409   465   524 V AlarmManager: sending alarm Alarm{423aa478 type 1 com.metago.astro}
02-28 17:22:34.440   465   524 V AlarmManager: sending alarm Alarm{41a51a68 type 1 com.metago.astro}
02-28 17:22:37.464   465   524 V AlarmManager: sending alarm Alarm{414b6720 type 1 com.metago.astro}
02-28 17:22:40.487   465   524 V AlarmManager: sending alarm Alarm{423acc68 type 1 com.metago.astro}
02-28 17:22:43.511   465   524 V AlarmManager: sending alarm Alarm{41dbb730 type 1 com.metago.astro}
02-28 17:22:46.542   465   524 V AlarmManager: sending alarm Alarm{4219c2f8 type 1 com.metago.astro}
02-28 17:22:49.573   465   524 V AlarmManager: sending alarm Alarm{42179648 type 1 com.metago.astro}
02-28 17:22:52.597   465   524 V AlarmManager: sending alarm Alarm{41e2a5c8 type 1 com.metago.astro}
02-28 17:22:55.620   465   524 V AlarmManager: sending alarm Alarm{42293330 type 1 com.metago.astro}
02-28 17:22:58.644   465   524 V AlarmManager: sending alarm Alarm{41c31d18 type 1 com.metago.astro}
02-28 17:22:59.995   465   480 I ActivityManager: No longer want com.motorola.modemservice (pid 6978): hidden #21
02-28 17:22:59.995   465   524 V AlarmManager: sending alarm Alarm{41e44970 type 3 android}
02-28 17:23:00.026   465   791 W ActivityManager: Scheduling restart of crashed service com.motorola.bach.modemstats/.ModemStatsService in 5000ms
02-28 17:23:01.675   465   524 V AlarmManager: sending alarm Alarm{41ebe9f8 type 1 com.metago.astro}
02-28 17:23:04.706   465   524 V AlarmManager: sending alarm Alarm{41af6390 type 1 com.metago.astro}
02-28 17:23:05.050   465   480 I ActivityManager: Start proc com.motorola.modemservice for service com.motorola.bach.modemstats/.ModemStatsService: pid=10284 uid=10316 gids={1007, 1028}
02-28 17:23:07.729   465   524 V AlarmManager: sending alarm Alarm{414844c0 type 1 com.metago.astro}
02-28 17:23:10.753   465   524 V AlarmManager: sending alarm Alarm{42137a58 type 1 com.metago.astro}
02-28 17:23:13.784   465   524 V AlarmManager: sending alarm Alarm{41c435d8 type 1 com.metago.astro}
02-28 17:23:16.808   465   524 V AlarmManager: sending alarm Alarm{41684378 type 1 com.metago.astro}
02-28 17:23:19.831   465   524 V AlarmManager: sending alarm Alarm{423b4ed0 type 1 com.metago.astro}
02-28 17:23:22.862   465   524 V AlarmManager: sending alarm Alarm{4174ceb8 type 1 com.metago.astro}
02-28 17:23:22.870   465   791 I ActivityManager: No longer want com.motorola.acousticwarning (pid 7270): hidden #21
02-28 17:23:22.893   465  9728 W ActivityManager: Scheduling restart of crashed service com.motorola.acousticwarning/.AcousticWarningService in 5000ms
02-28 17:23:25.893   465   524 V AlarmManager: sending alarm Alarm{41ceb7e8 type 1 com.metago.astro}
02-28 17:23:27.925   465   480 I ActivityManager: Start proc com.motorola.acousticwarning for service com.motorola.acousticwarning/.AcousticWarningService: pid=10303 uid=10303 gids={3002, 1028}
02-28 17:23:28.917   465   524 V AlarmManager: sending alarm Alarm{419025f0 type 1 com.metago.astro}
02-28 17:23:31.948   465   524 V AlarmManager: sending alarm Alarm{42790090 type 1 com.metago.astro}
02-28 17:23:31.964   465   465 I ActivityManager: No longer want com.motorola.camera (pid 7399): hidden #21
02-28 17:23:31.979   465 22914 W ActivityManager: Scheduling restart of crashed service com.motorola.camera/.saving.SaveImageService in 5000ms
02-28 17:23:34.979   465   524 V AlarmManager: sending alarm Alarm{42049750 type 1 com.metago.astro}
02-28 17:23:36.995   465   480 I ActivityManager: Start proc com.motorola.camera for service com.motorola.camera/.saving.SaveImageService: pid=10319 uid=10308 gids={1006, 1015, 1028}
02-28 17:23:38.011   465   524 V AlarmManager: sending alarm Alarm{41ef3698 type 1 com.metago.astro}
02-28 17:23:41.026   465   524 V AlarmManager: sending alarm Alarm{42118528 type 1 com.metago.astro}
02-28 17:23:44.058   465   524 V AlarmManager: sending alarm Alarm{427a1118 type 1 com.metago.astro}
02-28 17:23:47.081   465   524 V AlarmManager: sending alarm Alarm{42385b58 type 1 com.metago.astro}
02-28 17:23:50.104   465   524 V AlarmManager: sending alarm Alarm{41462f00 type 1 com.metago.astro}
02-28 17:23:53.128   465   524 V AlarmManager: sending alarm Alarm{41cd4f00 type 1 com.metago.astro}
02-28 17:23:56.159   465   524 V AlarmManager: sending alarm Alarm{423d26f0 type 1 com.metago.astro}
02-28 17:23:59.183   465   524 V AlarmManager: sending alarm Alarm{421113a8 type 1 com.metago.astro}
02-28 17:23:59.995   465   524 V AlarmManager: sending alarm Alarm{423370b0 type 3 android}
02-28 17:24:02.214   465   524 V AlarmManager: sending alarm Alarm{421fcb98 type 1 com.metago.astro}
02-28 17:24:05.237   465   524 V AlarmManager: sending alarm Alarm{41dadc68 type 1 com.metago.astro}
02-28 17:24:08.261   465   524 V AlarmManager: sending alarm Alarm{414b6d48 type 1 com.metago.astro}
02-28 17:24:11.292   465   524 V AlarmManager: sending alarm Alarm{41b7be60 type 1 com.metago.astro}
02-28 17:24:14.315   465   524 V AlarmManager: sending alarm Alarm{4191f830 type 1 com.metago.astro}
02-28 17:24:17.339   465   524 V AlarmManager: sending alarm Alarm{41ec9fc8 type 1 com.metago.astro}
02-28 17:24:20.370   465   524 V AlarmManager: sending alarm Alarm{42786f20 type 1 com.metago.astro}
02-28 17:24:23.394   465   524 V AlarmManager: sending alarm Alarm{41d21460 type 1 com.metago.astro}
