02-28 17:25:35.925   794  2630 D IMSCLIENT: TransportMsgBuilder.c:564:      0x1 TRANSPORT   : INFO  -     From: <tel:+19712351995>;tag=531136ff-498006
02-28 17:25:35.925   794  2630 D IMSCLIENT: TransportMsgBuilder.c:564:      0x1 TRANSPORT   : INFO  -     To: <tel:+19712351995>;tag=4001e8b0-1c9-13c4-45026-5311370f-71c0668-5311370f
02-28 17:25:35.925   794  2630 D IMSCLIENT: TransportMsgBuilder.c:564:      0x1 TRANSPORT   : INFO  -     Call-ID: ALU-MAS!000/1019+1-498006@WARE40MAS01
02-28 17:25:35.925   794  2630 D IMSCLIENT: TransportMsgBuilder.c:564:      0x1 TRANSPORT   : INFO  -     CSeq: 1 MESSAGE
02-28 17:25:35.925   794  2630 D IMSCLIENT: TransportMsgBuilder.c:564:      0x1 TRANSPORT   : INFO  -     Via: SIP/2.0/UDP [2001:4888:7:fe03:fa:104:0:5]:5060;branch=z9hG4bK032a39443ebefb666bbda45682ccd511;lskpmc=P45
02-28 17:25:35.925   794  2630 D IMSCLIENT: TransportMsgBuilder.c:564:      0x1 TRANSPORT   : INFO  -     Content-Length: 0
02-28 17:25:35.925   794  2630 D IMSCLIENT: TransportMsgBuilder.c:590:      0x1 TRANSPORT   : INFO  - 
02-28 17:25:35.925   794  2630 I IMSC-JNI: imsc_mgr_wakeup_alarm_callback: 0, 2158630
02-28 17:25:35.925   794  2630 I IMSC-JNI: imsc_mgr_wakeup_alarm_callback: 0, 9385
02-28 17:25:35.925   794  1033 I IMSCNative: onMgrWakeupAlarmCallback: 0, timer:2158630
02-28 17:25:35.925   794  1033 I IMSCNetwork: onStartAlarmTimer, timeOut: 2158630
02-28 17:25:35.925   794  1033 I IMSCNative: onMgrWakeupAlarmCallback: 0, timer:9385
02-28 17:25:35.925   794  1033 I IMSCNetwork: onStartAlarmTimer, timeOut: 9385
02-28 17:25:35.925   794  2630 D IMSCLIENT: TransactionControl.c:1014:      0x1 TRANSACTION : INFO  - TransactionControlGenerateAndSendResponse - Transaction 0x0x4001e8b0: Final Response was sent (rv=0)
02-28 17:25:35.925   794  2630 D IMSCLIENT: TransactionObject.c:5244:      0x1 TRANSACTION : INFO  - TransactionChangeState - Transaction 0x0x4001e8b0: state changed to Server General Final Response Sent
02-28 17:25:35.925   794  2630 I IMSCLIENT: IMS_ENG_transactionMgr.cpp:1182: HandleStateChangeEv: HandleStateChangestate state 2, reason 0
02-28 17:25:35.925   794  2630 V IMSCLIENT: IMS_SMS_Manager.cpp:1242: IMS_SMS_Manager: Sent final response message to engine.
02-28 17:25:35.956 10734 10734 V VVMReceiver: onReceive
02-28 17:25:35.956 10734 10734 D VVMReceiver: Subscription state : 3
02-28 17:25:35.956 10734 10734 V VVMReceiver: checkIfVoiceMessage
02-28 17:25:35.972  8068  8068 D SncReceiver: Received Intentandroid.provider.Telephony.SMS_RECEIVED
02-28 17:25:35.972  8068  8068 D SncReceiver: CheckForSNCMessage
02-28 17:25:35.979  8068  8068 D SncReceiver: sms.getDisplayOriginatingAddress(): 9712351995
02-28 17:25:35.979  8068  8068 D SncReceiver: matchShortCode : false
02-28 17:25:35.987 10143 10143 I System.out: -----------SMS msg does not have parameters
02-28 17:25:35.987 10143 10143 V sms     : received SMS is not '//F1' sms!
02-28 17:25:35.987 10626 10626 D something happened: great!
02-28 17:25:36.019 32437 32437 I QACallSmsReceiver: In onReceive to handle #Intent;action=android.provider.Telephony.SMS_RECEIVED;launchFlags=0x10;component=com.motorola.contextual.smartrules/com.motorola.contextual.actions.CallSmsReceiver;i.deliveredBy=3;S.format=3gpp2;end
02-28 17:25:36.042 32437 10813 I QADatabaseUtilityService: onHandleIntent called. Action is android.provider.Telephony.SMS_RECEIVED
02-28 17:25:36.050 10748 10748 D SmartCarDockMusicUtils: Cmp2 available
02-28 17:25:36.050 10748 10748 D SmartCarDockMusicUtils: Music Source is :4
02-28 17:25:36.050 10748 10748 D SmartCarDockMusicUtils: bindToMusicService
02-28 17:25:36.050 10748 10748 D SettingUtil: >>>getPreferenceSunRiseAndSunSetTime>>>>
02-28 17:25:36.050 10748 10748 D SettingUtil: >>>getPreferenceSunRiseAndSunSetTime>return value = 6.0
02-28 17:25:36.050 10748 10748 D SettingUtil: >>>getPreferenceSunRiseAndSunSetTime>>>>
02-28 17:25:36.050 10748 10748 D SettingUtil: >>>getPreferenceSunRiseAndSunSetTime>return value = 0.0
02-28 17:25:36.050 10748 10748 D SettingUtil: >>>getPreferenceSunRiseAndSunSetTime>>>>
02-28 17:25:36.050 10748 10748 D SettingUtil: >>>getPreferenceSunRiseAndSunSetTime>return value = 18.0
02-28 17:25:36.050 10748 10748 D SettingUtil: >>>getPreferenceSunRiseAndSunSetTime>>>>
02-28 17:25:36.050 10748 10748 D SettingUtil: >>>getPreferenceSunRiseAndSunSetTime>return value = 0.0
02-28 17:25:36.050 10748 10748 D SettingUtil: SmartCarDockSettingUtil constructor sunrise 6:0 sunset 18:0
02-28 17:25:36.050 10748 10748 D SettingUtil: mDayColor=-1, mNightColor=-5460820
02-28 17:25:36.050 10748 10748 V SmartCarDockCallUtil: isCallActive = false. State = IDLE
02-28 17:25:36.050 32437 32437 I QADatabaseUtilityService: IntentService onDestroy
02-28 17:25:36.050 10748 10748 D SettingUtil: whetherDisableTTS(), mExternalDisableTTS=false, disable=false
02-28 17:25:36.058 10748 10748 D SettingUtil: componentInfo is ComponentInfo{com.motorola.messaging/com.motorola.messaging.activity.ComposeMessageActivity}
02-28 17:25:36.058 10748 10748 D SmartCarDockSmsReceiver: receive SMS but not in CarDock mode or we are in Active call or we are in Navigation
02-28 17:25:36.073   704   704 D SMSDispatcher: deliveredBy = 3
02-28 17:25:36.073   704   704 D ImsSMSDispatcher: success=true; result=-1; delivered by:3
02-28 17:25:36.073   704   704 E ImsSMSDispatcher: Don't need to ack on SMS layer for SMS over IMS.
02-28 17:25:36.081 16079 10808 W SmsReceiver: finishStartingService - stop self failed
02-28 17:25:36.089 16079 16079 I SmsReceiverService: SMS-STATUS - start sms receiver service, app version=.line=MSG-STAB-02-JB.customer=verizon.device=cdma_spyder.model=DROID RAZR.modelno=.blur version=Blur_Version.98.72.165.XT912.Verizon.en.US.type=user.build=9.8.2O-72_VZW-16-5.release=4.1.2.time=11/21/13 (versionName=4.1.2-5) (versionCode=16) (log=false) (ut=false) (config=false)
02-28 17:25:36.144   704   742 D MmsSmsProvider: getThreadId: after query count=1
02-28 17:25:36.144   704   742 D MmsSmsProvider: getThreadId: before return count=1
02-28 17:25:36.370 16079 10808 D Checkin : publish the event [tag = MOT_MSG_STATS_L4 event name = SMS_RECEIVED]
02-28 17:25:36.394   578   578 D MotoSystemUIUtils: Not on network extender
02-28 17:25:36.394   465  9728 D CheckinProvider: isInsertAllowed - The Event with tag=MOT_MSG_STATS_L4 event=SMS_RECEIVED returnstrue
02-28 17:25:36.394 10284 10284 D ModemStatsService: onDataActivity
02-28 17:25:36.394 10284 10284 D ModemStatsService: direction is 3
02-28 17:25:36.394 10284 10284 D ModemStatsService: Idle_Duration=130
02-28 17:25:36.394   578   578 I SBar.NetworkController: onDataActivity: direction=3
02-28 17:25:36.394   578   578 I SBar.NetworkController: refreshSignalCluster: mobile: mHasMobileDataFeature=true DataTypeShown=zz_moto_stat_sys_data_fully_connected_4g_lte Activity=zz_moto_stat_sys_data_fully_connected_signal_inout Accessibility="4 G L T E"
02-28 17:25:36.503   704  4005 D MmsSmsProvider: getThreadId: after query count=1
02-28 17:25:36.503   704  4005 D MmsSmsProvider: getThreadId: before return count=1
02-28 17:25:36.511 16079 16079 W MessageListItem: StatusIndicator: Bind failed
02-28 17:25:36.519 16079 16079 W MessageListItem: StatusIndicator: Bind failed
02-28 17:25:36.526 16079 16079 W MessageListItem: StatusIndicator: Bind failed
02-28 17:25:36.534 16079 16079 W MessageListItem: StatusIndicator: Bind failed
02-28 17:25:37.308   465   524 V AlarmManager: sending alarm Alarm{420dd4a8 type 1 com.metago.astro}
02-28 17:25:37.394   578   578 D MotoSystemUIUtils: Not on network extender
02-28 17:25:37.394 10284 10284 D ModemStatsService: onDataActivity
02-28 17:25:37.394   578   578 I SBar.NetworkController: onDataActivity: direction=0
02-28 17:25:37.401 10284 10284 D ModemStatsService: direction is 0
02-28 17:25:37.401 10284 10284 D ModemStatsService: Active_Duration=19
02-28 17:25:37.401   578   578 I SBar.NetworkController: refreshSignalCluster: mobile: mHasMobileDataFeature=true DataTypeShown=zz_moto_stat_sys_data_fully_connected_4g_lte Activity=zz_moto_stat_sys_data_fully_connected_signal_none Accessibility="4 G L T E"
02-28 17:25:37.847 16079 10808 D Checkin : publish the event [tag = MOT_MSG_STATS_L3 event name = MSG_DELETED]
02-28 17:25:37.847   465   900 D CheckinProvider: isInsertAllowed - The Event with tag=MOT_MSG_STATS_L3 event=MSG_DELETED returnstrue
02-28 17:25:37.909   465 22914 V ApplicationInfoUtils: Calling Package Name com.motorola.messaging
02-28 17:25:37.909   465 22914 W ApplicationInfoUtils: CompareAnySignature, Signature Mismatch
02-28 17:25:37.909   465 22914 V ApplicationInfoUtils: Is Preloaded App? true
02-28 17:25:37.909   465 22914 V ApplicationInfoUtils: Metadata for Package com.motorola.messaging matches
02-28 17:25:37.909   465 22914 V ConnectivityService: enforceCheckPermissionforHiPri:Pid=16079ret=true
02-28 17:25:38.136 10748 10748 D SmartCarDockMusicUtils: Cmp2 available
02-28 17:25:38.136 10748 10748 D SmartCarDockMusicUtils: Music Source is :4
02-28 17:25:38.136 10748 10748 D SmartCarDockMusicUtils: bindToMusicService
02-28 17:25:38.136 10748 10748 D SettingUtil: >>>getPreferenceSunRiseAndSunSetTime>>>>
02-28 17:25:38.136 10748 10748 D SettingUtil: >>>getPreferenceSunRiseAndSunSetTime>return value = 6.0
02-28 17:25:38.136 10748 10748 D SettingUtil: >>>getPreferenceSunRiseAndSunSetTime>>>>
02-28 17:25:38.136 10748 10748 D SettingUtil: >>>getPreferenceSunRiseAndSunSetTime>return value = 0.0
02-28 17:25:38.136 10748 10748 D SettingUtil: >>>getPreferenceSunRiseAndSunSetTime>>>>
02-28 17:25:38.136 10748 10748 D SettingUtil: >>>getPreferenceSunRiseAndSunSetTime>return value = 18.0
02-28 17:25:38.136 10748 10748 D SettingUtil: >>>getPreferenceSunRiseAndSunSetTime>>>>
02-28 17:25:38.136 10748 10748 D SettingUtil: >>>getPreferenceSunRiseAndSunSetTime>return value = 0.0
02-28 17:25:38.136 10748 10748 D SettingUtil: SmartCarDockSettingUtil constructor sunrise 6:0 sunset 18:0
02-28 17:25:38.136 10748 10748 D SettingUtil: mDayColor=-1, mNightColor=-5460820
02-28 17:25:38.159 10748 10748 V SmartCarDockCallUtil: isCallActive = false. State = IDLE
02-28 17:25:38.159 10748 10748 D SettingUtil: whetherDisableTTS(), mExternalDisableTTS=false, disable=false
02-28 17:25:38.159 10748 10748 D SettingUtil: componentInfo is ComponentInfo{com.motorola.messaging/com.motorola.messaging.activity.ComposeMessageActivity}
02-28 17:25:38.159 10748 10748 D SmartCarDockSmsReceiver: receive SMS but not in CarDock mode or we are in Active call or we are in Navigation
02-28 17:25:38.175   578   578 D PhoneStatusBar: addNotification score=0
02-28 17:25:38.214 16079 10808 W SmsReceiver: finishStartingService - stop self failed
02-28 17:25:38.245   704  4132 D dalvikvm: WAIT_FOR_CONCURRENT_GC blocked 0ms
02-28 17:25:38.253   578   578 D SizeAdaptiveLayout: com.android.internal.widget.SizeAdaptiveLayout@418c29f0child view android.widget.FrameLayout@419388f0 measured out of bounds at 96px clamped to 97px
02-28 17:25:38.253   578   578 D SizeAdaptiveLayout: com.android.internal.widget.SizeAdaptiveLayout@418c29f0child view android.widget.FrameLayout@419388f0 measured out of bounds at 96px clamped to 97px
02-28 17:25:38.292   704  4132 D dalvikvm: GC_EXPLICIT freed 680K, 14% free 13004K/14947K, paused 3ms+9ms, total 50ms
02-28 17:25:38.448   704  1196 D MmsSmsProvider: getThreadId: after query count=1
02-28 17:25:38.448   704  1196 D MmsSmsProvider: getThreadId: before return count=1
02-28 17:25:38.698 16079 10808 D Checkin : publish the event [tag = MOT_MSG_STATS_L4 event name = SMS_RECEIVED]
02-28 17:25:38.706   465   791 D CheckinProvider: isInsertAllowed - The Event with tag=MOT_MSG_STATS_L4 event=SMS_RECEIVED returnstrue
02-28 17:25:38.761   704  4006 D MmsSmsProvider: getThreadId: after query count=1
02-28 17:25:38.761   704  4006 D MmsSmsProvider: getThreadId: before return count=1
02-28 17:25:38.769 16079 16079 W MessageListItem: StatusIndicator: Bind failed
02-28 17:25:38.776 16079 16079 W MessageListItem: StatusIndicator: Bind failed
02-28 17:25:38.776 16079 16079 W MessageListItem: StatusIndicator: Bind failed
02-28 17:25:38.784 16079 16079 W MessageListItem: StatusIndicator: Bind failed
02-28 17:25:40.315   465   524 V AlarmManager: sending alarm Alarm{41b6dac8 type 1 com.metago.astro}
02-28 17:25:40.378 16079 10808 D Checkin : publish the event [tag = MOT_MSG_STATS_L3 event name = MSG_DELETED]
02-28 17:25:40.378   465   755 D CheckinProvider: isInsertAllowed - The Event with tag=MOT_MSG_STATS_L3 event=MSG_DELETED returnstrue
02-28 17:25:40.690 10748 10748 D SmartCarDockMusicUtils: Cmp2 available
02-28 17:25:40.698   465 10172 V ApplicationInfoUtils: Calling Package Name com.motorola.messaging
02-28 17:25:40.698   465 10172 W ApplicationInfoUtils: CompareAnySignature, Signature Mismatch
02-28 17:25:40.698   465 10172 V ApplicationInfoUtils: Is Preloaded App? true
02-28 17:25:40.698   465 10172 V ApplicationInfoUtils: Metadata for Package com.motorola.messaging matches
02-28 17:25:40.698 10748 10748 D SmartCarDockMusicUtils: Music Source is :4
02-28 17:25:40.698 10748 10748 D SmartCarDockMusicUtils: bindToMusicService
02-28 17:25:40.698 10748 10748 D SettingUtil: >>>getPreferenceSunRiseAndSunSetTime>>>>
02-28 17:25:40.698   465 10172 V ConnectivityService: enforceCheckPermissionforHiPri:Pid=16079ret=true
02-28 17:25:40.706 10748 10748 D SettingUtil: >>>getPreferenceSunRiseAndSunSetTime>return value = 6.0
02-28 17:25:40.706 10748 10748 D SettingUtil: >>>getPreferenceSunRiseAndSunSetTime>>>>
02-28 17:25:40.706 10748 10748 D SettingUtil: >>>getPreferenceSunRiseAndSunSetTime>return value = 0.0
02-28 17:25:40.706 10748 10748 D SettingUtil: >>>getPreferenceSunRiseAndSunSetTime>>>>
02-28 17:25:40.706 10748 10748 D SettingUtil: >>>getPreferenceSunRiseAndSunSetTime>return value = 18.0
02-28 17:25:40.706 10748 10748 D SettingUtil: >>>getPreferenceSunRiseAndSunSetTime>>>>
02-28 17:25:40.706 10748 10748 D SettingUtil: >>>getPreferenceSunRiseAndSunSetTime>return value = 0.0
02-28 17:25:40.706 10748 10748 D SettingUtil: SmartCarDockSettingUtil constructor sunrise 6:0 sunset 18:0
02-28 17:25:40.706 10748 10748 D SettingUtil: mDayColor=-1, mNightColor=-5460820
02-28 17:25:40.706 10748 10748 V SmartCarDockCallUtil: isCallActive = false. State = IDLE
02-28 17:25:40.706 10748 10748 D SettingUtil: whetherDisableTTS(), mExternalDisableTTS=false, disable=false
02-28 17:25:40.714 10748 10748 D SettingUtil: componentInfo is ComponentInfo{com.motorola.messaging/com.motorola.messaging.activity.ComposeMessageActivity}
02-28 17:25:40.714 10748 10748 D SmartCarDockSmsReceiver: receive SMS but not in CarDock mode or we are in Active call or we are in Navigation
02-28 17:25:40.847   578   578 D PhoneStatusBar: addNotification score=0
02-28 17:25:43.370   465   524 V AlarmManager: sending alarm Alarm{41a4e4b8 type 1 com.metago.astro}
02-28 17:25:43.550   465   522 D SensorManager: caller of unregisterListener:465,sensor type: ALL
02-28 17:25:43.558   465   526 V LockPatternKeyguardView: Set visibility on com.android.internal.policy.impl.LockPatternKeyguardView$5@41d418a0 to 8388608
02-28 17:25:43.573   223   449 D SurfaceFlinger: About to give-up screen, flinger = 0x41c11af8
02-28 17:25:43.573   223   446 D HWC_HDMI_MOT: Display Inactive
02-28 17:25:43.573   223   446 D HWC_HDMI_MOT: handle_hdmi_pwrctrl (0/0/0/0)
02-28 17:25:43.573   223   446 D HDMI    : HDMI_SetDisplay (0)
02-28 17:25:43.573   223   446 D HDMI    : HDMI_SetDisplay: Already Off
02-28 17:25:43.573   223   446 D HDMI    : HDMI_SetDetection (0)
02-28 17:25:43.573   223   446 D HDMI_OMAP: hdmiOmap_SetPwrState: On -> Off
02-28 17:25:43.573   223   446 D HDMI_OMAP: hdmiOmap_disableEvents
02-28 17:25:43.573   223 10494 D HDMI_OMAP: hdmiOmap_eventLoop: Exiting
02-28 17:25:43.573   223   446 D HDMI_HW : hdmiHw_setHpdEnable (0)
02-28 17:25:43.573   223   446 D HDMI_HW : Setting HDMI PwrCtrl State (1)
02-28 17:25:43.604   465   526 V TransportControlView: Create TCV com.android.internal.widget.TransportControlView@414bfb40
02-28 17:25:43.644 10284 10284 D ModemStatsService: receive intent android.intent.action.SCREEN_OFF
02-28 17:25:43.644 10284 10284 D ModemStatsService: handleDisplayOn, display on = false
02-28 17:25:43.675 16079 16079 W IInputConnectionWrapper: clearMetaKeyStates on inactive InputConnection
02-28 17:25:43.683   465   526 I ActivityManager: Start proc com.google.android.gsf.login for service com.google.android.gsf.login/com.google.android.gsf.loginservice.GoogleLoginService: pid=10824 uid=10019 gids={3003, 1015, 1028, 2001, 1007, 3006, 3002, 3001, 1006}
02-28 17:25:43.706   465   526 V KeyguardViewManager: KGVM: Set visibility on com.android.internal.policy.impl.KeyguardViewManager$KeyguardViewHost@42045600 to 6291456
02-28 17:25:43.706   578   578 D PhoneStatusBar: disable: < expand icons alerts ticker system_info back home RECENT* clock >
02-28 17:25:43.714   756   756 D PortalService: Portal onReceive: 
02-28 17:25:43.714   756   855 I PortalService: onHandleIntent() action android.intent.action.CLOSE_SYSTEM_DIALOGS
02-28 17:25:43.729   465   526 D android.widget.GridLayout: vertical constraints: y5-y0>=922, y5-y4<=0, y4-y3<=29, y3-y2<=2, y2-y1<=29, y1-y0<=134 are inconsistent; permanently removing: y5-y4<=0. 
02-28 17:25:43.753 10824 10824 E Trace   : error opening trace file: No such file or directory (2)
02-28 17:25:43.761   227   227 E AudioHardwareMot: Error:Unsupported key = screen_state=off
02-28 17:25:43.776   756   756 D PortalService: Portal onReceive: 
02-28 17:25:43.776   756   855 I PortalService: onHandleIntent() action android.intent.action.SCREEN_OFF
02-28 17:25:43.776   756   855 D PortalService: Android Display Off
02-28 17:25:43.815   704   704 D SensorManager: caller of unregisterListener:704,sensor type: ALL
02-28 17:25:43.886   465   526 V LockPatternKeyguardView: Set visibility on com.android.internal.policy.impl.LockPatternKeyguardView$5@41d418a0 to 8388608
02-28 17:25:43.894   465   807 D dalvikvm: WAIT_FOR_CONCURRENT_GC blocked 0ms
02-28 17:25:43.901   578   578 D PhoneStatusBar: disable: < expand icons alerts ticker system_info BACK* HOME* RECENT CLOCK* >
02-28 17:25:43.964   465   526 V LockPatternKeyguardView: Set visibility on com.android.internal.policy.impl.LockPatternKeyguardView$5@41d418a0 to 8388608
02-28 17:25:44.167   465   807 D dalvikvm: GC_EXPLICIT freed 1399K, 24% free 25806K/33635K, paused 9ms+18ms, total 274ms
02-28 17:25:44.323   465   805 I ActivityManager: No longer want com.google.android.partnersetup (pid 10496): hidden #21
02-28 17:25:44.761   856   860 D dalvikvm: GC_CONCURRENT freed 1791K, 27% free 8507K/11619K, paused 13ms+4ms, total 46ms
02-28 17:25:45.315   794  2630 I IMSC-JNI: imsc_mgr_wakeup_alarm_callback: 0, 2149242
02-28 17:25:45.315   794  2630 D IMSCLIENT: TransactionObject.c:901:      0x1 TRANSACTION : INFO  - TransactionTerminate - Transaction 0x0x4001d530: Inserting Transaction to the event queue
02-28 17:25:45.315   794  2630 I IMSC-JNI: imsc_mgr_wakeup_alarm_callback: 0, 2611
02-28 17:25:45.315   794  2630 D IMSCLIENT: TransactionObject.c:5244:      0x1 TRANSACTION : INFO  - TransactionChangeState - Transaction 0x0x4001d530: state changed to Terminated
02-28 17:25:45.315   794  2630 I IMSCLIENT: IMS_ENG_transactionMgr.cpp:1182: HandleStateChangeEv: HandleStateChangestate state 11, reason 3
02-28 17:25:45.315   794  2630 I IMSCLIENT: IMS_ENG_transactionMgr.cpp:1261: HandleStateChangeEv: StatedChanged to TERMINATED.  Removing token 0x51936724
02-28 17:25:45.315   794  2630 I IMSCLIENT: IMS_ENG_transactionMgr.cpp:1993: IMS_ENG_transactionMgr: Removing token at address: 51936724
02-28 17:25:45.315   794  2630 W IMSCLIENT: IMS_OSservice.cpp:373: Critical Region ID (0) has not created.
02-28 17:25:45.315   794  2630 D IMSCLIENT: RvSipTransaction.c:1503:      0x1 TRANSACTION : INFO  - RvSipTransactionTerminate - Transaction 0x0x4001d530: terminating transaction
02-28 17:25:45.315   794  2630 W IMSCLIENT: IMS_OSservice.cpp:418: Critical Region ID (0) has not created.
02-28 17:25:45.315   794  2630 D IMSCLIENT: TransactionObject.c:1013:      0x1 TRANSACTION : INFO  - TransactionDestruct - Transaction 0x0x4001d530: was destructed
02-28 17:25:45.315   794  1033 I IMSCNative: onMgrWakeupAlarmCallback: 0, timer:2149242
02-28 17:25:45.315   794  1033 I IMSCNetwork: onStartAlarmTimer, timeOut: 2149242
02-28 17:25:45.315   794  1033 I IMSCNative: onMgrWakeupAlarmCallback: 0, timer:2611
02-28 17:25:45.315   794   794 I IMSCServer: Receive intent: Intent { act=com.motorola.ims.action.nativetimer flg=0x14 (has extras) } Action: com.motorola.ims.action.nativetimer
02-28 17:25:45.315   794  1033 I IMSCNetwork: onStartAlarmTimer, timeOut: 2611
02-28 17:25:45.315   794   794 I IMSCNetwork: onNativeTimer
02-28 17:25:45.315   794   794 I IMSC-JNI: imsc_native_mgr_alarmTimeout
02-28 17:25:45.315   794   794 V IMSCLIENT: IMS_Client_API.cpp:837: IMSC_MGR_AlarmTimeout: Called 
02-28 17:25:45.315   794   794 V IMSCLIENT: IMS_ClientMgr.cpp:2726: AlarmTimeout: called
02-28 17:25:45.315   794  2630 V IMSCLIENT: IMS_ClientMgr.cpp:2763: InternalAlarmTimeout: called
02-28 17:25:45.315   465   524 V AlarmManager: sending alarm Alarm{41b3aca8 type 0 com.motorola.android.server.ims}
02-28 17:25:46.401   465   524 V AlarmManager: sending alarm Alarm{41d69650 type 1 com.metago.astro}
02-28 17:25:47.933   794  2630 I IMSC-JNI: imsc_mgr_wakeup_alarm_callback: 0, 2146629
02-28 17:25:47.933   794  2630 D IMSCLIENT: TransactionObject.c:901:      0x1 TRANSACTION : INFO  - TransactionTerminate - Transaction 0x0x4001e8b0: Inserting Transaction to the event queue
02-28 17:25:47.933   794  2630 I IMSC-JNI: imsc_mgr_wakeup_alarm_callback: 0, 2116073
02-28 17:25:47.933   794  2630 D IMSCLIENT: TransactionObject.c:5244:      0x1 TRANSACTION : INFO  - TransactionChangeState - Transaction 0x0x4001e8b0: state changed to Terminated
02-28 17:25:47.933   794  2630 I IMSCLIENT: IMS_ENG_transactionMgr.cpp:1182: HandleStateChangeEv: HandleStateChangestate state 11, reason 3
02-28 17:25:47.933   794  2630 I IMSCLIENT: IMS_ENG_transactionMgr.cpp:1261: HandleStateChangeEv: StatedChanged to TERMINATED.  Removing token 0x48ed990c
02-28 17:25:47.933   794  2630 I IMSCLIENT: IMS_ENG_transactionMgr.cpp:1993: IMS_ENG_transactionMgr: Removing token at address: 48ed990c
02-28 17:25:47.933   794  2630 W IMSCLIENT: IMS_OSservice.cpp:373: Critical Region ID (0) has not created.
02-28 17:25:47.933   794  2630 D IMSCLIENT: RvSipTransaction.c:1503:      0x1 TRANSACTION : INFO  - RvSipTransactionTerminate - Transaction 0x0x4001e8b0: terminating transaction
02-28 17:25:47.933   794  2630 W IMSCLIENT: IMS_OSservice.cpp:418: Critical Region ID (0) has not created.
02-28 17:25:47.933   794  2630 D IMSCLIENT: TransactionObject.c:1013:      0x1 TRANSACTION : INFO  - TransactionDestruct - Transaction 0x0x4001e8b0: was destructed
02-28 17:25:47.933   794  1033 I IMSCNative: onMgrWakeupAlarmCallback: 0, timer:2146629
02-28 17:25:47.933   794  1033 I IMSCNetwork: onStartAlarmTimer, timeOut: 2146629
02-28 17:25:47.933   465   524 V AlarmManager: sending alarm Alarm{4194d500 type 0 com.motorola.android.server.ims}
02-28 17:25:47.933   794   794 I IMSCServer: Receive intent: Intent { act=com.motorola.ims.action.nativetimer flg=0x14 (has extras) } Action: com.motorola.ims.action.nativetimer
02-28 17:25:47.933   794   794 I IMSCNetwork: onNativeTimer
02-28 17:25:47.940   794  1033 I IMSCNative: onMgrWakeupAlarmCallback: 0, timer:2116073
02-28 17:25:47.940   794  1033 I IMSCNetwork: onStartAlarmTimer, timeOut: 2116073
02-28 17:25:47.940   794   794 I IMSC-JNI: imsc_native_mgr_alarmTimeout
02-28 17:25:47.940   794   794 V IMSCLIENT: IMS_Client_API.cpp:837: IMSC_MGR_AlarmTimeout: Called 
02-28 17:25:47.940   794   794 V IMSCLIENT: IMS_ClientMgr.cpp:2726: AlarmTimeout: called
02-28 17:25:47.948   794  2630 V IMSCLIENT: IMS_ClientMgr.cpp:2763: InternalAlarmTimeout: called
02-28 17:25:49.433   465   524 V AlarmManager: sending alarm Alarm{4146c018 type 1 com.metago.astro}
02-28 17:25:52.456   465   524 V AlarmManager: sending alarm Alarm{4152cff0 type 1 com.metago.astro}
02-28 17:25:55.479   465   524 V AlarmManager: sending alarm Alarm{41d4e648 type 1 com.metago.astro}
02-28 17:25:58.503   465   524 V AlarmManager: sending alarm Alarm{421f0b90 type 1 com.metago.astro}
02-28 17:25:58.519   465   748 I ActivityManager: No longer want com.motorola.smartmode (pid 9309): hidden #21
02-28 17:25:59.995   465   524 V AlarmManager: sending alarm Alarm{41692640 type 3 android}
02-28 17:26:00.097   578   578 D SizeAdaptiveLayout: com.android.internal.widget.SizeAdaptiveLayout@4156cb50child view android.widget.FrameLayout@414af1e8 measured out of bounds at 95px clamped to 96px
02-28 17:26:01.534   465   524 V AlarmManager: sending alarm Alarm{41dbbaa0 type 1 com.metago.astro}
02-28 17:26:04.558   465   524 V AlarmManager: sending alarm Alarm{41b11b20 type 1 com.metago.astro}
02-28 17:26:07.589   465   524 V AlarmManager: sending alarm Alarm{4176b338 type 1 com.metago.astro}
02-28 17:26:10.612   465   524 V AlarmManager: sending alarm Alarm{41bc2730 type 1 com.metago.astro}
02-28 17:26:13.636   465   524 V AlarmManager: sending alarm Alarm{41c117f8 type 1 com.metago.astro}
02-28 17:26:13.909   465   524 V AlarmManager: sending alarm Alarm{421ae1b0 type 2 com.google.android.gsf}
02-28 17:26:16.667   465   524 V AlarmManager: sending alarm Alarm{41d71df8 type 1 com.metago.astro}
02-28 17:26:19.690   465   524 V AlarmManager: sending alarm Alarm{414b6c30 type 1 com.metago.astro}
02-28 17:26:22.714   465   524 V AlarmManager: sending alarm Alarm{41e12be8 type 1 com.metago.astro}
02-28 17:26:25.737   465   524 V AlarmManager: sending alarm Alarm{415c24b8 type 1 com.metago.astro}
02-28 17:26:28.761   465   524 V AlarmManager: sending alarm Alarm{41691548 type 1 com.metago.astro}
02-28 17:26:30.745   704   704 D MdmMoveNotice: onEndMovement! - LTE
02-28 17:26:30.745   704   704 I MdmMoveNotice: sending data to oem ril
02-28 17:26:30.870   704   704 I MdmMoveNotice: handling message...
02-28 17:26:31.792   465   524 V AlarmManager: sending alarm Alarm{416ed780 type 1 com.metago.astro}
02-28 17:26:34.815   465   524 V AlarmManager: sending alarm Alarm{4219d348 type 1 com.metago.astro}
02-28 17:26:37.839   465   524 V AlarmManager: sending alarm Alarm{4219c120 type 1 com.metago.astro}
02-28 17:26:40.862   465   524 V AlarmManager: sending alarm Alarm{416bea50 type 1 com.metago.astro}
02-28 17:26:43.893   465   524 V AlarmManager: sending alarm Alarm{41c32570 type 1 com.metago.astro}
02-28 17:26:46.909   465   524 V AlarmManager: sending alarm Alarm{41e3f7d8 type 1 com.metago.astro}
02-28 17:26:46.925   465 22914 I ActivityManager: No longer want com.google.android.music:main (pid 7669): hidden #21
02-28 17:26:46.948   465   755 W ActivityManager: Canceling start item Intent { act=com.google.android.music.download.keepon.KeeponSchedulingService.START_DOWNLOAD cmp=com.google.android.music/.download.keepon.KeeponSchedulingService } in service ComponentInfo{com.google.android.music/com.google.android.music.download.keepon.KeeponSchedulingService}
02-28 17:26:46.948   465   755 W ActivityManager: Scheduling restart of crashed service com.google.android.music/.download.keepon.KeeponSchedulingService in 3606064ms
02-28 17:26:49.940   465   524 V AlarmManager: sending alarm Alarm{41836268 type 1 com.metago.astro}
02-28 17:26:52.972   465   524 V AlarmManager: sending alarm Alarm{41cbfba8 type 1 com.metago.astro}
02-28 17:26:55.995   465   524 V AlarmManager: sending alarm Alarm{42101580 type 1 com.metago.astro}
02-28 17:26:59.019   465   524 V AlarmManager: sending alarm Alarm{422a7638 type 1 com.metago.astro}
02-28 17:26:59.995   465   524 V AlarmManager: sending alarm Alarm{41c5c4a0 type 3 android}
02-28 17:27:00.058   578   578 D SizeAdaptiveLayout: com.android.internal.widget.SizeAdaptiveLayout@4156cb50child view android.widget.FrameLayout@414af1e8 measured out of bounds at 95px clamped to 96px
02-28 17:27:02.042   465   524 V AlarmManager: sending alarm Alarm{423abc48 type 1 com.metago.astro}
02-28 17:27:05.065   465   524 V AlarmManager: sending alarm Alarm{41db8770 type 1 com.metago.astro}
02-28 17:27:08.097   465   524 V AlarmManager: sending alarm Alarm{4187ac50 type 1 com.metago.astro}
02-28 17:27:11.120   465   524 V AlarmManager: sending alarm Alarm{42237b10 type 1 com.metago.astro}
02-28 17:27:14.151   465   524 V AlarmManager: sending alarm Alarm{4196c788 type 1 com.metago.astro}
02-28 17:27:17.167   465   524 V AlarmManager: sending alarm Alarm{41b89418 type 1 com.metago.astro}
02-28 17:27:20.190   465   524 V AlarmManager: sending alarm Alarm{41bb9d00 type 1 com.metago.astro}
02-28 17:27:23.222   465   524 V AlarmManager: sending alarm Alarm{4218b278 type 1 com.metago.astro}
02-28 17:27:26.253   465   524 V AlarmManager: sending alarm Alarm{41832918 type 1 com.metago.astro}
02-28 17:27:29.276   465   524 V AlarmManager: sending alarm Alarm{41803ab8 type 1 com.metago.astro}
02-28 17:27:32.300   465   524 V AlarmManager: sending alarm Alarm{41b37688 type 1 com.metago.astro}
02-28 17:27:35.323   465   524 V AlarmManager: sending alarm Alarm{415fdf20 type 1 com.metago.astro}
02-28 17:27:38.354   465   524 V AlarmManager: sending alarm Alarm{41487510 type 1 com.metago.astro}
02-28 17:27:38.409 28104 28106 D dalvikvm: GC_CONCURRENT freed 1842K, 21% free 8867K/11171K, paused 3ms+3ms, total 42ms
02-28 17:27:41.378   465   524 V AlarmManager: sending alarm Alarm{41eb7e58 type 1 com.metago.astro}
02-28 17:27:44.409   465   524 V AlarmManager: sending alarm Alarm{41af9620 type 1 com.metago.astro}
02-28 17:27:47.433   465   524 V AlarmManager: sending alarm Alarm{41de8dd8 type 1 com.metago.astro}
02-28 17:27:50.456   465   524 V AlarmManager: sending alarm Alarm{421db9f0 type 1 com.metago.astro}
02-28 17:27:53.487   465   524 V AlarmManager: sending alarm Alarm{41c3f978 type 1 com.metago.astro}
02-28 17:27:56.511   465   524 V AlarmManager: sending alarm Alarm{423c9660 type 1 com.metago.astro}
02-28 17:27:59.534   465   524 V AlarmManager: sending alarm Alarm{42296cb8 type 1 com.metago.astro}
02-28 17:27:59.995   465   524 V AlarmManager: sending alarm Alarm{41de40d8 type 3 android}
02-28 17:28:00.081   578   578 D SizeAdaptiveLayout: com.android.internal.widget.SizeAdaptiveLayout@4156cb50child view android.widget.FrameLayout@414af1e8 measured out of bounds at 95px clamped to 96px
02-28 17:28:02.558   465   524 V AlarmManager: sending alarm Alarm{42169798 type 1 com.metago.astro}
02-28 17:28:05.581   465   524 V AlarmManager: sending alarm Alarm{422bf320 type 1 com.metago.astro}
02-28 17:28:08.604   465   524 V AlarmManager: sending alarm Alarm{41b85cf0 type 1 com.metago.astro}
02-28 17:28:11.636   465   524 V AlarmManager: sending alarm Alarm{417bd858 type 1 com.metago.astro}
02-28 17:28:14.659   465   524 V AlarmManager: sending alarm Alarm{4212eed0 type 1 com.metago.astro}
02-28 17:28:16.042 10891 10891 D AndroidRuntime: 
02-28 17:28:16.042 10891 10891 D AndroidRuntime: >>>>>> AndroidRuntime START com.android.internal.os.RuntimeInit <<<<<<
02-28 17:28:16.042 10891 10891 D AndroidRuntime: CheckJNI is OFF
02-28 17:28:16.058 10891 10891 D dalvikvm: Trying to load lib libjavacore.so 0x0
02-28 17:28:16.058 10891 10891 D dalvikvm: Added shared lib libjavacore.so 0x0
02-28 17:28:16.073 10891 10891 D dalvikvm: Trying to load lib libnativehelper.so 0x0
02-28 17:28:16.073 10891 10891 D dalvikvm: Added shared lib libnativehelper.so 0x0
02-28 17:28:16.487 10891 10891 D AndroidRuntime: Calling main entry com.android.commands.pm.Pm
02-28 17:28:16.519   465   484 W ActivityManager: No content provider found for permission revoke: file:///data/local/tmp/SMSRPG-debug.apk
02-28 17:28:16.526   465   484 W ActivityManager: No content provider found for permission revoke: file:///data/local/tmp/SMSRPG-debug.apk
02-28 17:28:16.526   465   484 W PackageParser: Unknown element under <manifest>: receiver at /data/app/vmdl-1939022818.tmp Binary XML file line #9
02-28 17:28:16.526   465   484 I PackageParser: com.me.smsrpg: compat added android.permission.WRITE_EXTERNAL_STORAGE android.permission.READ_PHONE_STATE
02-28 17:28:16.550   465   484 I PackageManager: Removing non-system package:com.me.smsrpg
02-28 17:28:16.550   465   480 I ActivityManager: Force stopping package com.me.smsrpg uid=10240
02-28 17:28:16.550   465   480 I ActivityManager: Killing proc 10626:com.me.smsrpg/u0a240: force stop
02-28 17:28:16.550   465   480 I ActivityManager:   Force finishing activity ActivityRecord{419f5c10 com.me.smsrpg/.SMSRPG}
02-28 17:28:16.565   465   805 I WindowState: WIN DEATH: Window{414778f0 com.me.smsrpg/com.me.smsrpg.SMSRPG paused=true}
02-28 17:28:17.159   465   484 I PackageManager: Running dexopt on: com.me.smsrpg
02-28 17:28:17.159   465   484 I PackageManager: Package com.me.smsrpg codePath changed from /data/app/com.me.smsrpg-1.apk to /data/app/com.me.smsrpg-2.apk; Retaining data and using new
02-28 17:28:17.237 10902 10902 D dalvikvm: DexOpt: load 11ms, verify+opt 30ms, 234956 bytes
02-28 17:28:17.347   465   484 W PackageManager: Code path for pkg : com.me.smsrpg changing from /data/app/com.me.smsrpg-1.apk to /data/app/com.me.smsrpg-2.apk
02-28 17:28:17.347   465   480 I ActivityManager: Force stopping package com.me.smsrpg uid=10240
02-28 17:28:17.347   465   484 W PackageManager: Resource path for pkg : com.me.smsrpg changing from /data/app/com.me.smsrpg-1.apk to /data/app/com.me.smsrpg-2.apk
02-28 17:28:17.683   465   524 V AlarmManager: sending alarm Alarm{41902590 type 1 com.metago.astro}
02-28 17:28:17.854   465   484 D PackageManager: New package installed in /data/app/com.me.smsrpg-2.apk
02-28 17:28:18.354   465   484 I ActivityManager: Force stopping package com.me.smsrpg uid=10240
02-28 17:28:18.362   578   578 D dalvikvm: WAIT_FOR_CONCURRENT_GC blocked 0ms
02-28 17:28:18.362   856   856 D dalvikvm: WAIT_FOR_CONCURRENT_GC blocked 0ms
02-28 17:28:18.401   856   856 D dalvikvm: GC_EXPLICIT freed 73K, 28% free 8461K/11619K, paused 3ms+4ms, total 40ms
02-28 17:28:18.401  3273  3273 D dalvikvm: WAIT_FOR_CONCURRENT_GC blocked 0ms
02-28 17:28:18.409   808   808 D dalvikvm: WAIT_FOR_CONCURRENT_GC blocked 0ms
02-28 17:28:18.472   578   578 D dalvikvm: GC_EXPLICIT freed 1617K, 43% free 10297K/17891K, paused 4ms+27ms, total 110ms
02-28 17:28:18.487   465   478 D dalvikvm: WAIT_FOR_CONCURRENT_GC blocked 0ms
02-28 17:28:18.511   465   530 I InputManager-JNI: Setting pointerVelocityControlParameters.acceleration 3.000000 2.
02-28 17:28:18.511   465   530 I InputReader: Reconfiguring input devices.  changes=0x00000010
02-28 17:28:18.519   778   903 D AccountTypeManager: Registering external account type=com.facebook.auth.login, packageName=com.facebook.katana
02-28 17:28:18.526  3273  3273 D dalvikvm: GC_EXPLICIT freed 1251K, 16% free 9042K/10659K, paused 2ms+6ms, total 118ms
02-28 17:28:18.542   778   903 W ResourceType: getEntry failing because entryIndex 827 is beyond type entryCount 296
02-28 17:28:18.542   778   903 W ResourceType: Failure getting entry for 0x7f02033b (t=1 e=827) in package 0 (error -2147483647)
02-28 17:28:18.542   778   903 D AccountTypeManager: Registering external account type=com.motorola.android.buacontactadapter, packageName=com.motorola.android.buacontactadapter
02-28 17:28:18.550   778   903 D AccountTypeManager: Registering external account type=com.motorola.contacts.preloaded, packageName=com.motorola.contacts.preloadcontacts
02-28 17:28:18.550   778   903 D AccountTypeManager: find card account type,com.android.contacts
02-28 17:28:18.550   778   903 D AccountTypeManager: Registering 1 extension packages
02-28 17:28:18.558   778   903 E ExternalAccountType: Unsupported attribute readOnly
02-28 17:28:18.565   778   903 D AccountTypeManager: Registering extension package account type=com.google, dataSet=plus, packageName=com.google.android.apps.plus
02-28 17:28:18.565   778   903 I AccountTypeManager: Loaded meta-data for 7 account types, 4 accounts in 54ms(wall) 29ms(cpu)
02-28 17:28:18.636   465   805 I ActivityManager: Start proc com.motorola.MotGallery2 for broadcast com.motorola.MotGallery2/com.android.gallery3d.app.PackagesMonitor: pid=10904 uid=10309 gids={1006, 3003, 1015, 9003, 9007, 9008, 3002, 3001, 1028}
02-28 17:28:18.698   778   903 D AccountTypeManager: Registering external account type=com.facebook.auth.login, packageName=com.facebook.katana
02-28 17:28:18.839   465   530 I InputManager-JNI: Setting pointerVelocityControlParameters.acceleration 3.000000 2.
02-28 17:28:18.839   465   530 I InputReader: Reconfiguring input devices.  changes=0x00000010
02-28 17:28:18.878   808   808 D dalvikvm: GC_EXPLICIT freed 2211K, 28% free 19193K/26531K, paused 4ms+324ms, total 468ms
02-28 17:28:18.878   808   808 D Launcher.Model: onReceive intent=Intent { act=android.intent.action.PACKAGE_REMOVED dat=package:com.me.smsrpg flg=0x8000010 (has extras) }
02-28 17:28:18.878   808   808 D Launcher.Model: onReceive intent=Intent { act=android.intent.action.PACKAGE_ADDED dat=package:com.me.smsrpg flg=0x8000010 (has extras) }
02-28 17:28:18.886   778   903 W ResourceType: getEntry failing because entryIndex 827 is beyond type entryCount 296
02-28 17:28:18.886   778   903 W ResourceType: Failure getting entry for 0x7f02033b (t=1 e=827) in package 0 (error -2147483647)
02-28 17:28:18.886   778   903 D AccountTypeManager: Registering external account type=com.motorola.android.buacontactadapter, packageName=com.motorola.android.buacontactadapter
02-28 17:28:18.886   808   875 D Launcher.Model: mAllAppsList.updatePackage com.me.smsrpg
02-28 17:28:18.894   465   478 D dalvikvm: GC_EXPLICIT freed 3529K, 23% free 26072K/33635K, paused 60ms+39ms, total 407ms
02-28 17:28:18.925   778   903 D AccountTypeManager: Registering external account type=com.motorola.contacts.preloaded, packageName=com.motorola.contacts.preloadcontacts
02-28 17:28:18.933   778   903 D AccountTypeManager: find card account type,com.android.contacts
02-28 17:28:18.933   778   903 D AccountTypeManager: Registering 1 extension packages
02-28 17:28:18.940   778   903 E ExternalAccountType: Unsupported attribute readOnly
02-28 17:28:18.948   465   478 D PackageManager: generateServicesMap(android.accounts.AccountAuthenticator): 12 services unchanged
02-28 17:28:18.956 10904 10904 E Trace   : error opening trace file: No such file or directory (2)
02-28 17:28:18.964   465   520 W InputMethodManagerService: Skipping input method ComponentInfo{com.motorola.inputmethod.latin/com.motorola.inputmethod.latin.LatinIMEBell}: it does not require the permission android.permission.BIND_INPUT_METHOD
02-28 17:28:18.964   465   520 W InputMethodManagerService: Skipping input method ComponentInfo{com.motorola.inputmethod.latin/com.motorola.inputmethod.latin.LatinIMEQwerty}: it does not require the permission android.permission.BIND_INPUT_METHOD
02-28 17:28:18.964   465   520 W InputMethodManagerService: Skipping input method ComponentInfo{com.motorola.inputmethod.motosmarthandwriting/com.motorola.inputmethod.motosmarthandwriting.MotoSmartHandWritingService}: it does not require the permission android.permission.BIND_INPUT_METHOD
02-28 17:28:18.964   465   520 W InputMethodManagerService: Skipping input method ComponentInfo{com.motorola.inputmethod.gpinyin/com.motorola.inputmethod.gpinyin.PinyinIMEQwerty}: it does not require the permission android.permission.BIND_INPUT_METHOD
02-28 17:28:18.964   465   520 W InputMethodManagerService: Skipping input method ComponentInfo{com.motorola.inputmethod.gpinyin/com.motorola.inputmethod.gpinyin.PinyinIMEB}: it does not require the permission android.permission.BIND_INPUT_METHOD
02-28 17:28:18.964   465   520 W InputMethodManagerService: Skipping input method ComponentInfo{com.motorola.inputmethod.stroke/com.motorola.inputmethod.stroke.StrokeIME}: it does not require the permission android.permission.BIND_INPUT_METHOD
02-28 17:28:18.979   778   903 D AccountTypeManager: Registering extension package account type=com.google, dataSet=plus, packageName=com.google.android.apps.plus
02-28 17:28:18.995   778   903 I AccountTypeManager: Loaded meta-data for 7 account types, 4 accounts in 299ms(wall) 32ms(cpu)
02-28 17:28:19.026 10904 10904 I ActivityThread: Pub com.motorola.gallery3d.provider: com.android.gallery3d.provider.GalleryProvider
02-28 17:28:19.034   465   478 D PackageManager: generateServicesMap(android.content.SyncAdapter): 32 services unchanged
02-28 17:28:19.034   465   478 D BackupManagerService: Received broadcast Intent { act=android.intent.action.PACKAGE_REMOVED dat=package:com.me.smsrpg flg=0x8000010 (has extras) }
02-28 17:28:19.042   465   478 D PackageManager: generateServicesMap(android.accounts.AccountAuthenticator): 12 services unchanged
02-28 17:28:19.058 10904 10904 D DLNAApplication: initDlna 
02-28 17:28:19.058   465   484 D dalvikvm: WAIT_FOR_CONCURRENT_GC blocked 0ms
02-28 17:28:19.128   465   478 D PackageManager: generateServicesMap(android.content.SyncAdapter): 32 services unchanged
02-28 17:28:19.128   465   478 D BackupManagerService: Received broadcast Intent { act=android.intent.action.PACKAGE_ADDED dat=package:com.me.smsrpg flg=0x8000010 (has extras) }
02-28 17:28:19.128   465   478 V BackupManagerService: removePackageParticipantsLocked: uid=10240 #1
02-28 17:28:19.190 10904 10916 E MediaPlayer: Uri is  content://settings/system/notification_sound
02-28 17:28:19.214   227   462 D AudioHardwareMot: Output latency, using cached value = 99
02-28 17:28:19.237   465   478 V BackupManagerService: addPackageParticipantsLocked: #1
02-28 17:28:19.245   465   575 D MotDevicePolicyManagerService: Package com.me.smsrpg, package state=0, action=android.intent.action.PACKAGE_ADDED
02-28 17:28:19.245   465   575 D MotDevicePolicyManagerService: getAllAppBlackLists - no app blacklist set for all administrators
02-28 17:28:19.245   465   575 D MotDevicePolicyManagerService: App WhiteList is disabled by all admins.
02-28 17:28:19.245   465   575 D MotDevicePolicyManagerService: isPolicyAllowed - policy=AllowBrowserStrategy allowed by all admin.
02-28 17:28:19.245   465   575 D MotDevicePolicyManagerService: isPolicyAllowed - policy=AllowConsumerEmailStrategy allowed by all admin.
02-28 17:28:19.245   465   575 D MotDevicePolicyManagerService: isPolicyAllowed - policy=AllowTextMessagingStrategy allowed by all admin.
02-28 17:28:19.245   465   575 D MotDevicePolicyManagerService: Package com.me.smsrpg does NOT conflict with any policy.
02-28 17:28:19.245   465   520 W InputMethodManagerService: Found no subtypes in a system IME: com.motorola.inputmethod.entry
02-28 17:28:19.253   465   992 D MotDevicePolicyManagerService: Package com.me.smsrpg, package state=0, action=android.intent.action.PACKAGE_REPLACED
02-28 17:28:19.253   465   992 D MotDevicePolicyManagerService: getAllAppBlackLists - no app blacklist set for all administrators
02-28 17:28:19.253   465   992 D MotDevicePolicyManagerService: App WhiteList is disabled by all admins.
02-28 17:28:19.253   465   992 D MotDevicePolicyManagerService: isPolicyAllowed - policy=AllowBrowserStrategy allowed by all admin.
02-28 17:28:19.253   465   992 D MotDevicePolicyManagerService: isPolicyAllowed - policy=AllowConsumerEmailStrategy allowed by all admin.
02-28 17:28:19.253   465   992 D MotDevicePolicyManagerService: isPolicyAllowed - policy=AllowTextMessagingStrategy allowed by all admin.
02-28 17:28:19.253   465   992 D MotDevicePolicyManagerService: Package com.me.smsrpg does NOT conflict with any policy.
02-28 17:28:19.284   465   807 I ActivityManager: Start proc com.android.keychain for broadcast com.android.keychain/.KeyChainBroadcastReceiver: pid=10919 uid=1000 gids={3003, 1015, 3002, 3001, 1028, 9009, 1004, 2002, 9000, 9002, 9004, 3007, 3005}
02-28 17:28:19.300   226  2881 D MotDrmPlugIn: MotDrmPlugIn::onSetOnInfoListener : 5641
02-28 17:28:19.300   226  2800 D MotDrmPlugIn: MotDrmPlugIn::onOpenDecryptSession by fd : 11
02-28 17:28:19.300   226  2800 D         : filename = /system/media/audio/notifications/Droid.ogg
02-28 17:28:19.308 10919 10919 E Trace   : error opening trace file: No such file or directory (2)
02-28 17:28:19.315   227 31095 I AwesomePlayer: setDataSource_l, relinquish mLock to avoid blocking at http playback
02-28 17:28:19.315   227 10931 I OMXCodec: isAudio=1, mMIME=audio/vorbis
02-28 17:28:19.315   227 10931 D OMXCodec: Try to get codec specific data...
02-28 17:28:19.315   227 10931 I OMX     : node=220, cmd=0, param=2
02-28 17:28:19.323   227 10932 I OMX     : OnEvent(0, 0, 2)
02-28 17:28:19.323   227 10933 I OMX     : node=220, cmd=0, param=3
02-28 17:28:19.323   227 10932 I OMX     : OnEvent(0, 0, 3)
02-28 17:28:19.323 10904 10916 D Ringtone: Successfully created local player
02-28 17:28:19.323   227 31095 I OMX     : node=220, cmd=0, param=2
02-28 17:28:19.323   227 10932 I OMX     : OnEvent(0, 0, 2)
02-28 17:28:19.323   227 10933 I OMX     : node=220, cmd=0, param=1
02-28 17:28:19.323   227 10932 I OMX     : OnEvent(0, 0, 1)
02-28 17:28:19.331   227 10933 W libutils.threads: Thread (this=0x41c018b0): don't call join() from this Thread object's thread. It's a guaranteed deadlock!
02-28 17:28:19.331 10904 10916 E MediaPlayer: Uri is  content://settings/system/notification_sound
02-28 17:28:19.354   226  2881 D MotDrmPlugIn: MotDrmPlugIn::onSetOnInfoListener : 5641
02-28 17:28:19.354   226  2800 D MotDrmPlugIn: MotDrmPlugIn::onOpenDecryptSession by fd : 11
02-28 17:28:19.354   226  2800 D         : filename = /system/media/audio/notifications/Droid.ogg
02-28 17:28:19.362   227   227 I AwesomePlayer: setDataSource_l, relinquish mLock to avoid blocking at http playback
02-28 17:28:19.370   227 10934 I OMXCodec: isAudio=1, mMIME=audio/vorbis
02-28 17:28:19.370   227 10934 D OMXCodec: Try to get codec specific data...
02-28 17:28:19.370   227 10934 I OMX     : node=221, cmd=0, param=2
02-28 17:28:19.386   227 10935 I OMX     : OnEvent(0, 0, 2)
02-28 17:28:19.386   227 10936 I OMX     : node=221, cmd=0, param=3
02-28 17:28:19.386   227 10935 I OMX     : OnEvent(0, 0, 3)
02-28 17:28:19.386 10904 10916 D Ringtone: Successfully created local player
02-28 17:28:19.425   465 